[0.085s] DEBUG:colcon:Command line arguments: ['/usr/bin/colcon', 'build', '--cmake-args', '-DUSE_LIFECYCLE_NODE=OFF']
[0.085s] DEBUG:colcon:Parsed command line arguments: Namespace(log_base=None, log_level=None, verb_name='build', build_base='build', install_base='install', merge_install=False, symlink_install=False, test_result_base=None, continue_on_error=False, executor='parallel', parallel_workers=16, event_handlers=None, ignore_user_meta=False, metas=['./colcon.meta'], base_paths=['.'], packages_ignore=None, packages_ignore_regex=None, paths=None, packages_up_to=None, packages_up_to_regex=None, packages_above=None, packages_above_and_dependencies=None, packages_above_depth=None, packages_select_by_dep=None, packages_skip_by_dep=None, packages_skip_up_to=None, packages_select_build_failed=False, packages_skip_build_finished=False, packages_select_test_failures=False, packages_skip_test_passed=False, packages_select=None, packages_skip=None, packages_select_regex=None, packages_skip_regex=None, packages_start=None, packages_end=None, allow_overriding=[], cmake_args=['-DUSE_LIFECYCLE_NODE=OFF'], cmake_target=None, cmake_target_skip_unavailable=False, cmake_clean_cache=False, cmake_clean_first=False, cmake_force_configure=False, ament_cmake_args=None, catkin_cmake_args=None, catkin_skip_building_tests=False, verb_parser=<colcon_defaults.argument_parser.defaults.DefaultArgumentsDecorator object at 0x75942c51b0b0>, verb_extension=<colcon_core.verb.build.BuildVerb object at 0x75942c677bc0>, main=<bound method BuildVerb.main of <colcon_core.verb.build.BuildVerb object at 0x75942c677bc0>>)
[0.121s] Level 1:colcon.colcon_core.package_discovery:discover_packages(colcon_meta) check parameters
[0.121s] Level 1:colcon.colcon_core.package_discovery:discover_packages(recursive) check parameters
[0.121s] Level 1:colcon.colcon_core.package_discovery:discover_packages(ignore) check parameters
[0.121s] Level 1:colcon.colcon_core.package_discovery:discover_packages(path) check parameters
[0.121s] Level 1:colcon.colcon_core.package_discovery:discover_packages(colcon_meta) discover
[0.121s] Level 1:colcon.colcon_core.package_discovery:discover_packages(recursive) discover
[0.121s] INFO:colcon.colcon_core.package_discovery:Crawling recursively for packages in '/workspaces/isaac_ros-dev'
[0.121s] Level 1:colcon.colcon_core.package_identification:_identify(.) by extensions ['ignore', 'ignore_ament_install']
[0.121s] Level 1:colcon.colcon_core.package_identification:_identify(.) by extension 'ignore'
[0.122s] Level 1:colcon.colcon_core.package_identification:_identify(.) by extension 'ignore_ament_install'
[0.122s] Level 1:colcon.colcon_core.package_identification:_identify(.) by extensions ['colcon_pkg']
[0.122s] Level 1:colcon.colcon_core.package_identification:_identify(.) by extension 'colcon_pkg'
[0.122s] Level 1:colcon.colcon_core.package_identification:_identify(.) by extensions ['colcon_meta']
[0.122s] Level 1:colcon.colcon_core.package_identification:_identify(.) by extension 'colcon_meta'
[0.122s] Level 1:colcon.colcon_core.package_identification:_identify(.) by extensions ['ros']
[0.122s] Level 1:colcon.colcon_core.package_identification:_identify(.) by extension 'ros'
[0.142s] Level 1:colcon.colcon_core.package_identification:_identify(.) by extensions ['cmake', 'python']
[0.142s] Level 1:colcon.colcon_core.package_identification:_identify(.) by extension 'cmake'
[0.143s] Level 1:colcon.colcon_core.package_identification:_identify(.) by extension 'python'
[0.143s] Level 1:colcon.colcon_core.package_identification:_identify(.) by extensions ['python_setup_py']
[0.143s] Level 1:colcon.colcon_core.package_identification:_identify(.) by extension 'python_setup_py'
[0.143s] Level 1:colcon.colcon_core.package_identification:_identify(build) by extensions ['ignore', 'ignore_ament_install']
[0.143s] Level 1:colcon.colcon_core.package_identification:_identify(build) by extension 'ignore'
[0.143s] Level 1:colcon.colcon_core.package_identification:_identify(build) ignored
[0.143s] Level 1:colcon.colcon_core.package_identification:_identify(install) by extensions ['ignore', 'ignore_ament_install']
[0.143s] Level 1:colcon.colcon_core.package_identification:_identify(install) by extension 'ignore'
[0.143s] Level 1:colcon.colcon_core.package_identification:_identify(install) ignored
[0.143s] Level 1:colcon.colcon_core.package_identification:_identify(log) by extensions ['ignore', 'ignore_ament_install']
[0.143s] Level 1:colcon.colcon_core.package_identification:_identify(log) by extension 'ignore'
[0.143s] Level 1:colcon.colcon_core.package_identification:_identify(log) ignored
[0.144s] Level 1:colcon.colcon_core.package_identification:_identify(scripts) by extensions ['ignore', 'ignore_ament_install']
[0.144s] Level 1:colcon.colcon_core.package_identification:_identify(scripts) by extension 'ignore'
[0.144s] Level 1:colcon.colcon_core.package_identification:_identify(scripts) by extension 'ignore_ament_install'
[0.144s] Level 1:colcon.colcon_core.package_identification:_identify(scripts) by extensions ['colcon_pkg']
[0.144s] Level 1:colcon.colcon_core.package_identification:_identify(scripts) by extension 'colcon_pkg'
[0.144s] Level 1:colcon.colcon_core.package_identification:_identify(scripts) by extensions ['colcon_meta']
[0.144s] Level 1:colcon.colcon_core.package_identification:_identify(scripts) by extension 'colcon_meta'
[0.144s] Level 1:colcon.colcon_core.package_identification:_identify(scripts) by extensions ['ros']
[0.144s] Level 1:colcon.colcon_core.package_identification:_identify(scripts) by extension 'ros'
[0.144s] Level 1:colcon.colcon_core.package_identification:_identify(scripts) by extensions ['cmake', 'python']
[0.144s] Level 1:colcon.colcon_core.package_identification:_identify(scripts) by extension 'cmake'
[0.144s] Level 1:colcon.colcon_core.package_identification:_identify(scripts) by extension 'python'
[0.144s] Level 1:colcon.colcon_core.package_identification:_identify(scripts) by extensions ['python_setup_py']
[0.144s] Level 1:colcon.colcon_core.package_identification:_identify(scripts) by extension 'python_setup_py'
[0.144s] Level 1:colcon.colcon_core.package_identification:_identify(src) by extensions ['ignore', 'ignore_ament_install']
[0.144s] Level 1:colcon.colcon_core.package_identification:_identify(src) by extension 'ignore'
[0.144s] Level 1:colcon.colcon_core.package_identification:_identify(src) by extension 'ignore_ament_install'
[0.144s] Level 1:colcon.colcon_core.package_identification:_identify(src) by extensions ['colcon_pkg']
[0.145s] Level 1:colcon.colcon_core.package_identification:_identify(src) by extension 'colcon_pkg'
[0.145s] Level 1:colcon.colcon_core.package_identification:_identify(src) by extensions ['colcon_meta']
[0.145s] Level 1:colcon.colcon_core.package_identification:_identify(src) by extension 'colcon_meta'
[0.145s] Level 1:colcon.colcon_core.package_identification:_identify(src) by extensions ['ros']
[0.145s] Level 1:colcon.colcon_core.package_identification:_identify(src) by extension 'ros'
[0.145s] Level 1:colcon.colcon_core.package_identification:_identify(src) by extensions ['cmake', 'python']
[0.145s] Level 1:colcon.colcon_core.package_identification:_identify(src) by extension 'cmake'
[0.145s] Level 1:colcon.colcon_core.package_identification:_identify(src) by extension 'python'
[0.145s] Level 1:colcon.colcon_core.package_identification:_identify(src) by extensions ['python_setup_py']
[0.145s] Level 1:colcon.colcon_core.package_identification:_identify(src) by extension 'python_setup_py'
[0.145s] Level 1:colcon.colcon_core.package_identification:_identify(src/realsense2_camera) by extensions ['ignore', 'ignore_ament_install']
[0.145s] Level 1:colcon.colcon_core.package_identification:_identify(src/realsense2_camera) by extension 'ignore'
[0.145s] Level 1:colcon.colcon_core.package_identification:_identify(src/realsense2_camera) by extension 'ignore_ament_install'
[0.145s] Level 1:colcon.colcon_core.package_identification:_identify(src/realsense2_camera) by extensions ['colcon_pkg']
[0.145s] Level 1:colcon.colcon_core.package_identification:_identify(src/realsense2_camera) by extension 'colcon_pkg'
[0.145s] Level 1:colcon.colcon_core.package_identification:_identify(src/realsense2_camera) by extensions ['colcon_meta']
[0.145s] Level 1:colcon.colcon_core.package_identification:_identify(src/realsense2_camera) by extension 'colcon_meta'
[0.145s] Level 1:colcon.colcon_core.package_identification:_identify(src/realsense2_camera) by extensions ['ros']
[0.145s] Level 1:colcon.colcon_core.package_identification:_identify(src/realsense2_camera) by extension 'ros'
[0.153s] DEBUG:colcon.colcon_core.package_identification:Package 'src/realsense2_camera' with type 'ros.ament_cmake' and name 'realsense2_camera'
[0.153s] Level 1:colcon.colcon_core.package_identification:_identify(src/realsense2_camera_msgs) by extensions ['ignore', 'ignore_ament_install']
[0.153s] Level 1:colcon.colcon_core.package_identification:_identify(src/realsense2_camera_msgs) by extension 'ignore'
[0.153s] Level 1:colcon.colcon_core.package_identification:_identify(src/realsense2_camera_msgs) by extension 'ignore_ament_install'
[0.153s] Level 1:colcon.colcon_core.package_identification:_identify(src/realsense2_camera_msgs) by extensions ['colcon_pkg']
[0.153s] Level 1:colcon.colcon_core.package_identification:_identify(src/realsense2_camera_msgs) by extension 'colcon_pkg'
[0.153s] Level 1:colcon.colcon_core.package_identification:_identify(src/realsense2_camera_msgs) by extensions ['colcon_meta']
[0.153s] Level 1:colcon.colcon_core.package_identification:_identify(src/realsense2_camera_msgs) by extension 'colcon_meta'
[0.153s] Level 1:colcon.colcon_core.package_identification:_identify(src/realsense2_camera_msgs) by extensions ['ros']
[0.153s] Level 1:colcon.colcon_core.package_identification:_identify(src/realsense2_camera_msgs) by extension 'ros'
[0.154s] DEBUG:colcon.colcon_core.package_identification:Package 'src/realsense2_camera_msgs' with type 'ros.ament_cmake' and name 'realsense2_camera_msgs'
[0.154s] Level 1:colcon.colcon_core.package_identification:_identify(src/realsense2_description) by extensions ['ignore', 'ignore_ament_install']
[0.154s] Level 1:colcon.colcon_core.package_identification:_identify(src/realsense2_description) by extension 'ignore'
[0.154s] Level 1:colcon.colcon_core.package_identification:_identify(src/realsense2_description) by extension 'ignore_ament_install'
[0.154s] Level 1:colcon.colcon_core.package_identification:_identify(src/realsense2_description) by extensions ['colcon_pkg']
[0.154s] Level 1:colcon.colcon_core.package_identification:_identify(src/realsense2_description) by extension 'colcon_pkg'
[0.154s] Level 1:colcon.colcon_core.package_identification:_identify(src/realsense2_description) by extensions ['colcon_meta']
[0.154s] Level 1:colcon.colcon_core.package_identification:_identify(src/realsense2_description) by extension 'colcon_meta'
[0.154s] Level 1:colcon.colcon_core.package_identification:_identify(src/realsense2_description) by extensions ['ros']
[0.154s] Level 1:colcon.colcon_core.package_identification:_identify(src/realsense2_description) by extension 'ros'
[0.155s] DEBUG:colcon.colcon_core.package_identification:Package 'src/realsense2_description' with type 'ros.ament_cmake' and name 'realsense2_description'
[0.155s] Level 1:colcon.colcon_core.package_discovery:discover_packages(recursive) using defaults
[0.155s] Level 1:colcon.colcon_core.package_discovery:discover_packages(ignore) discover
[0.155s] Level 1:colcon.colcon_core.package_discovery:discover_packages(ignore) using defaults
[0.155s] Level 1:colcon.colcon_core.package_discovery:discover_packages(path) discover
[0.155s] Level 1:colcon.colcon_core.package_discovery:discover_packages(path) using defaults
[0.174s] Level 1:colcon.colcon_core.package_discovery:discover_packages(prefix_path) check parameters
[0.174s] Level 1:colcon.colcon_core.package_discovery:discover_packages(prefix_path) discover
[0.176s] DEBUG:colcon.colcon_installed_package_information.package_discovery:Found 202 installed packages in /opt/ros/jazzy
[0.177s] Level 1:colcon.colcon_core.package_discovery:discover_packages(prefix_path) using defaults
[0.201s] Level 5:colcon.colcon_core.verb:set package 'realsense2_camera_msgs' build argument 'cmake_args' from command line to '['-DUSE_LIFECYCLE_NODE=OFF']'
[0.201s] Level 5:colcon.colcon_core.verb:set package 'realsense2_camera_msgs' build argument 'cmake_target' from command line to 'None'
[0.201s] Level 5:colcon.colcon_core.verb:set package 'realsense2_camera_msgs' build argument 'cmake_target_skip_unavailable' from command line to 'False'
[0.201s] Level 5:colcon.colcon_core.verb:set package 'realsense2_camera_msgs' build argument 'cmake_clean_cache' from command line to 'False'
[0.201s] Level 5:colcon.colcon_core.verb:set package 'realsense2_camera_msgs' build argument 'cmake_clean_first' from command line to 'False'
[0.201s] Level 5:colcon.colcon_core.verb:set package 'realsense2_camera_msgs' build argument 'cmake_force_configure' from command line to 'False'
[0.201s] Level 5:colcon.colcon_core.verb:set package 'realsense2_camera_msgs' build argument 'ament_cmake_args' from command line to 'None'
[0.201s] Level 5:colcon.colcon_core.verb:set package 'realsense2_camera_msgs' build argument 'catkin_cmake_args' from command line to 'None'
[0.201s] Level 5:colcon.colcon_core.verb:set package 'realsense2_camera_msgs' build argument 'catkin_skip_building_tests' from command line to 'False'
[0.201s] DEBUG:colcon.colcon_core.verb:Building package 'realsense2_camera_msgs' with the following arguments: {'ament_cmake_args': None, 'build_base': '/workspaces/isaac_ros-dev/build/realsense2_camera_msgs', 'catkin_cmake_args': None, 'catkin_skip_building_tests': False, 'cmake_args': ['-DUSE_LIFECYCLE_NODE=OFF'], 'cmake_clean_cache': False, 'cmake_clean_first': False, 'cmake_force_configure': False, 'cmake_target': None, 'cmake_target_skip_unavailable': False, 'install_base': '/workspaces/isaac_ros-dev/install/realsense2_camera_msgs', 'merge_install': False, 'path': '/workspaces/isaac_ros-dev/src/realsense2_camera_msgs', 'symlink_install': False, 'test_result_base': None}
[0.202s] Level 5:colcon.colcon_core.verb:set package 'realsense2_camera' build argument 'cmake_args' from command line to '['-DUSE_LIFECYCLE_NODE=OFF']'
[0.202s] Level 5:colcon.colcon_core.verb:set package 'realsense2_camera' build argument 'cmake_target' from command line to 'None'
[0.202s] Level 5:colcon.colcon_core.verb:set package 'realsense2_camera' build argument 'cmake_target_skip_unavailable' from command line to 'False'
[0.202s] Level 5:colcon.colcon_core.verb:set package 'realsense2_camera' build argument 'cmake_clean_cache' from command line to 'False'
[0.202s] Level 5:colcon.colcon_core.verb:set package 'realsense2_camera' build argument 'cmake_clean_first' from command line to 'False'
[0.202s] Level 5:colcon.colcon_core.verb:set package 'realsense2_camera' build argument 'cmake_force_configure' from command line to 'False'
[0.202s] Level 5:colcon.colcon_core.verb:set package 'realsense2_camera' build argument 'ament_cmake_args' from command line to 'None'
[0.202s] Level 5:colcon.colcon_core.verb:set package 'realsense2_camera' build argument 'catkin_cmake_args' from command line to 'None'
[0.202s] Level 5:colcon.colcon_core.verb:set package 'realsense2_camera' build argument 'catkin_skip_building_tests' from command line to 'False'
[0.202s] DEBUG:colcon.colcon_core.verb:Building package 'realsense2_camera' with the following arguments: {'ament_cmake_args': None, 'build_base': '/workspaces/isaac_ros-dev/build/realsense2_camera', 'catkin_cmake_args': None, 'catkin_skip_building_tests': False, 'cmake_args': ['-DUSE_LIFECYCLE_NODE=OFF'], 'cmake_clean_cache': False, 'cmake_clean_first': False, 'cmake_force_configure': False, 'cmake_target': None, 'cmake_target_skip_unavailable': False, 'install_base': '/workspaces/isaac_ros-dev/install/realsense2_camera', 'merge_install': False, 'path': '/workspaces/isaac_ros-dev/src/realsense2_camera', 'symlink_install': False, 'test_result_base': None}
[0.202s] Level 5:colcon.colcon_core.verb:set package 'realsense2_description' build argument 'cmake_args' from command line to '['-DUSE_LIFECYCLE_NODE=OFF']'
[0.202s] Level 5:colcon.colcon_core.verb:set package 'realsense2_description' build argument 'cmake_target' from command line to 'None'
[0.202s] Level 5:colcon.colcon_core.verb:set package 'realsense2_description' build argument 'cmake_target_skip_unavailable' from command line to 'False'
[0.202s] Level 5:colcon.colcon_core.verb:set package 'realsense2_description' build argument 'cmake_clean_cache' from command line to 'False'
[0.202s] Level 5:colcon.colcon_core.verb:set package 'realsense2_description' build argument 'cmake_clean_first' from command line to 'False'
[0.202s] Level 5:colcon.colcon_core.verb:set package 'realsense2_description' build argument 'cmake_force_configure' from command line to 'False'
[0.202s] Level 5:colcon.colcon_core.verb:set package 'realsense2_description' build argument 'ament_cmake_args' from command line to 'None'
[0.202s] Level 5:colcon.colcon_core.verb:set package 'realsense2_description' build argument 'catkin_cmake_args' from command line to 'None'
[0.202s] Level 5:colcon.colcon_core.verb:set package 'realsense2_description' build argument 'catkin_skip_building_tests' from command line to 'False'
[0.202s] DEBUG:colcon.colcon_core.verb:Building package 'realsense2_description' with the following arguments: {'ament_cmake_args': None, 'build_base': '/workspaces/isaac_ros-dev/build/realsense2_description', 'catkin_cmake_args': None, 'catkin_skip_building_tests': False, 'cmake_args': ['-DUSE_LIFECYCLE_NODE=OFF'], 'cmake_clean_cache': False, 'cmake_clean_first': False, 'cmake_force_configure': False, 'cmake_target': None, 'cmake_target_skip_unavailable': False, 'install_base': '/workspaces/isaac_ros-dev/install/realsense2_description', 'merge_install': False, 'path': '/workspaces/isaac_ros-dev/src/realsense2_description', 'symlink_install': False, 'test_result_base': None}
[0.202s] INFO:colcon.colcon_core.executor:Executing jobs using 'parallel' executor
[0.203s] DEBUG:colcon.colcon_parallel_executor.executor.parallel:run_until_complete
[0.203s] INFO:colcon.colcon_ros.task.ament_cmake.build:Building ROS package in '/workspaces/isaac_ros-dev/src/realsense2_camera_msgs' with build type 'ament_cmake'
[0.203s] INFO:colcon.colcon_cmake.task.cmake.build:Building CMake package in '/workspaces/isaac_ros-dev/src/realsense2_camera_msgs'
[0.205s] INFO:colcon.colcon_core.plugin_system:Skipping extension 'colcon_core.shell.bat': Not used on non-Windows systems
[0.205s] INFO:colcon.colcon_core.shell:Skip shell extension 'powershell' for command environment: Not usable outside of PowerShell
[0.205s] DEBUG:colcon.colcon_core.shell:Skip shell extension 'dsv' for command environment
[0.214s] DEBUG:colcon.colcon_core.event_handler.log_command:Invoking command in '/workspaces/isaac_ros-dev/build/realsense2_camera_msgs': CMAKE_PREFIX_PATH=/opt/ros/jazzy /usr/bin/cmake /workspaces/isaac_ros-dev/src/realsense2_camera_msgs -DUSE_LIFECYCLE_NODE=OFF -DCMAKE_INSTALL_PREFIX=/workspaces/isaac_ros-dev/install/realsense2_camera_msgs
[3.146s] DEBUG:colcon.colcon_core.event_handler.log_command:Invoked command in '/workspaces/isaac_ros-dev/build/realsense2_camera_msgs' returned '0': CMAKE_PREFIX_PATH=/opt/ros/jazzy /usr/bin/cmake /workspaces/isaac_ros-dev/src/realsense2_camera_msgs -DUSE_LIFECYCLE_NODE=OFF -DCMAKE_INSTALL_PREFIX=/workspaces/isaac_ros-dev/install/realsense2_camera_msgs
[3.147s] DEBUG:colcon.colcon_core.event_handler.log_command:Invoking command in '/workspaces/isaac_ros-dev/build/realsense2_camera_msgs': CMAKE_PREFIX_PATH=/opt/ros/jazzy /usr/bin/cmake --build /workspaces/isaac_ros-dev/build/realsense2_camera_msgs -- -j16 -l16
[6.704s] DEBUG:colcon.colcon_core.event_handler.log_command:Invoked command in '/workspaces/isaac_ros-dev/build/realsense2_camera_msgs' returned '0': CMAKE_PREFIX_PATH=/opt/ros/jazzy /usr/bin/cmake --build /workspaces/isaac_ros-dev/build/realsense2_camera_msgs -- -j16 -l16
[6.713s] DEBUG:colcon.colcon_core.event_handler.log_command:Invoking command in '/workspaces/isaac_ros-dev/build/realsense2_camera_msgs': CMAKE_PREFIX_PATH=/opt/ros/jazzy /usr/bin/cmake --install /workspaces/isaac_ros-dev/build/realsense2_camera_msgs
[6.804s] Level 1:colcon.colcon_core.environment:create_environment_scripts_only(realsense2_camera_msgs)
[6.805s] DEBUG:colcon.colcon_core.event_handler.log_command:Invoked command in '/workspaces/isaac_ros-dev/build/realsense2_camera_msgs' returned '0': CMAKE_PREFIX_PATH=/opt/ros/jazzy /usr/bin/cmake --install /workspaces/isaac_ros-dev/build/realsense2_camera_msgs
[6.807s] Level 1:colcon.colcon_core.environment:checking '/workspaces/isaac_ros-dev/install/realsense2_camera_msgs' for CMake module files
[6.807s] Level 1:colcon.colcon_core.environment:checking '/workspaces/isaac_ros-dev/install/realsense2_camera_msgs' for CMake config files
[6.808s] Level 1:colcon.colcon_core.shell:create_environment_hook('realsense2_camera_msgs', 'cmake_prefix_path')
[6.808s] INFO:colcon.colcon_core.shell:Creating environment hook '/workspaces/isaac_ros-dev/install/realsense2_camera_msgs/share/realsense2_camera_msgs/hook/cmake_prefix_path.ps1'
[6.808s] INFO:colcon.colcon_core.shell:Creating environment descriptor '/workspaces/isaac_ros-dev/install/realsense2_camera_msgs/share/realsense2_camera_msgs/hook/cmake_prefix_path.dsv'
[6.809s] INFO:colcon.colcon_core.shell:Creating environment hook '/workspaces/isaac_ros-dev/install/realsense2_camera_msgs/share/realsense2_camera_msgs/hook/cmake_prefix_path.sh'
[6.809s] Level 1:colcon.colcon_core.environment:checking '/workspaces/isaac_ros-dev/install/realsense2_camera_msgs/lib'
[6.810s] Level 1:colcon.colcon_core.shell:create_environment_hook('realsense2_camera_msgs', 'ld_library_path_lib')
[6.810s] INFO:colcon.colcon_core.shell:Creating environment hook '/workspaces/isaac_ros-dev/install/realsense2_camera_msgs/share/realsense2_camera_msgs/hook/ld_library_path_lib.ps1'
[6.810s] INFO:colcon.colcon_core.shell:Creating environment descriptor '/workspaces/isaac_ros-dev/install/realsense2_camera_msgs/share/realsense2_camera_msgs/hook/ld_library_path_lib.dsv'
[6.810s] INFO:colcon.colcon_core.shell:Creating environment hook '/workspaces/isaac_ros-dev/install/realsense2_camera_msgs/share/realsense2_camera_msgs/hook/ld_library_path_lib.sh'
[6.810s] Level 1:colcon.colcon_core.environment:checking '/workspaces/isaac_ros-dev/install/realsense2_camera_msgs/bin'
[6.811s] Level 1:colcon.colcon_core.environment:checking '/workspaces/isaac_ros-dev/install/realsense2_camera_msgs/lib/pkgconfig/realsense2_camera_msgs.pc'
[6.811s] Level 1:colcon.colcon_core.environment:checking '/workspaces/isaac_ros-dev/install/realsense2_camera_msgs/lib/python3.12/site-packages'
[6.811s] Level 1:colcon.colcon_core.shell:create_environment_hook('realsense2_camera_msgs', 'pythonpath')
[6.811s] INFO:colcon.colcon_core.shell:Creating environment hook '/workspaces/isaac_ros-dev/install/realsense2_camera_msgs/share/realsense2_camera_msgs/hook/pythonpath.ps1'
[6.811s] INFO:colcon.colcon_core.shell:Creating environment descriptor '/workspaces/isaac_ros-dev/install/realsense2_camera_msgs/share/realsense2_camera_msgs/hook/pythonpath.dsv'
[6.811s] INFO:colcon.colcon_core.shell:Creating environment hook '/workspaces/isaac_ros-dev/install/realsense2_camera_msgs/share/realsense2_camera_msgs/hook/pythonpath.sh'
[6.812s] Level 1:colcon.colcon_core.environment:checking '/workspaces/isaac_ros-dev/install/realsense2_camera_msgs/bin'
[6.812s] INFO:colcon.colcon_core.shell:Creating package script '/workspaces/isaac_ros-dev/install/realsense2_camera_msgs/share/realsense2_camera_msgs/package.ps1'
[6.813s] INFO:colcon.colcon_core.shell:Creating package descriptor '/workspaces/isaac_ros-dev/install/realsense2_camera_msgs/share/realsense2_camera_msgs/package.dsv'
[6.814s] INFO:colcon.colcon_core.shell:Creating package script '/workspaces/isaac_ros-dev/install/realsense2_camera_msgs/share/realsense2_camera_msgs/package.sh'
[6.814s] INFO:colcon.colcon_core.shell:Creating package script '/workspaces/isaac_ros-dev/install/realsense2_camera_msgs/share/realsense2_camera_msgs/package.bash'
[6.815s] INFO:colcon.colcon_core.shell:Creating package script '/workspaces/isaac_ros-dev/install/realsense2_camera_msgs/share/realsense2_camera_msgs/package.zsh'
[6.815s] Level 1:colcon.colcon_core.environment:create_file_with_runtime_dependencies(/workspaces/isaac_ros-dev/install/realsense2_camera_msgs/share/colcon-core/packages/realsense2_camera_msgs)
[6.815s] Level 1:colcon.colcon_core.environment:create_environment_scripts_only(realsense2_camera_msgs)
[6.816s] Level 1:colcon.colcon_core.environment:checking '/workspaces/isaac_ros-dev/install/realsense2_camera_msgs' for CMake module files
[6.816s] Level 1:colcon.colcon_core.environment:checking '/workspaces/isaac_ros-dev/install/realsense2_camera_msgs' for CMake config files
[6.817s] Level 1:colcon.colcon_core.shell:create_environment_hook('realsense2_camera_msgs', 'cmake_prefix_path')
[6.817s] INFO:colcon.colcon_core.shell:Creating environment hook '/workspaces/isaac_ros-dev/install/realsense2_camera_msgs/share/realsense2_camera_msgs/hook/cmake_prefix_path.ps1'
[6.817s] INFO:colcon.colcon_core.shell:Creating environment descriptor '/workspaces/isaac_ros-dev/install/realsense2_camera_msgs/share/realsense2_camera_msgs/hook/cmake_prefix_path.dsv'
[6.817s] INFO:colcon.colcon_core.shell:Creating environment hook '/workspaces/isaac_ros-dev/install/realsense2_camera_msgs/share/realsense2_camera_msgs/hook/cmake_prefix_path.sh'
[6.818s] Level 1:colcon.colcon_core.environment:checking '/workspaces/isaac_ros-dev/install/realsense2_camera_msgs/lib'
[6.818s] Level 1:colcon.colcon_core.shell:create_environment_hook('realsense2_camera_msgs', 'ld_library_path_lib')
[6.818s] INFO:colcon.colcon_core.shell:Creating environment hook '/workspaces/isaac_ros-dev/install/realsense2_camera_msgs/share/realsense2_camera_msgs/hook/ld_library_path_lib.ps1'
[6.819s] INFO:colcon.colcon_core.shell:Creating environment descriptor '/workspaces/isaac_ros-dev/install/realsense2_camera_msgs/share/realsense2_camera_msgs/hook/ld_library_path_lib.dsv'
[6.819s] INFO:colcon.colcon_core.shell:Creating environment hook '/workspaces/isaac_ros-dev/install/realsense2_camera_msgs/share/realsense2_camera_msgs/hook/ld_library_path_lib.sh'
[6.819s] Level 1:colcon.colcon_core.environment:checking '/workspaces/isaac_ros-dev/install/realsense2_camera_msgs/bin'
[6.819s] Level 1:colcon.colcon_core.environment:checking '/workspaces/isaac_ros-dev/install/realsense2_camera_msgs/lib/pkgconfig/realsense2_camera_msgs.pc'
[6.819s] Level 1:colcon.colcon_core.environment:checking '/workspaces/isaac_ros-dev/install/realsense2_camera_msgs/lib/python3.12/site-packages'
[6.820s] Level 1:colcon.colcon_core.shell:create_environment_hook('realsense2_camera_msgs', 'pythonpath')
[6.820s] INFO:colcon.colcon_core.shell:Creating environment hook '/workspaces/isaac_ros-dev/install/realsense2_camera_msgs/share/realsense2_camera_msgs/hook/pythonpath.ps1'
[6.820s] INFO:colcon.colcon_core.shell:Creating environment descriptor '/workspaces/isaac_ros-dev/install/realsense2_camera_msgs/share/realsense2_camera_msgs/hook/pythonpath.dsv'
[6.820s] INFO:colcon.colcon_core.shell:Creating environment hook '/workspaces/isaac_ros-dev/install/realsense2_camera_msgs/share/realsense2_camera_msgs/hook/pythonpath.sh'
[6.821s] Level 1:colcon.colcon_core.environment:checking '/workspaces/isaac_ros-dev/install/realsense2_camera_msgs/bin'
[6.821s] INFO:colcon.colcon_core.shell:Creating package script '/workspaces/isaac_ros-dev/install/realsense2_camera_msgs/share/realsense2_camera_msgs/package.ps1'
[6.821s] INFO:colcon.colcon_core.shell:Creating package descriptor '/workspaces/isaac_ros-dev/install/realsense2_camera_msgs/share/realsense2_camera_msgs/package.dsv'
[6.822s] INFO:colcon.colcon_core.shell:Creating package script '/workspaces/isaac_ros-dev/install/realsense2_camera_msgs/share/realsense2_camera_msgs/package.sh'
[6.822s] INFO:colcon.colcon_core.shell:Creating package script '/workspaces/isaac_ros-dev/install/realsense2_camera_msgs/share/realsense2_camera_msgs/package.bash'
[6.823s] INFO:colcon.colcon_core.shell:Creating package script '/workspaces/isaac_ros-dev/install/realsense2_camera_msgs/share/realsense2_camera_msgs/package.zsh'
[6.823s] Level 1:colcon.colcon_core.environment:create_file_with_runtime_dependencies(/workspaces/isaac_ros-dev/install/realsense2_camera_msgs/share/colcon-core/packages/realsense2_camera_msgs)
[6.823s] INFO:colcon.colcon_ros.task.ament_cmake.build:Building ROS package in '/workspaces/isaac_ros-dev/src/realsense2_camera' with build type 'ament_cmake'
[6.823s] INFO:colcon.colcon_cmake.task.cmake.build:Building CMake package in '/workspaces/isaac_ros-dev/src/realsense2_camera'
[6.824s] INFO:colcon.colcon_core.shell:Skip shell extension 'powershell' for command environment: Not usable outside of PowerShell
[6.824s] DEBUG:colcon.colcon_core.shell:Skip shell extension 'dsv' for command environment
[6.826s] INFO:colcon.colcon_ros.task.ament_cmake.build:Building ROS package in '/workspaces/isaac_ros-dev/src/realsense2_description' with build type 'ament_cmake'
[6.827s] INFO:colcon.colcon_cmake.task.cmake.build:Building CMake package in '/workspaces/isaac_ros-dev/src/realsense2_description'
[6.827s] INFO:colcon.colcon_core.shell:Skip shell extension 'powershell' for command environment: Not usable outside of PowerShell
[6.827s] DEBUG:colcon.colcon_core.shell:Skip shell extension 'dsv' for command environment
[6.831s] DEBUG:colcon.colcon_core.event_handler.log_command:Invoking command in '/workspaces/isaac_ros-dev/build/realsense2_camera': AMENT_PREFIX_PATH=/workspaces/isaac_ros-dev/install/realsense2_camera_msgs:${AMENT_PREFIX_PATH} CMAKE_PREFIX_PATH=/workspaces/isaac_ros-dev/install/realsense2_camera_msgs:/opt/ros/jazzy LD_LIBRARY_PATH=/workspaces/isaac_ros-dev/install/realsense2_camera_msgs/lib:${LD_LIBRARY_PATH} PYTHONPATH=/workspaces/isaac_ros-dev/install/realsense2_camera_msgs/lib/python3.12/site-packages:${PYTHONPATH} /usr/bin/cmake /workspaces/isaac_ros-dev/src/realsense2_camera -DUSE_LIFECYCLE_NODE=OFF -DCMAKE_INSTALL_PREFIX=/workspaces/isaac_ros-dev/install/realsense2_camera
[6.833s] DEBUG:colcon.colcon_core.event_handler.log_command:Invoking command in '/workspaces/isaac_ros-dev/build/realsense2_description': AMENT_PREFIX_PATH=/workspaces/isaac_ros-dev/install/realsense2_camera_msgs:${AMENT_PREFIX_PATH} CMAKE_PREFIX_PATH=/workspaces/isaac_ros-dev/install/realsense2_camera_msgs:/opt/ros/jazzy LD_LIBRARY_PATH=/workspaces/isaac_ros-dev/install/realsense2_camera_msgs/lib:${LD_LIBRARY_PATH} PYTHONPATH=/workspaces/isaac_ros-dev/install/realsense2_camera_msgs/lib/python3.12/site-packages:${PYTHONPATH} /usr/bin/cmake /workspaces/isaac_ros-dev/src/realsense2_description -DUSE_LIFECYCLE_NODE=OFF -DCMAKE_INSTALL_PREFIX=/workspaces/isaac_ros-dev/install/realsense2_description
[7.418s] DEBUG:colcon.colcon_core.event_handler.log_command:Invoked command in '/workspaces/isaac_ros-dev/build/realsense2_description' returned '0': AMENT_PREFIX_PATH=/workspaces/isaac_ros-dev/install/realsense2_camera_msgs:${AMENT_PREFIX_PATH} CMAKE_PREFIX_PATH=/workspaces/isaac_ros-dev/install/realsense2_camera_msgs:/opt/ros/jazzy LD_LIBRARY_PATH=/workspaces/isaac_ros-dev/install/realsense2_camera_msgs/lib:${LD_LIBRARY_PATH} PYTHONPATH=/workspaces/isaac_ros-dev/install/realsense2_camera_msgs/lib/python3.12/site-packages:${PYTHONPATH} /usr/bin/cmake /workspaces/isaac_ros-dev/src/realsense2_description -DUSE_LIFECYCLE_NODE=OFF -DCMAKE_INSTALL_PREFIX=/workspaces/isaac_ros-dev/install/realsense2_description
[7.420s] DEBUG:colcon.colcon_core.event_handler.log_command:Invoking command in '/workspaces/isaac_ros-dev/build/realsense2_description': AMENT_PREFIX_PATH=/workspaces/isaac_ros-dev/install/realsense2_camera_msgs:${AMENT_PREFIX_PATH} CMAKE_PREFIX_PATH=/workspaces/isaac_ros-dev/install/realsense2_camera_msgs:/opt/ros/jazzy LD_LIBRARY_PATH=/workspaces/isaac_ros-dev/install/realsense2_camera_msgs/lib:${LD_LIBRARY_PATH} PYTHONPATH=/workspaces/isaac_ros-dev/install/realsense2_camera_msgs/lib/python3.12/site-packages:${PYTHONPATH} /usr/bin/cmake --build /workspaces/isaac_ros-dev/build/realsense2_description -- -j16 -l16
[7.459s] DEBUG:colcon.colcon_core.event_handler.log_command:Invoked command in '/workspaces/isaac_ros-dev/build/realsense2_description' returned '0': AMENT_PREFIX_PATH=/workspaces/isaac_ros-dev/install/realsense2_camera_msgs:${AMENT_PREFIX_PATH} CMAKE_PREFIX_PATH=/workspaces/isaac_ros-dev/install/realsense2_camera_msgs:/opt/ros/jazzy LD_LIBRARY_PATH=/workspaces/isaac_ros-dev/install/realsense2_camera_msgs/lib:${LD_LIBRARY_PATH} PYTHONPATH=/workspaces/isaac_ros-dev/install/realsense2_camera_msgs/lib/python3.12/site-packages:${PYTHONPATH} /usr/bin/cmake --build /workspaces/isaac_ros-dev/build/realsense2_description -- -j16 -l16
[7.460s] DEBUG:colcon.colcon_core.event_handler.log_command:Invoking command in '/workspaces/isaac_ros-dev/build/realsense2_description': AMENT_PREFIX_PATH=/workspaces/isaac_ros-dev/install/realsense2_camera_msgs:${AMENT_PREFIX_PATH} CMAKE_PREFIX_PATH=/workspaces/isaac_ros-dev/install/realsense2_camera_msgs:/opt/ros/jazzy LD_LIBRARY_PATH=/workspaces/isaac_ros-dev/install/realsense2_camera_msgs/lib:${LD_LIBRARY_PATH} PYTHONPATH=/workspaces/isaac_ros-dev/install/realsense2_camera_msgs/lib/python3.12/site-packages:${PYTHONPATH} /usr/bin/cmake --install /workspaces/isaac_ros-dev/build/realsense2_description
[7.534s] Level 1:colcon.colcon_core.environment:create_environment_scripts_only(realsense2_description)
[7.534s] Level 1:colcon.colcon_core.environment:checking '/workspaces/isaac_ros-dev/install/realsense2_description' for CMake module files
[7.535s] DEBUG:colcon.colcon_core.event_handler.log_command:Invoked command in '/workspaces/isaac_ros-dev/build/realsense2_description' returned '0': AMENT_PREFIX_PATH=/workspaces/isaac_ros-dev/install/realsense2_camera_msgs:${AMENT_PREFIX_PATH} CMAKE_PREFIX_PATH=/workspaces/isaac_ros-dev/install/realsense2_camera_msgs:/opt/ros/jazzy LD_LIBRARY_PATH=/workspaces/isaac_ros-dev/install/realsense2_camera_msgs/lib:${LD_LIBRARY_PATH} PYTHONPATH=/workspaces/isaac_ros-dev/install/realsense2_camera_msgs/lib/python3.12/site-packages:${PYTHONPATH} /usr/bin/cmake --install /workspaces/isaac_ros-dev/build/realsense2_description
[7.535s] Level 1:colcon.colcon_core.environment:checking '/workspaces/isaac_ros-dev/install/realsense2_description' for CMake config files
[7.535s] Level 1:colcon.colcon_core.shell:create_environment_hook('realsense2_description', 'cmake_prefix_path')
[7.535s] INFO:colcon.colcon_core.shell:Creating environment hook '/workspaces/isaac_ros-dev/install/realsense2_description/share/realsense2_description/hook/cmake_prefix_path.ps1'
[7.536s] INFO:colcon.colcon_core.shell:Creating environment descriptor '/workspaces/isaac_ros-dev/install/realsense2_description/share/realsense2_description/hook/cmake_prefix_path.dsv'
[7.536s] INFO:colcon.colcon_core.shell:Creating environment hook '/workspaces/isaac_ros-dev/install/realsense2_description/share/realsense2_description/hook/cmake_prefix_path.sh'
[7.536s] Level 1:colcon.colcon_core.environment:checking '/workspaces/isaac_ros-dev/install/realsense2_description/bin'
[7.536s] Level 1:colcon.colcon_core.environment:checking '/workspaces/isaac_ros-dev/install/realsense2_description/lib/pkgconfig/realsense2_description.pc'
[7.537s] Level 1:colcon.colcon_core.environment:checking '/workspaces/isaac_ros-dev/install/realsense2_description/lib/python3.12/site-packages'
[7.537s] Level 1:colcon.colcon_core.environment:checking '/workspaces/isaac_ros-dev/install/realsense2_description/bin'
[7.537s] INFO:colcon.colcon_core.shell:Creating package script '/workspaces/isaac_ros-dev/install/realsense2_description/share/realsense2_description/package.ps1'
[7.537s] INFO:colcon.colcon_core.shell:Creating package descriptor '/workspaces/isaac_ros-dev/install/realsense2_description/share/realsense2_description/package.dsv'
[7.538s] INFO:colcon.colcon_core.shell:Creating package script '/workspaces/isaac_ros-dev/install/realsense2_description/share/realsense2_description/package.sh'
[7.538s] INFO:colcon.colcon_core.shell:Creating package script '/workspaces/isaac_ros-dev/install/realsense2_description/share/realsense2_description/package.bash'
[7.538s] INFO:colcon.colcon_core.shell:Creating package script '/workspaces/isaac_ros-dev/install/realsense2_description/share/realsense2_description/package.zsh'
[7.539s] Level 1:colcon.colcon_core.environment:create_file_with_runtime_dependencies(/workspaces/isaac_ros-dev/install/realsense2_description/share/colcon-core/packages/realsense2_description)
[7.539s] Level 1:colcon.colcon_core.environment:create_environment_scripts_only(realsense2_description)
[7.539s] Level 1:colcon.colcon_core.environment:checking '/workspaces/isaac_ros-dev/install/realsense2_description' for CMake module files
[7.539s] Level 1:colcon.colcon_core.environment:checking '/workspaces/isaac_ros-dev/install/realsense2_description' for CMake config files
[7.540s] Level 1:colcon.colcon_core.shell:create_environment_hook('realsense2_description', 'cmake_prefix_path')
[7.540s] INFO:colcon.colcon_core.shell:Creating environment hook '/workspaces/isaac_ros-dev/install/realsense2_description/share/realsense2_description/hook/cmake_prefix_path.ps1'
[7.540s] INFO:colcon.colcon_core.shell:Creating environment descriptor '/workspaces/isaac_ros-dev/install/realsense2_description/share/realsense2_description/hook/cmake_prefix_path.dsv'
[7.540s] INFO:colcon.colcon_core.shell:Creating environment hook '/workspaces/isaac_ros-dev/install/realsense2_description/share/realsense2_description/hook/cmake_prefix_path.sh'
[7.541s] Level 1:colcon.colcon_core.environment:checking '/workspaces/isaac_ros-dev/install/realsense2_description/bin'
[7.541s] Level 1:colcon.colcon_core.environment:checking '/workspaces/isaac_ros-dev/install/realsense2_description/lib/pkgconfig/realsense2_description.pc'
[7.541s] Level 1:colcon.colcon_core.environment:checking '/workspaces/isaac_ros-dev/install/realsense2_description/lib/python3.12/site-packages'
[7.541s] Level 1:colcon.colcon_core.environment:checking '/workspaces/isaac_ros-dev/install/realsense2_description/bin'
[7.541s] INFO:colcon.colcon_core.shell:Creating package script '/workspaces/isaac_ros-dev/install/realsense2_description/share/realsense2_description/package.ps1'
[7.542s] INFO:colcon.colcon_core.shell:Creating package descriptor '/workspaces/isaac_ros-dev/install/realsense2_description/share/realsense2_description/package.dsv'
[7.542s] INFO:colcon.colcon_core.shell:Creating package script '/workspaces/isaac_ros-dev/install/realsense2_description/share/realsense2_description/package.sh'
[7.543s] INFO:colcon.colcon_core.shell:Creating package script '/workspaces/isaac_ros-dev/install/realsense2_description/share/realsense2_description/package.bash'
[7.543s] INFO:colcon.colcon_core.shell:Creating package script '/workspaces/isaac_ros-dev/install/realsense2_description/share/realsense2_description/package.zsh'
[7.543s] Level 1:colcon.colcon_core.environment:create_file_with_runtime_dependencies(/workspaces/isaac_ros-dev/install/realsense2_description/share/colcon-core/packages/realsense2_description)
[12.937s] DEBUG:colcon.colcon_core.event_handler.log_command:Invoked command in '/workspaces/isaac_ros-dev/build/realsense2_camera' returned '0': AMENT_PREFIX_PATH=/workspaces/isaac_ros-dev/install/realsense2_camera_msgs:${AMENT_PREFIX_PATH} CMAKE_PREFIX_PATH=/workspaces/isaac_ros-dev/install/realsense2_camera_msgs:/opt/ros/jazzy LD_LIBRARY_PATH=/workspaces/isaac_ros-dev/install/realsense2_camera_msgs/lib:${LD_LIBRARY_PATH} PYTHONPATH=/workspaces/isaac_ros-dev/install/realsense2_camera_msgs/lib/python3.12/site-packages:${PYTHONPATH} /usr/bin/cmake /workspaces/isaac_ros-dev/src/realsense2_camera -DUSE_LIFECYCLE_NODE=OFF -DCMAKE_INSTALL_PREFIX=/workspaces/isaac_ros-dev/install/realsense2_camera
[12.938s] DEBUG:colcon.colcon_core.event_handler.log_command:Invoking command in '/workspaces/isaac_ros-dev/build/realsense2_camera': AMENT_PREFIX_PATH=/workspaces/isaac_ros-dev/install/realsense2_camera_msgs:${AMENT_PREFIX_PATH} CMAKE_PREFIX_PATH=/workspaces/isaac_ros-dev/install/realsense2_camera_msgs:/opt/ros/jazzy LD_LIBRARY_PATH=/workspaces/isaac_ros-dev/install/realsense2_camera_msgs/lib:${LD_LIBRARY_PATH} PYTHONPATH=/workspaces/isaac_ros-dev/install/realsense2_camera_msgs/lib/python3.12/site-packages:${PYTHONPATH} /usr/bin/cmake --build /workspaces/isaac_ros-dev/build/realsense2_camera -- -j16 -l16
[31.263s] DEBUG:colcon.colcon_core.event_handler.log_command:Invoked command in '/workspaces/isaac_ros-dev/build/realsense2_camera' returned '0': AMENT_PREFIX_PATH=/workspaces/isaac_ros-dev/install/realsense2_camera_msgs:${AMENT_PREFIX_PATH} CMAKE_PREFIX_PATH=/workspaces/isaac_ros-dev/install/realsense2_camera_msgs:/opt/ros/jazzy LD_LIBRARY_PATH=/workspaces/isaac_ros-dev/install/realsense2_camera_msgs/lib:${LD_LIBRARY_PATH} PYTHONPATH=/workspaces/isaac_ros-dev/install/realsense2_camera_msgs/lib/python3.12/site-packages:${PYTHONPATH} /usr/bin/cmake --build /workspaces/isaac_ros-dev/build/realsense2_camera -- -j16 -l16
[31.264s] DEBUG:colcon.colcon_core.event_handler.log_command:Invoking command in '/workspaces/isaac_ros-dev/build/realsense2_camera': AMENT_PREFIX_PATH=/workspaces/isaac_ros-dev/install/realsense2_camera_msgs:${AMENT_PREFIX_PATH} CMAKE_PREFIX_PATH=/workspaces/isaac_ros-dev/install/realsense2_camera_msgs:/opt/ros/jazzy LD_LIBRARY_PATH=/workspaces/isaac_ros-dev/install/realsense2_camera_msgs/lib:${LD_LIBRARY_PATH} PYTHONPATH=/workspaces/isaac_ros-dev/install/realsense2_camera_msgs/lib/python3.12/site-packages:${PYTHONPATH} /usr/bin/cmake --install /workspaces/isaac_ros-dev/build/realsense2_camera
[31.288s] Level 1:colcon.colcon_core.environment:create_environment_scripts_only(realsense2_camera)
[31.288s] Level 1:colcon.colcon_core.environment:checking '/workspaces/isaac_ros-dev/install/realsense2_camera' for CMake module files
[31.288s] DEBUG:colcon.colcon_core.event_handler.log_command:Invoked command in '/workspaces/isaac_ros-dev/build/realsense2_camera' returned '0': AMENT_PREFIX_PATH=/workspaces/isaac_ros-dev/install/realsense2_camera_msgs:${AMENT_PREFIX_PATH} CMAKE_PREFIX_PATH=/workspaces/isaac_ros-dev/install/realsense2_camera_msgs:/opt/ros/jazzy LD_LIBRARY_PATH=/workspaces/isaac_ros-dev/install/realsense2_camera_msgs/lib:${LD_LIBRARY_PATH} PYTHONPATH=/workspaces/isaac_ros-dev/install/realsense2_camera_msgs/lib/python3.12/site-packages:${PYTHONPATH} /usr/bin/cmake --install /workspaces/isaac_ros-dev/build/realsense2_camera
[31.289s] Level 1:colcon.colcon_core.environment:checking '/workspaces/isaac_ros-dev/install/realsense2_camera' for CMake config files
[31.289s] Level 1:colcon.colcon_core.shell:create_environment_hook('realsense2_camera', 'cmake_prefix_path')
[31.289s] INFO:colcon.colcon_core.shell:Creating environment hook '/workspaces/isaac_ros-dev/install/realsense2_camera/share/realsense2_camera/hook/cmake_prefix_path.ps1'
[31.290s] INFO:colcon.colcon_core.shell:Creating environment descriptor '/workspaces/isaac_ros-dev/install/realsense2_camera/share/realsense2_camera/hook/cmake_prefix_path.dsv'
[31.290s] INFO:colcon.colcon_core.shell:Creating environment hook '/workspaces/isaac_ros-dev/install/realsense2_camera/share/realsense2_camera/hook/cmake_prefix_path.sh'
[31.290s] Level 1:colcon.colcon_core.environment:checking '/workspaces/isaac_ros-dev/install/realsense2_camera/lib'
[31.290s] Level 1:colcon.colcon_core.shell:create_environment_hook('realsense2_camera', 'ld_library_path_lib')
[31.291s] INFO:colcon.colcon_core.shell:Creating environment hook '/workspaces/isaac_ros-dev/install/realsense2_camera/share/realsense2_camera/hook/ld_library_path_lib.ps1'
[31.291s] INFO:colcon.colcon_core.shell:Creating environment descriptor '/workspaces/isaac_ros-dev/install/realsense2_camera/share/realsense2_camera/hook/ld_library_path_lib.dsv'
[31.291s] INFO:colcon.colcon_core.shell:Creating environment hook '/workspaces/isaac_ros-dev/install/realsense2_camera/share/realsense2_camera/hook/ld_library_path_lib.sh'
[31.291s] Level 1:colcon.colcon_core.environment:checking '/workspaces/isaac_ros-dev/install/realsense2_camera/bin'
[31.291s] Level 1:colcon.colcon_core.environment:checking '/workspaces/isaac_ros-dev/install/realsense2_camera/lib/pkgconfig/realsense2_camera.pc'
[31.292s] Level 1:colcon.colcon_core.environment:checking '/workspaces/isaac_ros-dev/install/realsense2_camera/lib/python3.12/site-packages'
[31.292s] Level 1:colcon.colcon_core.environment:checking '/workspaces/isaac_ros-dev/install/realsense2_camera/bin'
[31.292s] INFO:colcon.colcon_core.shell:Creating package script '/workspaces/isaac_ros-dev/install/realsense2_camera/share/realsense2_camera/package.ps1'
[31.292s] INFO:colcon.colcon_core.shell:Creating package descriptor '/workspaces/isaac_ros-dev/install/realsense2_camera/share/realsense2_camera/package.dsv'
[31.293s] INFO:colcon.colcon_core.shell:Creating package script '/workspaces/isaac_ros-dev/install/realsense2_camera/share/realsense2_camera/package.sh'
[31.293s] INFO:colcon.colcon_core.shell:Creating package script '/workspaces/isaac_ros-dev/install/realsense2_camera/share/realsense2_camera/package.bash'
[31.293s] INFO:colcon.colcon_core.shell:Creating package script '/workspaces/isaac_ros-dev/install/realsense2_camera/share/realsense2_camera/package.zsh'
[31.294s] Level 1:colcon.colcon_core.environment:create_file_with_runtime_dependencies(/workspaces/isaac_ros-dev/install/realsense2_camera/share/colcon-core/packages/realsense2_camera)
[31.294s] Level 1:colcon.colcon_core.environment:create_environment_scripts_only(realsense2_camera)
[31.294s] Level 1:colcon.colcon_core.environment:checking '/workspaces/isaac_ros-dev/install/realsense2_camera' for CMake module files
[31.295s] Level 1:colcon.colcon_core.environment:checking '/workspaces/isaac_ros-dev/install/realsense2_camera' for CMake config files
[31.295s] Level 1:colcon.colcon_core.shell:create_environment_hook('realsense2_camera', 'cmake_prefix_path')
[31.295s] INFO:colcon.colcon_core.shell:Creating environment hook '/workspaces/isaac_ros-dev/install/realsense2_camera/share/realsense2_camera/hook/cmake_prefix_path.ps1'
[31.296s] INFO:colcon.colcon_core.shell:Creating environment descriptor '/workspaces/isaac_ros-dev/install/realsense2_camera/share/realsense2_camera/hook/cmake_prefix_path.dsv'
[31.296s] INFO:colcon.colcon_core.shell:Creating environment hook '/workspaces/isaac_ros-dev/install/realsense2_camera/share/realsense2_camera/hook/cmake_prefix_path.sh'
[31.296s] Level 1:colcon.colcon_core.environment:checking '/workspaces/isaac_ros-dev/install/realsense2_camera/lib'
[31.296s] Level 1:colcon.colcon_core.shell:create_environment_hook('realsense2_camera', 'ld_library_path_lib')
[31.296s] INFO:colcon.colcon_core.shell:Creating environment hook '/workspaces/isaac_ros-dev/install/realsense2_camera/share/realsense2_camera/hook/ld_library_path_lib.ps1'
[31.297s] INFO:colcon.colcon_core.shell:Creating environment descriptor '/workspaces/isaac_ros-dev/install/realsense2_camera/share/realsense2_camera/hook/ld_library_path_lib.dsv'
[31.297s] INFO:colcon.colcon_core.shell:Creating environment hook '/workspaces/isaac_ros-dev/install/realsense2_camera/share/realsense2_camera/hook/ld_library_path_lib.sh'
[31.297s] Level 1:colcon.colcon_core.environment:checking '/workspaces/isaac_ros-dev/install/realsense2_camera/bin'
[31.297s] Level 1:colcon.colcon_core.environment:checking '/workspaces/isaac_ros-dev/install/realsense2_camera/lib/pkgconfig/realsense2_camera.pc'
[31.298s] Level 1:colcon.colcon_core.environment:checking '/workspaces/isaac_ros-dev/install/realsense2_camera/lib/python3.12/site-packages'
[31.298s] Level 1:colcon.colcon_core.environment:checking '/workspaces/isaac_ros-dev/install/realsense2_camera/bin'
[31.298s] INFO:colcon.colcon_core.shell:Creating package script '/workspaces/isaac_ros-dev/install/realsense2_camera/share/realsense2_camera/package.ps1'
[31.299s] INFO:colcon.colcon_core.shell:Creating package descriptor '/workspaces/isaac_ros-dev/install/realsense2_camera/share/realsense2_camera/package.dsv'
[31.299s] INFO:colcon.colcon_core.shell:Creating package script '/workspaces/isaac_ros-dev/install/realsense2_camera/share/realsense2_camera/package.sh'
[31.299s] INFO:colcon.colcon_core.shell:Creating package script '/workspaces/isaac_ros-dev/install/realsense2_camera/share/realsense2_camera/package.bash'
[31.300s] INFO:colcon.colcon_core.shell:Creating package script '/workspaces/isaac_ros-dev/install/realsense2_camera/share/realsense2_camera/package.zsh'
[31.300s] Level 1:colcon.colcon_core.environment:create_file_with_runtime_dependencies(/workspaces/isaac_ros-dev/install/realsense2_camera/share/colcon-core/packages/realsense2_camera)
[31.300s] DEBUG:colcon.colcon_parallel_executor.executor.parallel:closing loop
[31.300s] DEBUG:colcon.colcon_parallel_executor.executor.parallel:loop closed
[31.301s] DEBUG:colcon.colcon_parallel_executor.executor.parallel:run_until_complete finished with '0'
[31.301s] DEBUG:colcon.colcon_core.event_reactor:joining thread
[31.306s] INFO:colcon.colcon_core.plugin_system:Skipping extension 'colcon_notification.desktop_notification.notify_send': Could not find 'notify-send'
[31.306s] INFO:colcon.colcon_core.plugin_system:Skipping extension 'colcon_notification.desktop_notification.terminal_notifier': Not used on non-Darwin systems
[31.306s] INFO:colcon.colcon_core.plugin_system:Skipping extension 'colcon_notification.desktop_notification.win32': Not used on non-Windows systems
[31.306s] INFO:colcon.colcon_notification.desktop_notification:Sending desktop notification using 'notify2'
[31.309s] DEBUG:colcon.colcon_notification.desktop_notification.notify2:Failed to initialize notify2: org.freedesktop.DBus.Error.Spawn.ExecFailed: /usr/bin/dbus-launch terminated abnormally without any error message
[31.310s] DEBUG:colcon.colcon_core.event_reactor:joined thread
[31.310s] INFO:colcon.colcon_core.shell:Creating prefix script '/workspaces/isaac_ros-dev/install/local_setup.ps1'
[31.311s] INFO:colcon.colcon_core.shell:Creating prefix util module '/workspaces/isaac_ros-dev/install/_local_setup_util_ps1.py'
[31.312s] INFO:colcon.colcon_core.shell:Creating prefix chain script '/workspaces/isaac_ros-dev/install/setup.ps1'
[31.313s] INFO:colcon.colcon_core.shell:Creating prefix script '/workspaces/isaac_ros-dev/install/local_setup.sh'
[31.313s] INFO:colcon.colcon_core.shell:Creating prefix util module '/workspaces/isaac_ros-dev/install/_local_setup_util_sh.py'
[31.313s] INFO:colcon.colcon_core.shell:Creating prefix chain script '/workspaces/isaac_ros-dev/install/setup.sh'
[31.314s] INFO:colcon.colcon_core.shell:Creating prefix script '/workspaces/isaac_ros-dev/install/local_setup.bash'
[31.314s] INFO:colcon.colcon_core.shell:Creating prefix chain script '/workspaces/isaac_ros-dev/install/setup.bash'
[31.315s] INFO:colcon.colcon_core.shell:Creating prefix script '/workspaces/isaac_ros-dev/install/local_setup.zsh'
[31.315s] INFO:colcon.colcon_core.shell:Creating prefix chain script '/workspaces/isaac_ros-dev/install/setup.zsh'
