[0.007s] Invoking command in '/workspaces/isaac_ros-dev/build/realsense2_camera': AMENT_PREFIX_PATH=/workspaces/isaac_ros-dev/install/realsense2_camera_msgs:${AMENT_PREFIX_PATH} CMAKE_PREFIX_PATH=/workspaces/isaac_ros-dev/install/realsense2_camera_msgs:/opt/ros/jazzy LD_LIBRARY_PATH=/workspaces/isaac_ros-dev/install/realsense2_camera_msgs/lib:${LD_LIBRARY_PATH} PYTHONPATH=/workspaces/isaac_ros-dev/install/realsense2_camera_msgs/lib/python3.12/site-packages:${PYTHONPATH} /usr/bin/cmake --build /workspaces/isaac_ros-dev/build/realsense2_camera -- -j16 -l16
[0.061s] [ 18%] Built target gtest_main
[0.061s] [ 18%] Built target gtest
[0.066s] [ 27%] Built target realsense2_camera_node
[0.084s] [ 36%] Built target gtest_template
[0.125s] [100%] Built target realsense2_camera
[0.135s] Invoked command in '/workspaces/isaac_ros-dev/build/realsense2_camera' returned '0': AMENT_PREFIX_PATH=/workspaces/isaac_ros-dev/install/realsense2_camera_msgs:${AMENT_PREFIX_PATH} CMAKE_PREFIX_PATH=/workspaces/isaac_ros-dev/install/realsense2_camera_msgs:/opt/ros/jazzy LD_LIBRARY_PATH=/workspaces/isaac_ros-dev/install/realsense2_camera_msgs/lib:${LD_LIBRARY_PATH} PYTHONPATH=/workspaces/isaac_ros-dev/install/realsense2_camera_msgs/lib/python3.12/site-packages:${PYTHONPATH} /usr/bin/cmake --build /workspaces/isaac_ros-dev/build/realsense2_camera -- -j16 -l16
[0.136s] Invoking command in '/workspaces/isaac_ros-dev/build/realsense2_camera': AMENT_PREFIX_PATH=/workspaces/isaac_ros-dev/install/realsense2_camera_msgs:${AMENT_PREFIX_PATH} CMAKE_PREFIX_PATH=/workspaces/isaac_ros-dev/install/realsense2_camera_msgs:/opt/ros/jazzy LD_LIBRARY_PATH=/workspaces/isaac_ros-dev/install/realsense2_camera_msgs/lib:${LD_LIBRARY_PATH} PYTHONPATH=/workspaces/isaac_ros-dev/install/realsense2_camera_msgs/lib/python3.12/site-packages:${PYTHONPATH} /usr/bin/cmake --install /workspaces/isaac_ros-dev/build/realsense2_camera
[0.143s] -- Install configuration: "Release"
[0.143s] -- Up-to-date: /workspaces/isaac_ros-dev/install/realsense2_camera/lib/realsense2_camera/realsense2_camera_node
[0.143s] -- Up-to-date: /workspaces/isaac_ros-dev/install/realsense2_camera/lib/librealsense2_camera.so
[0.143s] -- Up-to-date: /workspaces/isaac_ros-dev/install/realsense2_camera/include
[0.143s] -- Up-to-date: /workspaces/isaac_ros-dev/install/realsense2_camera/include/named_filter.h
[0.144s] -- Up-to-date: /workspaces/isaac_ros-dev/install/realsense2_camera/include/ros_sensor.h
[0.144s] -- Up-to-date: /workspaces/isaac_ros-dev/install/realsense2_camera/include/ros_param_backend.h
[0.144s] -- Up-to-date: /workspaces/isaac_ros-dev/install/realsense2_camera/include/image_publisher.h
[0.144s] -- Up-to-date: /workspaces/isaac_ros-dev/install/realsense2_camera/include/profile_manager.h
[0.144s] -- Up-to-date: /workspaces/isaac_ros-dev/install/realsense2_camera/include/realsense_node_factory.h
[0.144s] -- Up-to-date: /workspaces/isaac_ros-dev/install/realsense2_camera/include/constants.h
[0.144s] -- Up-to-date: /workspaces/isaac_ros-dev/install/realsense2_camera/include/gl_window.h
[0.144s] -- Up-to-date: /workspaces/isaac_ros-dev/install/realsense2_camera/include/ros_utils.h
[0.144s] -- Up-to-date: /workspaces/isaac_ros-dev/install/realsense2_camera/include/dynamic_params.h
[0.145s] -- Up-to-date: /workspaces/isaac_ros-dev/install/realsense2_camera/include/base_realsense_node.h
[0.145s] -- Up-to-date: /workspaces/isaac_ros-dev/install/realsense2_camera/include/sensor_params.h
[0.145s] -- Up-to-date: /workspaces/isaac_ros-dev/install/realsense2_camera/share/realsense2_camera/launch
[0.145s] -- Up-to-date: /workspaces/isaac_ros-dev/install/realsense2_camera/share/realsense2_camera/launch/orx_realsense_d435_encoded.launch.py
[0.145s] -- Up-to-date: /workspaces/isaac_ros-dev/install/realsense2_camera/share/realsense2_camera/launch/orx_realsense_d435.launch.py
[0.145s] -- Up-to-date: /workspaces/isaac_ros-dev/install/realsense2_camera/share/realsense2_camera/launch/default.rviz
[0.145s] -- Up-to-date: /workspaces/isaac_ros-dev/install/realsense2_camera/share/realsense2_camera/launch/rs_intra_process_demo_launch.py
[0.145s] -- Up-to-date: /workspaces/isaac_ros-dev/install/realsense2_camera/share/realsense2_camera/launch/rs_multi_camera_launch.py
[0.145s] -- Up-to-date: /workspaces/isaac_ros-dev/install/realsense2_camera/share/realsense2_camera/launch/orx_realsense_d405_encoded.launch.py
[0.145s] -- Up-to-date: /workspaces/isaac_ros-dev/install/realsense2_camera/share/realsense2_camera/launch/rs_launch.py
[0.146s] -- Up-to-date: /workspaces/isaac_ros-dev/install/realsense2_camera/share/realsense2_camera/launch/orx_realsense_d405.launch.py
[0.146s] -- Up-to-date: /workspaces/isaac_ros-dev/install/realsense2_camera/share/realsense2_camera/examples
[0.146s] -- Up-to-date: /workspaces/isaac_ros-dev/install/realsense2_camera/share/realsense2_camera/examples/launch_params_from_file
[0.146s] -- Up-to-date: /workspaces/isaac_ros-dev/install/realsense2_camera/share/realsense2_camera/examples/launch_params_from_file/config
[0.146s] -- Up-to-date: /workspaces/isaac_ros-dev/install/realsense2_camera/share/realsense2_camera/examples/launch_params_from_file/config/config.yaml
[0.146s] -- Up-to-date: /workspaces/isaac_ros-dev/install/realsense2_camera/share/realsense2_camera/examples/launch_params_from_file/rs_launch_get_params_from_yaml.py
[0.146s] -- Up-to-date: /workspaces/isaac_ros-dev/install/realsense2_camera/share/realsense2_camera/examples/launch_params_from_file/README.md
[0.146s] -- Up-to-date: /workspaces/isaac_ros-dev/install/realsense2_camera/share/realsense2_camera/examples/align_depth
[0.146s] -- Up-to-date: /workspaces/isaac_ros-dev/install/realsense2_camera/share/realsense2_camera/examples/align_depth/rs_align_depth_launch.py
[0.146s] -- Up-to-date: /workspaces/isaac_ros-dev/install/realsense2_camera/share/realsense2_camera/examples/align_depth/README.md
[0.147s] -- Up-to-date: /workspaces/isaac_ros-dev/install/realsense2_camera/share/realsense2_camera/examples/pointcloud
[0.147s] -- Up-to-date: /workspaces/isaac_ros-dev/install/realsense2_camera/share/realsense2_camera/examples/pointcloud/rs_pointcloud_launch.py
[0.147s] -- Up-to-date: /workspaces/isaac_ros-dev/install/realsense2_camera/share/realsense2_camera/examples/pointcloud/rviz
[0.147s] -- Up-to-date: /workspaces/isaac_ros-dev/install/realsense2_camera/share/realsense2_camera/examples/pointcloud/rviz/pointcloud.rviz
[0.147s] -- Up-to-date: /workspaces/isaac_ros-dev/install/realsense2_camera/share/realsense2_camera/examples/pointcloud/rviz/urdf_pointcloud.rviz
[0.148s] -- Up-to-date: /workspaces/isaac_ros-dev/install/realsense2_camera/share/realsense2_camera/examples/pointcloud/rs_d455_pointcloud_launch.py
[0.148s] -- Up-to-date: /workspaces/isaac_ros-dev/install/realsense2_camera/share/realsense2_camera/examples/pointcloud/README.md
[0.148s] -- Up-to-date: /workspaces/isaac_ros-dev/install/realsense2_camera/share/realsense2_camera/examples/pointcloud/rs_d405_pointcloud_launch.py
[0.148s] -- Up-to-date: /workspaces/isaac_ros-dev/install/realsense2_camera/share/realsense2_camera/examples/dual_camera
[0.148s] -- Up-to-date: /workspaces/isaac_ros-dev/install/realsense2_camera/share/realsense2_camera/examples/dual_camera/rviz
[0.148s] -- Up-to-date: /workspaces/isaac_ros-dev/install/realsense2_camera/share/realsense2_camera/examples/dual_camera/rviz/dual_camera_pointcloud.rviz
[0.149s] -- Up-to-date: /workspaces/isaac_ros-dev/install/realsense2_camera/share/realsense2_camera/examples/dual_camera/rs_dual_camera_launch.py
[0.149s] -- Up-to-date: /workspaces/isaac_ros-dev/install/realsense2_camera/share/realsense2_camera/examples/dual_camera/README.md
[0.149s] -- Up-to-date: /workspaces/isaac_ros-dev/install/realsense2_camera/share/realsense2_camera/examples/launch_from_rosbag
[0.149s] -- Up-to-date: /workspaces/isaac_ros-dev/install/realsense2_camera/share/realsense2_camera/examples/launch_from_rosbag/rs_launch_from_rosbag.py
[0.149s] -- Up-to-date: /workspaces/isaac_ros-dev/install/realsense2_camera/share/realsense2_camera/examples/launch_from_rosbag/README.md
[0.149s] -- Up-to-date: /workspaces/isaac_ros-dev/install/realsense2_camera/share/realsense2_camera/environment/library_path.sh
[0.149s] -- Up-to-date: /workspaces/isaac_ros-dev/install/realsense2_camera/share/realsense2_camera/environment/library_path.dsv
[0.149s] -- Up-to-date: /workspaces/isaac_ros-dev/install/realsense2_camera/share/ament_index/resource_index/package_run_dependencies/realsense2_camera
[0.149s] -- Up-to-date: /workspaces/isaac_ros-dev/install/realsense2_camera/share/ament_index/resource_index/parent_prefix_path/realsense2_camera
[0.150s] -- Up-to-date: /workspaces/isaac_ros-dev/install/realsense2_camera/share/realsense2_camera/environment/ament_prefix_path.sh
[0.150s] -- Up-to-date: /workspaces/isaac_ros-dev/install/realsense2_camera/share/realsense2_camera/environment/ament_prefix_path.dsv
[0.150s] -- Up-to-date: /workspaces/isaac_ros-dev/install/realsense2_camera/share/realsense2_camera/environment/path.sh
[0.150s] -- Up-to-date: /workspaces/isaac_ros-dev/install/realsense2_camera/share/realsense2_camera/environment/path.dsv
[0.150s] -- Up-to-date: /workspaces/isaac_ros-dev/install/realsense2_camera/share/realsense2_camera/local_setup.bash
[0.150s] -- Up-to-date: /workspaces/isaac_ros-dev/install/realsense2_camera/share/realsense2_camera/local_setup.sh
[0.150s] -- Up-to-date: /workspaces/isaac_ros-dev/install/realsense2_camera/share/realsense2_camera/local_setup.zsh
[0.151s] -- Up-to-date: /workspaces/isaac_ros-dev/install/realsense2_camera/share/realsense2_camera/local_setup.dsv
[0.151s] -- Installing: /workspaces/isaac_ros-dev/install/realsense2_camera/share/realsense2_camera/package.dsv
[0.151s] -- Up-to-date: /workspaces/isaac_ros-dev/install/realsense2_camera/share/ament_index/resource_index/packages/realsense2_camera
[0.151s] -- Up-to-date: /workspaces/isaac_ros-dev/install/realsense2_camera/share/ament_index/resource_index/rclcpp_components/realsense2_camera
[0.151s] -- Up-to-date: /workspaces/isaac_ros-dev/install/realsense2_camera/share/realsense2_camera/cmake/ament_cmake_export_include_directories-extras.cmake
[0.152s] -- Up-to-date: /workspaces/isaac_ros-dev/install/realsense2_camera/share/realsense2_camera/cmake/ament_cmake_export_libraries-extras.cmake
[0.152s] -- Up-to-date: /workspaces/isaac_ros-dev/install/realsense2_camera/share/realsense2_camera/cmake/ament_cmake_export_dependencies-extras.cmake
[0.152s] -- Up-to-date: /workspaces/isaac_ros-dev/install/realsense2_camera/share/realsense2_camera/cmake/realsense2_cameraConfig.cmake
[0.152s] -- Up-to-date: /workspaces/isaac_ros-dev/install/realsense2_camera/share/realsense2_camera/cmake/realsense2_cameraConfig-version.cmake
[0.152s] -- Up-to-date: /workspaces/isaac_ros-dev/install/realsense2_camera/share/realsense2_camera/package.xml
[0.153s] Invoked command in '/workspaces/isaac_ros-dev/build/realsense2_camera' returned '0': AMENT_PREFIX_PATH=/workspaces/isaac_ros-dev/install/realsense2_camera_msgs:${AMENT_PREFIX_PATH} CMAKE_PREFIX_PATH=/workspaces/isaac_ros-dev/install/realsense2_camera_msgs:/opt/ros/jazzy LD_LIBRARY_PATH=/workspaces/isaac_ros-dev/install/realsense2_camera_msgs/lib:${LD_LIBRARY_PATH} PYTHONPATH=/workspaces/isaac_ros-dev/install/realsense2_camera_msgs/lib/python3.12/site-packages:${PYTHONPATH} /usr/bin/cmake --install /workspaces/isaac_ros-dev/build/realsense2_camera
