[0.010s] Invoking command in '/workspaces/isaac_ros-dev/build/realsense2_camera_msgs': CMAKE_PREFIX_PATH=/opt/ros/jazzy /usr/bin/cmake /workspaces/isaac_ros-dev/src/realsense2_camera_msgs -DUSE_LIFECYCLE_NODE=OFF -DCMAKE_INSTALL_PREFIX=/workspaces/isaac_ros-dev/install/realsense2_camera_msgs
[0.057s] -- The C compiler identification is GNU 13.3.0
[0.108s] -- The CXX compiler identification is GNU 13.3.0
[0.122s] -- Detecting C compiler ABI info
[0.196s] -- Detecting C compiler ABI info - done
[0.204s] -- Check for working C compiler: /usr/bin/cc - skipped
[0.205s] -- Detecting C compile features
[0.205s] -- Detecting C compile features - done
[0.213s] -- Detecting CXX compiler ABI info
[0.302s] -- Detecting CXX compiler ABI info - done
[0.311s] -- Check for working CXX compiler: /usr/bin/c++ - skipped
[0.311s] -- Detecting CXX compile features
[0.311s] -- Detecting CXX compile features - done
[0.314s] -- Found ament_cmake: 2.5.6 (/opt/ros/jazzy/share/ament_cmake/cmake)
[0.421s] -- Found Python3: /usr/bin/python3 (found version "3.12.3") found components: Interpreter 
[0.511s] -- Found rosidl_default_generators: 1.6.0 (/opt/ros/jazzy/share/rosidl_default_generators/cmake)
[0.515s] -- Using all available rosidl_typesupport_c: rosidl_typesupport_fastrtps_c;rosidl_typesupport_introspection_c
[0.560s] -- Using all available rosidl_typesupport_cpp: rosidl_typesupport_fastrtps_cpp;rosidl_typesupport_introspection_cpp
[0.602s] -- Found rosidl_adapter: 4.6.7 (/opt/ros/jazzy/share/rosidl_adapter/cmake)
[0.605s] -- Found builtin_interfaces: 2.0.3 (/opt/ros/jazzy/share/builtin_interfaces/cmake)
[0.619s] -- Found std_msgs: 5.3.7 (/opt/ros/jazzy/share/std_msgs/cmake)
[0.635s] -- Found sensor_msgs: 5.3.7 (/opt/ros/jazzy/share/sensor_msgs/cmake)
[1.203s] -- Found ament_cmake_cppcheck: 0.17.5 (/opt/ros/jazzy/share/ament_cmake_cppcheck/cmake)
[1.205s] -- Found ament_cmake_cpplint: 0.17.5 (/opt/ros/jazzy/share/ament_cmake_cpplint/cmake)
[1.208s] -- Found ament_cmake_uncrustify: 0.17.5 (/opt/ros/jazzy/share/ament_cmake_uncrustify/cmake)
[1.210s] -- Found ament_cmake_ros: 0.12.0 (/opt/ros/jazzy/share/ament_cmake_ros/cmake)
[1.663s] -- Using all available rosidl_typesupport_c: rosidl_typesupport_fastrtps_c;rosidl_typesupport_introspection_c
[2.259s] -- Using all available rosidl_typesupport_cpp: rosidl_typesupport_fastrtps_cpp;rosidl_typesupport_introspection_cpp
[2.263s] -- Found python_cmake_module: 0.11.1 (/opt/ros/jazzy/share/python_cmake_module/cmake)
[2.364s] -- Found PythonExtra: /usr/bin/python3  
[2.729s] -- Found Python3: /usr/bin/python3 (found version "3.12.3") found components: Interpreter Development NumPy Development.Module Development.Embed 
[2.796s] -- Found ament_cmake_flake8: 0.17.5 (/opt/ros/jazzy/share/ament_cmake_flake8/cmake)
[2.798s] -- Found ament_cmake_pep257: 0.17.5 (/opt/ros/jazzy/share/ament_cmake_pep257/cmake)
[2.857s] -- Found Python3: /usr/bin/python3 (found version "3.12.3") found components: Interpreter 
[2.865s] -- Configuring done (2.8s)
[2.919s] -- Generating done (0.0s)
[2.922s] [33mCMake Warning:
[2.922s]   Manually-specified variables were not used by the project:
[2.922s] 
[2.922s]     USE_LIFECYCLE_NODE
[2.922s] 
[2.922s] [0m
[2.932s] -- Build files have been written to: /workspaces/isaac_ros-dev/build/realsense2_camera_msgs
[2.943s] Invoked command in '/workspaces/isaac_ros-dev/build/realsense2_camera_msgs' returned '0': CMAKE_PREFIX_PATH=/opt/ros/jazzy /usr/bin/cmake /workspaces/isaac_ros-dev/src/realsense2_camera_msgs -DUSE_LIFECYCLE_NODE=OFF -DCMAKE_INSTALL_PREFIX=/workspaces/isaac_ros-dev/install/realsense2_camera_msgs
[2.944s] Invoking command in '/workspaces/isaac_ros-dev/build/realsense2_camera_msgs': CMAKE_PREFIX_PATH=/opt/ros/jazzy /usr/bin/cmake --build /workspaces/isaac_ros-dev/build/realsense2_camera_msgs -- -j16 -l16
[2.990s] [  2%] [34m[1mGenerating type hashes for ROS interfaces[0m
[2.990s] [  2%] [34m[1mGenerating Rust code for ROS interfaces[0m
[2.997s] [  2%] Built target ament_cmake_python_copy_realsense2_camera_msgs
[3.178s] running egg_info
[3.179s] creating realsense2_camera_msgs.egg-info
[3.196s] writing realsense2_camera_msgs.egg-info/PKG-INFO
[3.196s] writing dependency_links to realsense2_camera_msgs.egg-info/dependency_links.txt
[3.196s] writing top-level names to realsense2_camera_msgs.egg-info/top_level.txt
[3.196s] writing manifest file 'realsense2_camera_msgs.egg-info/SOURCES.txt'
[3.246s] reading manifest file 'realsense2_camera_msgs.egg-info/SOURCES.txt'
[3.247s] writing manifest file 'realsense2_camera_msgs.egg-info/SOURCES.txt'
[3.272s] [  2%] Built target realsense2_camera_msgs__rosidl_generator_type_description
[3.274s] [  2%] Built target ament_cmake_python_build_realsense2_camera_msgs_egg
[3.283s] [  4%] [34m[1mGenerating C code for ROS interfaces[0m
[3.286s] [  4%] Built target realsense2_camera_msgs__rs
[3.292s] [  5%] [34m[1mGenerating C++ code for ROS interfaces[0m
[3.710s] [  5%] Built target realsense2_camera_msgs__cpp
[3.793s] [  8%] [32mBuilding C object CMakeFiles/realsense2_camera_msgs__rosidl_generator_c.dir/rosidl_generator_c/realsense2_camera_msgs/msg/detail/extrinsics__functions.c.o[0m
[3.793s] [  8%] [32mBuilding C object CMakeFiles/realsense2_camera_msgs__rosidl_generator_c.dir/rosidl_generator_c/realsense2_camera_msgs/msg/detail/imu_info__functions.c.o[0m
[3.793s] [ 10%] [32mBuilding C object CMakeFiles/realsense2_camera_msgs__rosidl_generator_c.dir/rosidl_generator_c/realsense2_camera_msgs/msg/detail/metadata__description.c.o[0m
[3.793s] [ 12%] [32mBuilding C object CMakeFiles/realsense2_camera_msgs__rosidl_generator_c.dir/rosidl_generator_c/realsense2_camera_msgs/msg/detail/metadata__functions.c.o[0m
[3.793s] [ 12%] [32mBuilding C object CMakeFiles/realsense2_camera_msgs__rosidl_generator_c.dir/rosidl_generator_c/realsense2_camera_msgs/msg/detail/extrinsics__type_support.c.o[0m
[3.795s] [ 14%] [32mBuilding C object CMakeFiles/realsense2_camera_msgs__rosidl_generator_c.dir/rosidl_generator_c/realsense2_camera_msgs/msg/detail/metadata__type_support.c.o[0m
[3.796s] [ 14%] [32mBuilding C object CMakeFiles/realsense2_camera_msgs__rosidl_generator_c.dir/rosidl_generator_c/realsense2_camera_msgs/msg/detail/rgbd__type_support.c.o[0m
[3.796s] [ 16%] [32mBuilding C object CMakeFiles/realsense2_camera_msgs__rosidl_generator_c.dir/rosidl_generator_c/realsense2_camera_msgs/msg/detail/extrinsics__description.c.o[0m
[3.796s] [ 18%] [32mBuilding C object CMakeFiles/realsense2_camera_msgs__rosidl_generator_c.dir/rosidl_generator_c/realsense2_camera_msgs/msg/detail/rgbd__description.c.o[0m
[3.796s] [ 18%] [32mBuilding C object CMakeFiles/realsense2_camera_msgs__rosidl_generator_c.dir/rosidl_generator_c/realsense2_camera_msgs/msg/detail/imu_info__type_support.c.o[0m
[3.798s] [ 21%] [32mBuilding C object CMakeFiles/realsense2_camera_msgs__rosidl_generator_c.dir/rosidl_generator_c/realsense2_camera_msgs/msg/detail/imu_info__description.c.o[0m
[3.798s] [ 21%] [32mBuilding C object CMakeFiles/realsense2_camera_msgs__rosidl_generator_c.dir/rosidl_generator_c/realsense2_camera_msgs/msg/detail/rgbd__functions.c.o[0m
[3.798s] [ 22%] [32mBuilding C object CMakeFiles/realsense2_camera_msgs__rosidl_generator_c.dir/rosidl_generator_c/realsense2_camera_msgs/srv/detail/device_info__type_support.c.o[0m
[3.802s] [ 24%] [32mBuilding C object CMakeFiles/realsense2_camera_msgs__rosidl_generator_c.dir/rosidl_generator_c/realsense2_camera_msgs/srv/detail/device_info__functions.c.o[0m
[3.803s] [ 25%] [32mBuilding C object CMakeFiles/realsense2_camera_msgs__rosidl_generator_c.dir/rosidl_generator_c/realsense2_camera_msgs/srv/detail/device_info__description.c.o[0m
[3.889s] [ 26%] [32m[1mLinking C shared library librealsense2_camera_msgs__rosidl_generator_c.so[0m
[3.929s] [ 26%] Built target realsense2_camera_msgs__rosidl_generator_c
[3.938s] [ 34%] [34m[1mGenerating C introspection for ROS interfaces[0m
[3.938s] [ 34%] [34m[1mGenerating C++ introspection for ROS interfaces[0m
[3.939s] [ 34%] [34m[1mGenerating C type support for eProsima Fast-RTPS[0m
[3.939s] [ 34%] [34m[1mGenerating C++ type support dispatch for ROS interfaces[0m
[3.939s] [ 34%] [34m[1mGenerating C++ type support for eProsima Fast-RTPS[0m
[3.939s] [ 34%] [34m[1mGenerating C type support dispatch for ROS interfaces[0m
[4.268s] [ 36%] [32mBuilding CXX object CMakeFiles/realsense2_camera_msgs__rosidl_typesupport_c.dir/rosidl_typesupport_c/realsense2_camera_msgs/msg/extrinsics__type_support.cpp.o[0m
[4.270s] [ 37%] [32mBuilding CXX object CMakeFiles/realsense2_camera_msgs__rosidl_typesupport_c.dir/rosidl_typesupport_c/realsense2_camera_msgs/msg/imu_info__type_support.cpp.o[0m
[4.270s] [ 38%] [32mBuilding CXX object CMakeFiles/realsense2_camera_msgs__rosidl_typesupport_cpp.dir/rosidl_typesupport_cpp/realsense2_camera_msgs/srv/device_info__type_support.cpp.o[0m
[4.270s] [ 40%] [32mBuilding CXX object CMakeFiles/realsense2_camera_msgs__rosidl_typesupport_cpp.dir/rosidl_typesupport_cpp/realsense2_camera_msgs/msg/extrinsics__type_support.cpp.o[0m
[4.270s] [ 41%] [32mBuilding CXX object CMakeFiles/realsense2_camera_msgs__rosidl_typesupport_c.dir/rosidl_typesupport_c/realsense2_camera_msgs/msg/rgbd__type_support.cpp.o[0m
[4.270s] [ 44%] [32mBuilding CXX object CMakeFiles/realsense2_camera_msgs__rosidl_typesupport_c.dir/rosidl_typesupport_c/realsense2_camera_msgs/srv/device_info__type_support.cpp.o[0m
[4.270s] [ 44%] [32mBuilding CXX object CMakeFiles/realsense2_camera_msgs__rosidl_typesupport_c.dir/rosidl_typesupport_c/realsense2_camera_msgs/msg/metadata__type_support.cpp.o[0m
[4.271s] [ 45%] [32mBuilding CXX object CMakeFiles/realsense2_camera_msgs__rosidl_typesupport_cpp.dir/rosidl_typesupport_cpp/realsense2_camera_msgs/msg/metadata__type_support.cpp.o[0m
[4.276s] [ 46%] [32mBuilding CXX object CMakeFiles/realsense2_camera_msgs__rosidl_typesupport_cpp.dir/rosidl_typesupport_cpp/realsense2_camera_msgs/msg/rgbd__type_support.cpp.o[0m
[4.276s] [ 48%] [32mBuilding CXX object CMakeFiles/realsense2_camera_msgs__rosidl_typesupport_cpp.dir/rosidl_typesupport_cpp/realsense2_camera_msgs/msg/imu_info__type_support.cpp.o[0m
[4.351s] [ 49%] [32m[1mLinking CXX shared library librealsense2_camera_msgs__rosidl_typesupport_c.so[0m
[4.365s] [ 50%] [32mBuilding CXX object CMakeFiles/realsense2_camera_msgs__rosidl_typesupport_introspection_cpp.dir/rosidl_typesupport_introspection_cpp/realsense2_camera_msgs/msg/detail/extrinsics__type_support.cpp.o[0m
[4.366s] [ 52%] [32mBuilding CXX object CMakeFiles/realsense2_camera_msgs__rosidl_typesupport_introspection_cpp.dir/rosidl_typesupport_introspection_cpp/realsense2_camera_msgs/msg/detail/imu_info__type_support.cpp.o[0m
[4.371s] [ 54%] [32mBuilding CXX object CMakeFiles/realsense2_camera_msgs__rosidl_typesupport_introspection_cpp.dir/rosidl_typesupport_introspection_cpp/realsense2_camera_msgs/msg/detail/metadata__type_support.cpp.o[0m
[4.371s] [ 54%] [32mBuilding CXX object CMakeFiles/realsense2_camera_msgs__rosidl_typesupport_introspection_cpp.dir/rosidl_typesupport_introspection_cpp/realsense2_camera_msgs/srv/detail/device_info__type_support.cpp.o[0m
[4.372s] [ 56%] [32mBuilding CXX object CMakeFiles/realsense2_camera_msgs__rosidl_typesupport_introspection_cpp.dir/rosidl_typesupport_introspection_cpp/realsense2_camera_msgs/msg/detail/rgbd__type_support.cpp.o[0m
[4.388s] [ 57%] [32mBuilding C object CMakeFiles/realsense2_camera_msgs__rosidl_typesupport_introspection_c.dir/rosidl_typesupport_introspection_c/realsense2_camera_msgs/msg/detail/imu_info__type_support.c.o[0m
[4.404s] [ 58%] [32mBuilding C object CMakeFiles/realsense2_camera_msgs__rosidl_typesupport_introspection_c.dir/rosidl_typesupport_introspection_c/realsense2_camera_msgs/msg/detail/metadata__type_support.c.o[0m
[4.404s] [ 60%] [32mBuilding C object CMakeFiles/realsense2_camera_msgs__rosidl_typesupport_introspection_c.dir/rosidl_typesupport_introspection_c/realsense2_camera_msgs/msg/detail/extrinsics__type_support.c.o[0m
[4.429s] [ 60%] Built target realsense2_camera_msgs__rosidl_typesupport_c
[4.451s] [ 61%] [32mBuilding C object CMakeFiles/realsense2_camera_msgs__rosidl_typesupport_introspection_c.dir/rosidl_typesupport_introspection_c/realsense2_camera_msgs/srv/detail/device_info__type_support.c.o[0m
[4.453s] [ 62%] [32mBuilding C object CMakeFiles/realsense2_camera_msgs__rosidl_typesupport_introspection_c.dir/rosidl_typesupport_introspection_c/realsense2_camera_msgs/msg/detail/rgbd__type_support.c.o[0m
[4.540s] [ 64%] [32mBuilding CXX object CMakeFiles/realsense2_camera_msgs__rosidl_typesupport_fastrtps_cpp.dir/rosidl_typesupport_fastrtps_cpp/realsense2_camera_msgs/msg/detail/dds_fastrtps/extrinsics__type_support.cpp.o[0m
[4.547s] [ 66%] [32mBuilding CXX object CMakeFiles/realsense2_camera_msgs__rosidl_typesupport_fastrtps_cpp.dir/rosidl_typesupport_fastrtps_cpp/realsense2_camera_msgs/msg/detail/dds_fastrtps/rgbd__type_support.cpp.o[0m
[4.547s] [ 66%] [32mBuilding CXX object CMakeFiles/realsense2_camera_msgs__rosidl_typesupport_fastrtps_cpp.dir/rosidl_typesupport_fastrtps_cpp/realsense2_camera_msgs/msg/detail/dds_fastrtps/imu_info__type_support.cpp.o[0m
[4.555s] [ 68%] [32m[1mLinking C shared library librealsense2_camera_msgs__rosidl_typesupport_introspection_c.so[0m
[4.555s] [ 69%] [32mBuilding CXX object CMakeFiles/realsense2_camera_msgs__rosidl_typesupport_fastrtps_cpp.dir/rosidl_typesupport_fastrtps_cpp/realsense2_camera_msgs/msg/detail/dds_fastrtps/metadata__type_support.cpp.o[0m
[4.649s] [ 69%] Built target realsense2_camera_msgs__rosidl_typesupport_introspection_c
[4.664s] [ 70%] [32mBuilding CXX object CMakeFiles/realsense2_camera_msgs__rosidl_typesupport_fastrtps_cpp.dir/rosidl_typesupport_fastrtps_cpp/realsense2_camera_msgs/srv/detail/dds_fastrtps/device_info__type_support.cpp.o[0m
[4.813s] [ 72%] [32mBuilding CXX object CMakeFiles/realsense2_camera_msgs__rosidl_typesupport_fastrtps_c.dir/rosidl_typesupport_fastrtps_c/realsense2_camera_msgs/msg/detail/extrinsics__type_support_c.cpp.o[0m
[4.829s] [ 73%] [32mBuilding CXX object CMakeFiles/realsense2_camera_msgs__rosidl_typesupport_fastrtps_c.dir/rosidl_typesupport_fastrtps_c/realsense2_camera_msgs/msg/detail/imu_info__type_support_c.cpp.o[0m
[4.829s] [ 74%] [32mBuilding CXX object CMakeFiles/realsense2_camera_msgs__rosidl_typesupport_fastrtps_c.dir/rosidl_typesupport_fastrtps_c/realsense2_camera_msgs/srv/detail/device_info__type_support_c.cpp.o[0m
[4.833s] [ 76%] [32mBuilding CXX object CMakeFiles/realsense2_camera_msgs__rosidl_typesupport_fastrtps_c.dir/rosidl_typesupport_fastrtps_c/realsense2_camera_msgs/msg/detail/metadata__type_support_c.cpp.o[0m
[4.844s] [ 77%] [32mBuilding CXX object CMakeFiles/realsense2_camera_msgs__rosidl_typesupport_fastrtps_c.dir/rosidl_typesupport_fastrtps_c/realsense2_camera_msgs/msg/detail/rgbd__type_support_c.cpp.o[0m
[4.945s] [ 78%] [32m[1mLinking CXX shared library librealsense2_camera_msgs__rosidl_typesupport_cpp.so[0m
[5.011s] [ 80%] [32m[1mLinking CXX shared library librealsense2_camera_msgs__rosidl_typesupport_introspection_cpp.so[0m
[5.034s] [ 80%] Built target realsense2_camera_msgs__rosidl_typesupport_cpp
[5.123s] [ 80%] Built target realsense2_camera_msgs__rosidl_typesupport_introspection_cpp
[5.381s] [ 81%] [32m[1mLinking CXX shared library librealsense2_camera_msgs__rosidl_typesupport_fastrtps_cpp.so[0m
[5.416s] [ 82%] [32m[1mLinking CXX shared library librealsense2_camera_msgs__rosidl_typesupport_fastrtps_c.so[0m
[5.442s] [ 82%] Built target realsense2_camera_msgs__rosidl_typesupport_fastrtps_cpp
[5.474s] [ 82%] Built target realsense2_camera_msgs__rosidl_typesupport_fastrtps_c
[5.489s] [ 82%] Built target realsense2_camera_msgs
[5.504s] [ 84%] [34m[1mGenerating Python code for ROS interfaces[0m
[6.091s] [ 84%] Built target realsense2_camera_msgs__py
[6.107s] [ 85%] [32mBuilding C object CMakeFiles/realsense2_camera_msgs__rosidl_generator_py.dir/rosidl_generator_py/realsense2_camera_msgs/msg/_imu_info_s.c.o[0m
[6.108s] [ 88%] [32mBuilding C object CMakeFiles/realsense2_camera_msgs__rosidl_generator_py.dir/rosidl_generator_py/realsense2_camera_msgs/msg/_rgbd_s.c.o[0m
[6.108s] [ 88%] [32mBuilding C object CMakeFiles/realsense2_camera_msgs__rosidl_generator_py.dir/rosidl_generator_py/realsense2_camera_msgs/srv/_device_info_s.c.o[0m
[6.108s] [ 89%] [32mBuilding C object CMakeFiles/realsense2_camera_msgs__rosidl_generator_py.dir/rosidl_generator_py/realsense2_camera_msgs/msg/_extrinsics_s.c.o[0m
[6.108s] [ 90%] [32mBuilding C object CMakeFiles/realsense2_camera_msgs__rosidl_generator_py.dir/rosidl_generator_py/realsense2_camera_msgs/msg/_metadata_s.c.o[0m
[6.262s] [ 92%] [32m[1mLinking C shared library librealsense2_camera_msgs__rosidl_generator_py.so[0m
[6.309s] [ 92%] Built target realsense2_camera_msgs__rosidl_generator_py
[6.326s] [ 96%] [32mBuilding C object CMakeFiles/realsense2_camera_msgs_s__rosidl_typesupport_c.dir/rosidl_generator_py/realsense2_camera_msgs/_realsense2_camera_msgs_s.ep.rosidl_typesupport_c.c.o[0m
[6.326s] [ 96%] [32mBuilding C object CMakeFiles/realsense2_camera_msgs_s__rosidl_typesupport_introspection_c.dir/rosidl_generator_py/realsense2_camera_msgs/_realsense2_camera_msgs_s.ep.rosidl_typesupport_introspection_c.c.o[0m
[6.326s] [ 96%] [32mBuilding C object CMakeFiles/realsense2_camera_msgs_s__rosidl_typesupport_fastrtps_c.dir/rosidl_generator_py/realsense2_camera_msgs/_realsense2_camera_msgs_s.ep.rosidl_typesupport_fastrtps_c.c.o[0m
[6.442s] [ 97%] [32m[1mLinking C shared module rosidl_generator_py/realsense2_camera_msgs/realsense2_camera_msgs_s__rosidl_typesupport_c.so[0m
[6.447s] [ 98%] [32m[1mLinking C shared module rosidl_generator_py/realsense2_camera_msgs/realsense2_camera_msgs_s__rosidl_typesupport_introspection_c.so[0m
[6.459s] [100%] [32m[1mLinking C shared module rosidl_generator_py/realsense2_camera_msgs/realsense2_camera_msgs_s__rosidl_typesupport_fastrtps_c.so[0m
[6.472s] [100%] Built target realsense2_camera_msgs_s__rosidl_typesupport_c
[6.476s] [100%] Built target realsense2_camera_msgs_s__rosidl_typesupport_introspection_c
[6.489s] [100%] Built target realsense2_camera_msgs_s__rosidl_typesupport_fastrtps_c
[6.500s] Invoked command in '/workspaces/isaac_ros-dev/build/realsense2_camera_msgs' returned '0': CMAKE_PREFIX_PATH=/opt/ros/jazzy /usr/bin/cmake --build /workspaces/isaac_ros-dev/build/realsense2_camera_msgs -- -j16 -l16
[6.509s] Invoking command in '/workspaces/isaac_ros-dev/build/realsense2_camera_msgs': CMAKE_PREFIX_PATH=/opt/ros/jazzy /usr/bin/cmake --install /workspaces/isaac_ros-dev/build/realsense2_camera_msgs
[6.517s] -- Install configuration: ""
[6.517s] -- Installing: /workspaces/isaac_ros-dev/install/realsense2_camera_msgs/share/ament_index/resource_index/rosidl_interfaces/realsense2_camera_msgs
[6.517s] -- Installing: /workspaces/isaac_ros-dev/install/realsense2_camera_msgs/share/realsense2_camera_msgs/msg/IMUInfo.json
[6.517s] -- Installing: /workspaces/isaac_ros-dev/install/realsense2_camera_msgs/share/realsense2_camera_msgs/msg/Extrinsics.json
[6.518s] -- Installing: /workspaces/isaac_ros-dev/install/realsense2_camera_msgs/share/realsense2_camera_msgs/msg/Metadata.json
[6.518s] -- Installing: /workspaces/isaac_ros-dev/install/realsense2_camera_msgs/share/realsense2_camera_msgs/msg/RGBD.json
[6.518s] -- Installing: /workspaces/isaac_ros-dev/install/realsense2_camera_msgs/share/realsense2_camera_msgs/srv/DeviceInfo.json
[6.518s] -- Installing: /workspaces/isaac_ros-dev/install/realsense2_camera_msgs/include/realsense2_camera_msgs/realsense2_camera_msgs
[6.518s] -- Installing: /workspaces/isaac_ros-dev/install/realsense2_camera_msgs/include/realsense2_camera_msgs/realsense2_camera_msgs/srv
[6.518s] -- Installing: /workspaces/isaac_ros-dev/install/realsense2_camera_msgs/include/realsense2_camera_msgs/realsense2_camera_msgs/srv/device_info.h
[6.519s] -- Installing: /workspaces/isaac_ros-dev/install/realsense2_camera_msgs/include/realsense2_camera_msgs/realsense2_camera_msgs/srv/detail
[6.519s] -- Installing: /workspaces/isaac_ros-dev/install/realsense2_camera_msgs/include/realsense2_camera_msgs/realsense2_camera_msgs/srv/detail/device_info__type_support.h
[6.519s] -- Installing: /workspaces/isaac_ros-dev/install/realsense2_camera_msgs/include/realsense2_camera_msgs/realsense2_camera_msgs/srv/detail/device_info__functions.h
[6.519s] -- Installing: /workspaces/isaac_ros-dev/install/realsense2_camera_msgs/include/realsense2_camera_msgs/realsense2_camera_msgs/srv/detail/device_info__functions.c
[6.519s] -- Installing: /workspaces/isaac_ros-dev/install/realsense2_camera_msgs/include/realsense2_camera_msgs/realsense2_camera_msgs/srv/detail/device_info__struct.h
[6.519s] -- Installing: /workspaces/isaac_ros-dev/install/realsense2_camera_msgs/include/realsense2_camera_msgs/realsense2_camera_msgs/srv/detail/device_info__type_support.c
[6.519s] -- Installing: /workspaces/isaac_ros-dev/install/realsense2_camera_msgs/include/realsense2_camera_msgs/realsense2_camera_msgs/srv/detail/device_info__description.c
[6.519s] -- Installing: /workspaces/isaac_ros-dev/install/realsense2_camera_msgs/include/realsense2_camera_msgs/realsense2_camera_msgs/msg
[6.520s] -- Installing: /workspaces/isaac_ros-dev/install/realsense2_camera_msgs/include/realsense2_camera_msgs/realsense2_camera_msgs/msg/metadata.h
[6.520s] -- Installing: /workspaces/isaac_ros-dev/install/realsense2_camera_msgs/include/realsense2_camera_msgs/realsense2_camera_msgs/msg/rgbd.h
[6.520s] -- Installing: /workspaces/isaac_ros-dev/install/realsense2_camera_msgs/include/realsense2_camera_msgs/realsense2_camera_msgs/msg/imu_info.h
[6.520s] -- Installing: /workspaces/isaac_ros-dev/install/realsense2_camera_msgs/include/realsense2_camera_msgs/realsense2_camera_msgs/msg/extrinsics.h
[6.520s] -- Installing: /workspaces/isaac_ros-dev/install/realsense2_camera_msgs/include/realsense2_camera_msgs/realsense2_camera_msgs/msg/detail
[6.520s] -- Installing: /workspaces/isaac_ros-dev/install/realsense2_camera_msgs/include/realsense2_camera_msgs/realsense2_camera_msgs/msg/detail/metadata__description.c
[6.520s] -- Installing: /workspaces/isaac_ros-dev/install/realsense2_camera_msgs/include/realsense2_camera_msgs/realsense2_camera_msgs/msg/detail/metadata__struct.h
[6.520s] -- Installing: /workspaces/isaac_ros-dev/install/realsense2_camera_msgs/include/realsense2_camera_msgs/realsense2_camera_msgs/msg/detail/rgbd__type_support.c
[6.521s] -- Installing: /workspaces/isaac_ros-dev/install/realsense2_camera_msgs/include/realsense2_camera_msgs/realsense2_camera_msgs/msg/detail/rgbd__type_support.h
[6.521s] -- Installing: /workspaces/isaac_ros-dev/install/realsense2_camera_msgs/include/realsense2_camera_msgs/realsense2_camera_msgs/msg/detail/rgbd__functions.h
[6.521s] -- Installing: /workspaces/isaac_ros-dev/install/realsense2_camera_msgs/include/realsense2_camera_msgs/realsense2_camera_msgs/msg/detail/imu_info__struct.h
[6.521s] -- Installing: /workspaces/isaac_ros-dev/install/realsense2_camera_msgs/include/realsense2_camera_msgs/realsense2_camera_msgs/msg/detail/extrinsics__type_support.c
[6.521s] -- Installing: /workspaces/isaac_ros-dev/install/realsense2_camera_msgs/include/realsense2_camera_msgs/realsense2_camera_msgs/msg/detail/extrinsics__type_support.h
[6.521s] -- Installing: /workspaces/isaac_ros-dev/install/realsense2_camera_msgs/include/realsense2_camera_msgs/realsense2_camera_msgs/msg/detail/metadata__functions.c
[6.521s] -- Installing: /workspaces/isaac_ros-dev/install/realsense2_camera_msgs/include/realsense2_camera_msgs/realsense2_camera_msgs/msg/detail/extrinsics__functions.h
[6.522s] -- Installing: /workspaces/isaac_ros-dev/install/realsense2_camera_msgs/include/realsense2_camera_msgs/realsense2_camera_msgs/msg/detail/rgbd__struct.h
[6.522s] -- Installing: /workspaces/isaac_ros-dev/install/realsense2_camera_msgs/include/realsense2_camera_msgs/realsense2_camera_msgs/msg/detail/extrinsics__functions.c
[6.522s] -- Installing: /workspaces/isaac_ros-dev/install/realsense2_camera_msgs/include/realsense2_camera_msgs/realsense2_camera_msgs/msg/detail/rgbd__description.c
[6.522s] -- Installing: /workspaces/isaac_ros-dev/install/realsense2_camera_msgs/include/realsense2_camera_msgs/realsense2_camera_msgs/msg/detail/metadata__functions.h
[6.522s] -- Installing: /workspaces/isaac_ros-dev/install/realsense2_camera_msgs/include/realsense2_camera_msgs/realsense2_camera_msgs/msg/detail/imu_info__functions.h
[6.522s] -- Installing: /workspaces/isaac_ros-dev/install/realsense2_camera_msgs/include/realsense2_camera_msgs/realsense2_camera_msgs/msg/detail/imu_info__type_support.h
[6.523s] -- Installing: /workspaces/isaac_ros-dev/install/realsense2_camera_msgs/include/realsense2_camera_msgs/realsense2_camera_msgs/msg/detail/metadata__type_support.c
[6.523s] -- Installing: /workspaces/isaac_ros-dev/install/realsense2_camera_msgs/include/realsense2_camera_msgs/realsense2_camera_msgs/msg/detail/imu_info__functions.c
[6.523s] -- Installing: /workspaces/isaac_ros-dev/install/realsense2_camera_msgs/include/realsense2_camera_msgs/realsense2_camera_msgs/msg/detail/extrinsics__description.c
[6.523s] -- Installing: /workspaces/isaac_ros-dev/install/realsense2_camera_msgs/include/realsense2_camera_msgs/realsense2_camera_msgs/msg/detail/rgbd__functions.c
[6.523s] -- Installing: /workspaces/isaac_ros-dev/install/realsense2_camera_msgs/include/realsense2_camera_msgs/realsense2_camera_msgs/msg/detail/metadata__type_support.h
[6.523s] -- Installing: /workspaces/isaac_ros-dev/install/realsense2_camera_msgs/include/realsense2_camera_msgs/realsense2_camera_msgs/msg/detail/extrinsics__struct.h
[6.524s] -- Installing: /workspaces/isaac_ros-dev/install/realsense2_camera_msgs/include/realsense2_camera_msgs/realsense2_camera_msgs/msg/detail/imu_info__description.c
[6.524s] -- Installing: /workspaces/isaac_ros-dev/install/realsense2_camera_msgs/include/realsense2_camera_msgs/realsense2_camera_msgs/msg/detail/imu_info__type_support.c
[6.524s] -- Installing: /workspaces/isaac_ros-dev/install/realsense2_camera_msgs/include/realsense2_camera_msgs/realsense2_camera_msgs/msg/rosidl_generator_c__visibility_control.h
[6.524s] -- Installing: /workspaces/isaac_ros-dev/install/realsense2_camera_msgs/share/realsense2_camera_msgs/environment/library_path.sh
[6.524s] -- Installing: /workspaces/isaac_ros-dev/install/realsense2_camera_msgs/share/realsense2_camera_msgs/environment/library_path.dsv
[6.525s] -- Installing: /workspaces/isaac_ros-dev/install/realsense2_camera_msgs/lib/librealsense2_camera_msgs__rosidl_generator_c.so
[6.525s] -- Set non-toolchain portion of runtime path of "/workspaces/isaac_ros-dev/install/realsense2_camera_msgs/lib/librealsense2_camera_msgs__rosidl_generator_c.so" to ""
[6.525s] -- Up-to-date: /workspaces/isaac_ros-dev/install/realsense2_camera_msgs/include/realsense2_camera_msgs/realsense2_camera_msgs
[6.525s] -- Up-to-date: /workspaces/isaac_ros-dev/install/realsense2_camera_msgs/include/realsense2_camera_msgs/realsense2_camera_msgs/srv
[6.525s] -- Up-to-date: /workspaces/isaac_ros-dev/install/realsense2_camera_msgs/include/realsense2_camera_msgs/realsense2_camera_msgs/srv/detail
[6.525s] -- Installing: /workspaces/isaac_ros-dev/install/realsense2_camera_msgs/include/realsense2_camera_msgs/realsense2_camera_msgs/srv/detail/device_info__rosidl_typesupport_fastrtps_c.h
[6.525s] -- Up-to-date: /workspaces/isaac_ros-dev/install/realsense2_camera_msgs/include/realsense2_camera_msgs/realsense2_camera_msgs/msg
[6.526s] -- Up-to-date: /workspaces/isaac_ros-dev/install/realsense2_camera_msgs/include/realsense2_camera_msgs/realsense2_camera_msgs/msg/detail
[6.526s] -- Installing: /workspaces/isaac_ros-dev/install/realsense2_camera_msgs/include/realsense2_camera_msgs/realsense2_camera_msgs/msg/detail/rgbd__rosidl_typesupport_fastrtps_c.h
[6.526s] -- Installing: /workspaces/isaac_ros-dev/install/realsense2_camera_msgs/include/realsense2_camera_msgs/realsense2_camera_msgs/msg/detail/metadata__rosidl_typesupport_fastrtps_c.h
[6.526s] -- Installing: /workspaces/isaac_ros-dev/install/realsense2_camera_msgs/include/realsense2_camera_msgs/realsense2_camera_msgs/msg/detail/imu_info__rosidl_typesupport_fastrtps_c.h
[6.526s] -- Installing: /workspaces/isaac_ros-dev/install/realsense2_camera_msgs/include/realsense2_camera_msgs/realsense2_camera_msgs/msg/detail/extrinsics__rosidl_typesupport_fastrtps_c.h
[6.526s] -- Installing: /workspaces/isaac_ros-dev/install/realsense2_camera_msgs/include/realsense2_camera_msgs/realsense2_camera_msgs/msg/rosidl_typesupport_fastrtps_c__visibility_control.h
[6.526s] -- Installing: /workspaces/isaac_ros-dev/install/realsense2_camera_msgs/lib/librealsense2_camera_msgs__rosidl_typesupport_fastrtps_c.so
[6.527s] -- Set non-toolchain portion of runtime path of "/workspaces/isaac_ros-dev/install/realsense2_camera_msgs/lib/librealsense2_camera_msgs__rosidl_typesupport_fastrtps_c.so" to ""
[6.527s] -- Up-to-date: /workspaces/isaac_ros-dev/install/realsense2_camera_msgs/include/realsense2_camera_msgs/realsense2_camera_msgs
[6.527s] -- Up-to-date: /workspaces/isaac_ros-dev/install/realsense2_camera_msgs/include/realsense2_camera_msgs/realsense2_camera_msgs/srv
[6.527s] -- Up-to-date: /workspaces/isaac_ros-dev/install/realsense2_camera_msgs/include/realsense2_camera_msgs/realsense2_camera_msgs/srv/detail
[6.527s] -- Up-to-date: /workspaces/isaac_ros-dev/install/realsense2_camera_msgs/include/realsense2_camera_msgs/realsense2_camera_msgs/srv/detail/device_info__type_support.c
[6.527s] -- Installing: /workspaces/isaac_ros-dev/install/realsense2_camera_msgs/include/realsense2_camera_msgs/realsense2_camera_msgs/srv/detail/device_info__rosidl_typesupport_introspection_c.h
[6.527s] -- Up-to-date: /workspaces/isaac_ros-dev/install/realsense2_camera_msgs/include/realsense2_camera_msgs/realsense2_camera_msgs/msg
[6.527s] -- Installing: /workspaces/isaac_ros-dev/install/realsense2_camera_msgs/include/realsense2_camera_msgs/realsense2_camera_msgs/msg/rosidl_typesupport_introspection_c__visibility_control.h
[6.527s] -- Up-to-date: /workspaces/isaac_ros-dev/install/realsense2_camera_msgs/include/realsense2_camera_msgs/realsense2_camera_msgs/msg/detail
[6.527s] -- Up-to-date: /workspaces/isaac_ros-dev/install/realsense2_camera_msgs/include/realsense2_camera_msgs/realsense2_camera_msgs/msg/detail/rgbd__type_support.c
[6.527s] -- Installing: /workspaces/isaac_ros-dev/install/realsense2_camera_msgs/include/realsense2_camera_msgs/realsense2_camera_msgs/msg/detail/extrinsics__rosidl_typesupport_introspection_c.h
[6.527s] -- Installing: /workspaces/isaac_ros-dev/install/realsense2_camera_msgs/include/realsense2_camera_msgs/realsense2_camera_msgs/msg/detail/extrinsics__type_support.c
[6.527s] -- Installing: /workspaces/isaac_ros-dev/install/realsense2_camera_msgs/include/realsense2_camera_msgs/realsense2_camera_msgs/msg/detail/imu_info__rosidl_typesupport_introspection_c.h
[6.528s] -- Installing: /workspaces/isaac_ros-dev/install/realsense2_camera_msgs/include/realsense2_camera_msgs/realsense2_camera_msgs/msg/detail/rgbd__rosidl_typesupport_introspection_c.h
[6.528s] -- Installing: /workspaces/isaac_ros-dev/install/realsense2_camera_msgs/include/realsense2_camera_msgs/realsense2_camera_msgs/msg/detail/metadata__rosidl_typesupport_introspection_c.h
[6.528s] -- Up-to-date: /workspaces/isaac_ros-dev/install/realsense2_camera_msgs/include/realsense2_camera_msgs/realsense2_camera_msgs/msg/detail/metadata__type_support.c
[6.528s] -- Up-to-date: /workspaces/isaac_ros-dev/install/realsense2_camera_msgs/include/realsense2_camera_msgs/realsense2_camera_msgs/msg/detail/imu_info__type_support.c
[6.528s] -- Installing: /workspaces/isaac_ros-dev/install/realsense2_camera_msgs/lib/librealsense2_camera_msgs__rosidl_typesupport_introspection_c.so
[6.528s] -- Set non-toolchain portion of runtime path of "/workspaces/isaac_ros-dev/install/realsense2_camera_msgs/lib/librealsense2_camera_msgs__rosidl_typesupport_introspection_c.so" to ""
[6.528s] -- Installing: /workspaces/isaac_ros-dev/install/realsense2_camera_msgs/lib/librealsense2_camera_msgs__rosidl_typesupport_c.so
[6.529s] -- Set non-toolchain portion of runtime path of "/workspaces/isaac_ros-dev/install/realsense2_camera_msgs/lib/librealsense2_camera_msgs__rosidl_typesupport_c.so" to ""
[6.529s] -- Up-to-date: /workspaces/isaac_ros-dev/install/realsense2_camera_msgs/include/realsense2_camera_msgs/realsense2_camera_msgs
[6.529s] -- Up-to-date: /workspaces/isaac_ros-dev/install/realsense2_camera_msgs/include/realsense2_camera_msgs/realsense2_camera_msgs/srv
[6.529s] -- Up-to-date: /workspaces/isaac_ros-dev/install/realsense2_camera_msgs/include/realsense2_camera_msgs/realsense2_camera_msgs/srv/detail
[6.529s] -- Installing: /workspaces/isaac_ros-dev/install/realsense2_camera_msgs/include/realsense2_camera_msgs/realsense2_camera_msgs/srv/detail/device_info__type_support.hpp
[6.529s] -- Installing: /workspaces/isaac_ros-dev/install/realsense2_camera_msgs/include/realsense2_camera_msgs/realsense2_camera_msgs/srv/detail/device_info__builder.hpp
[6.529s] -- Installing: /workspaces/isaac_ros-dev/install/realsense2_camera_msgs/include/realsense2_camera_msgs/realsense2_camera_msgs/srv/detail/device_info__struct.hpp
[6.529s] -- Installing: /workspaces/isaac_ros-dev/install/realsense2_camera_msgs/include/realsense2_camera_msgs/realsense2_camera_msgs/srv/detail/device_info__traits.hpp
[6.529s] -- Installing: /workspaces/isaac_ros-dev/install/realsense2_camera_msgs/include/realsense2_camera_msgs/realsense2_camera_msgs/srv/device_info.hpp
[6.530s] -- Up-to-date: /workspaces/isaac_ros-dev/install/realsense2_camera_msgs/include/realsense2_camera_msgs/realsense2_camera_msgs/msg
[6.530s] -- Installing: /workspaces/isaac_ros-dev/install/realsense2_camera_msgs/include/realsense2_camera_msgs/realsense2_camera_msgs/msg/imu_info.hpp
[6.530s] -- Installing: /workspaces/isaac_ros-dev/install/realsense2_camera_msgs/include/realsense2_camera_msgs/realsense2_camera_msgs/msg/rgbd.hpp
[6.530s] -- Installing: /workspaces/isaac_ros-dev/install/realsense2_camera_msgs/include/realsense2_camera_msgs/realsense2_camera_msgs/msg/rosidl_generator_cpp__visibility_control.hpp
[6.530s] -- Installing: /workspaces/isaac_ros-dev/install/realsense2_camera_msgs/include/realsense2_camera_msgs/realsense2_camera_msgs/msg/metadata.hpp
[6.530s] -- Installing: /workspaces/isaac_ros-dev/install/realsense2_camera_msgs/include/realsense2_camera_msgs/realsense2_camera_msgs/msg/extrinsics.hpp
[6.530s] -- Up-to-date: /workspaces/isaac_ros-dev/install/realsense2_camera_msgs/include/realsense2_camera_msgs/realsense2_camera_msgs/msg/detail
[6.530s] -- Installing: /workspaces/isaac_ros-dev/install/realsense2_camera_msgs/include/realsense2_camera_msgs/realsense2_camera_msgs/msg/detail/imu_info__traits.hpp
[6.530s] -- Installing: /workspaces/isaac_ros-dev/install/realsense2_camera_msgs/include/realsense2_camera_msgs/realsense2_camera_msgs/msg/detail/rgbd__struct.hpp
[6.530s] -- Installing: /workspaces/isaac_ros-dev/install/realsense2_camera_msgs/include/realsense2_camera_msgs/realsense2_camera_msgs/msg/detail/rgbd__traits.hpp
[6.531s] -- Installing: /workspaces/isaac_ros-dev/install/realsense2_camera_msgs/include/realsense2_camera_msgs/realsense2_camera_msgs/msg/detail/metadata__struct.hpp
[6.531s] -- Installing: /workspaces/isaac_ros-dev/install/realsense2_camera_msgs/include/realsense2_camera_msgs/realsense2_camera_msgs/msg/detail/imu_info__builder.hpp
[6.531s] -- Installing: /workspaces/isaac_ros-dev/install/realsense2_camera_msgs/include/realsense2_camera_msgs/realsense2_camera_msgs/msg/detail/rgbd__type_support.hpp
[6.531s] -- Installing: /workspaces/isaac_ros-dev/install/realsense2_camera_msgs/include/realsense2_camera_msgs/realsense2_camera_msgs/msg/detail/metadata__traits.hpp
[6.531s] -- Installing: /workspaces/isaac_ros-dev/install/realsense2_camera_msgs/include/realsense2_camera_msgs/realsense2_camera_msgs/msg/detail/extrinsics__struct.hpp
[6.531s] -- Installing: /workspaces/isaac_ros-dev/install/realsense2_camera_msgs/include/realsense2_camera_msgs/realsense2_camera_msgs/msg/detail/extrinsics__type_support.hpp
[6.531s] -- Installing: /workspaces/isaac_ros-dev/install/realsense2_camera_msgs/include/realsense2_camera_msgs/realsense2_camera_msgs/msg/detail/extrinsics__traits.hpp
[6.532s] -- Installing: /workspaces/isaac_ros-dev/install/realsense2_camera_msgs/include/realsense2_camera_msgs/realsense2_camera_msgs/msg/detail/rgbd__builder.hpp
[6.532s] -- Installing: /workspaces/isaac_ros-dev/install/realsense2_camera_msgs/include/realsense2_camera_msgs/realsense2_camera_msgs/msg/detail/metadata__type_support.hpp
[6.532s] -- Installing: /workspaces/isaac_ros-dev/install/realsense2_camera_msgs/include/realsense2_camera_msgs/realsense2_camera_msgs/msg/detail/imu_info__struct.hpp
[6.532s] -- Installing: /workspaces/isaac_ros-dev/install/realsense2_camera_msgs/include/realsense2_camera_msgs/realsense2_camera_msgs/msg/detail/extrinsics__builder.hpp
[6.532s] -- Installing: /workspaces/isaac_ros-dev/install/realsense2_camera_msgs/include/realsense2_camera_msgs/realsense2_camera_msgs/msg/detail/metadata__builder.hpp
[6.532s] -- Installing: /workspaces/isaac_ros-dev/install/realsense2_camera_msgs/include/realsense2_camera_msgs/realsense2_camera_msgs/msg/detail/imu_info__type_support.hpp
[6.532s] -- Up-to-date: /workspaces/isaac_ros-dev/install/realsense2_camera_msgs/include/realsense2_camera_msgs/realsense2_camera_msgs
[6.532s] -- Up-to-date: /workspaces/isaac_ros-dev/install/realsense2_camera_msgs/include/realsense2_camera_msgs/realsense2_camera_msgs/srv
[6.532s] -- Up-to-date: /workspaces/isaac_ros-dev/install/realsense2_camera_msgs/include/realsense2_camera_msgs/realsense2_camera_msgs/srv/detail
[6.533s] -- Installing: /workspaces/isaac_ros-dev/install/realsense2_camera_msgs/include/realsense2_camera_msgs/realsense2_camera_msgs/srv/detail/dds_fastrtps
[6.533s] -- Installing: /workspaces/isaac_ros-dev/install/realsense2_camera_msgs/include/realsense2_camera_msgs/realsense2_camera_msgs/srv/detail/device_info__rosidl_typesupport_fastrtps_cpp.hpp
[6.533s] -- Up-to-date: /workspaces/isaac_ros-dev/install/realsense2_camera_msgs/include/realsense2_camera_msgs/realsense2_camera_msgs/msg
[6.533s] -- Installing: /workspaces/isaac_ros-dev/install/realsense2_camera_msgs/include/realsense2_camera_msgs/realsense2_camera_msgs/msg/rosidl_typesupport_fastrtps_cpp__visibility_control.h
[6.533s] -- Up-to-date: /workspaces/isaac_ros-dev/install/realsense2_camera_msgs/include/realsense2_camera_msgs/realsense2_camera_msgs/msg/detail
[6.533s] -- Installing: /workspaces/isaac_ros-dev/install/realsense2_camera_msgs/include/realsense2_camera_msgs/realsense2_camera_msgs/msg/detail/extrinsics__rosidl_typesupport_fastrtps_cpp.hpp
[6.533s] -- Installing: /workspaces/isaac_ros-dev/install/realsense2_camera_msgs/include/realsense2_camera_msgs/realsense2_camera_msgs/msg/detail/rgbd__rosidl_typesupport_fastrtps_cpp.hpp
[6.533s] -- Installing: /workspaces/isaac_ros-dev/install/realsense2_camera_msgs/include/realsense2_camera_msgs/realsense2_camera_msgs/msg/detail/dds_fastrtps
[6.533s] -- Installing: /workspaces/isaac_ros-dev/install/realsense2_camera_msgs/include/realsense2_camera_msgs/realsense2_camera_msgs/msg/detail/metadata__rosidl_typesupport_fastrtps_cpp.hpp
[6.533s] -- Installing: /workspaces/isaac_ros-dev/install/realsense2_camera_msgs/include/realsense2_camera_msgs/realsense2_camera_msgs/msg/detail/imu_info__rosidl_typesupport_fastrtps_cpp.hpp
[6.533s] -- Installing: /workspaces/isaac_ros-dev/install/realsense2_camera_msgs/lib/librealsense2_camera_msgs__rosidl_typesupport_fastrtps_cpp.so
[6.534s] -- Set non-toolchain portion of runtime path of "/workspaces/isaac_ros-dev/install/realsense2_camera_msgs/lib/librealsense2_camera_msgs__rosidl_typesupport_fastrtps_cpp.so" to ""
[6.534s] -- Up-to-date: /workspaces/isaac_ros-dev/install/realsense2_camera_msgs/include/realsense2_camera_msgs/realsense2_camera_msgs
[6.534s] -- Up-to-date: /workspaces/isaac_ros-dev/install/realsense2_camera_msgs/include/realsense2_camera_msgs/realsense2_camera_msgs/srv
[6.534s] -- Up-to-date: /workspaces/isaac_ros-dev/install/realsense2_camera_msgs/include/realsense2_camera_msgs/realsense2_camera_msgs/srv/detail
[6.534s] -- Installing: /workspaces/isaac_ros-dev/install/realsense2_camera_msgs/include/realsense2_camera_msgs/realsense2_camera_msgs/srv/detail/device_info__rosidl_typesupport_introspection_cpp.hpp
[6.534s] -- Installing: /workspaces/isaac_ros-dev/install/realsense2_camera_msgs/include/realsense2_camera_msgs/realsense2_camera_msgs/srv/detail/device_info__type_support.cpp
[6.534s] -- Up-to-date: /workspaces/isaac_ros-dev/install/realsense2_camera_msgs/include/realsense2_camera_msgs/realsense2_camera_msgs/msg
[6.535s] -- Up-to-date: /workspaces/isaac_ros-dev/install/realsense2_camera_msgs/include/realsense2_camera_msgs/realsense2_camera_msgs/msg/detail
[6.535s] -- Installing: /workspaces/isaac_ros-dev/install/realsense2_camera_msgs/include/realsense2_camera_msgs/realsense2_camera_msgs/msg/detail/metadata__rosidl_typesupport_introspection_cpp.hpp
[6.535s] -- Installing: /workspaces/isaac_ros-dev/install/realsense2_camera_msgs/include/realsense2_camera_msgs/realsense2_camera_msgs/msg/detail/extrinsics__rosidl_typesupport_introspection_cpp.hpp
[6.535s] -- Installing: /workspaces/isaac_ros-dev/install/realsense2_camera_msgs/include/realsense2_camera_msgs/realsense2_camera_msgs/msg/detail/imu_info__rosidl_typesupport_introspection_cpp.hpp
[6.535s] -- Installing: /workspaces/isaac_ros-dev/install/realsense2_camera_msgs/include/realsense2_camera_msgs/realsense2_camera_msgs/msg/detail/rgbd__type_support.cpp
[6.535s] -- Installing: /workspaces/isaac_ros-dev/install/realsense2_camera_msgs/include/realsense2_camera_msgs/realsense2_camera_msgs/msg/detail/rgbd__rosidl_typesupport_introspection_cpp.hpp
[6.535s] -- Installing: /workspaces/isaac_ros-dev/install/realsense2_camera_msgs/include/realsense2_camera_msgs/realsense2_camera_msgs/msg/detail/imu_info__type_support.cpp
[6.535s] -- Installing: /workspaces/isaac_ros-dev/install/realsense2_camera_msgs/include/realsense2_camera_msgs/realsense2_camera_msgs/msg/detail/metadata__type_support.cpp
[6.535s] -- Installing: /workspaces/isaac_ros-dev/install/realsense2_camera_msgs/include/realsense2_camera_msgs/realsense2_camera_msgs/msg/detail/extrinsics__type_support.cpp
[6.536s] -- Installing: /workspaces/isaac_ros-dev/install/realsense2_camera_msgs/lib/librealsense2_camera_msgs__rosidl_typesupport_introspection_cpp.so
[6.536s] -- Set non-toolchain portion of runtime path of "/workspaces/isaac_ros-dev/install/realsense2_camera_msgs/lib/librealsense2_camera_msgs__rosidl_typesupport_introspection_cpp.so" to ""
[6.536s] -- Installing: /workspaces/isaac_ros-dev/install/realsense2_camera_msgs/lib/librealsense2_camera_msgs__rosidl_typesupport_cpp.so
[6.537s] -- Set non-toolchain portion of runtime path of "/workspaces/isaac_ros-dev/install/realsense2_camera_msgs/lib/librealsense2_camera_msgs__rosidl_typesupport_cpp.so" to ""
[6.537s] -- Installing: /workspaces/isaac_ros-dev/install/realsense2_camera_msgs/share/realsense2_camera_msgs/environment/pythonpath.sh
[6.537s] -- Installing: /workspaces/isaac_ros-dev/install/realsense2_camera_msgs/share/realsense2_camera_msgs/environment/pythonpath.dsv
[6.537s] -- Installing: /workspaces/isaac_ros-dev/install/realsense2_camera_msgs/lib/python3.12/site-packages/realsense2_camera_msgs-4.55.1-py3.12.egg-info
[6.537s] -- Installing: /workspaces/isaac_ros-dev/install/realsense2_camera_msgs/lib/python3.12/site-packages/realsense2_camera_msgs-4.55.1-py3.12.egg-info/SOURCES.txt
[6.537s] -- Installing: /workspaces/isaac_ros-dev/install/realsense2_camera_msgs/lib/python3.12/site-packages/realsense2_camera_msgs-4.55.1-py3.12.egg-info/top_level.txt
[6.538s] -- Installing: /workspaces/isaac_ros-dev/install/realsense2_camera_msgs/lib/python3.12/site-packages/realsense2_camera_msgs-4.55.1-py3.12.egg-info/dependency_links.txt
[6.538s] -- Installing: /workspaces/isaac_ros-dev/install/realsense2_camera_msgs/lib/python3.12/site-packages/realsense2_camera_msgs-4.55.1-py3.12.egg-info/PKG-INFO
[6.538s] -- Installing: /workspaces/isaac_ros-dev/install/realsense2_camera_msgs/lib/python3.12/site-packages/realsense2_camera_msgs
[6.538s] -- Installing: /workspaces/isaac_ros-dev/install/realsense2_camera_msgs/lib/python3.12/site-packages/realsense2_camera_msgs/_realsense2_camera_msgs_s.ep.rosidl_typesupport_c.c
[6.538s] -- Installing: /workspaces/isaac_ros-dev/install/realsense2_camera_msgs/lib/python3.12/site-packages/realsense2_camera_msgs/realsense2_camera_msgs_s__rosidl_typesupport_c.so
[6.538s] -- Installing: /workspaces/isaac_ros-dev/install/realsense2_camera_msgs/lib/python3.12/site-packages/realsense2_camera_msgs/realsense2_camera_msgs_s__rosidl_typesupport_fastrtps_c.so
[6.539s] -- Installing: /workspaces/isaac_ros-dev/install/realsense2_camera_msgs/lib/python3.12/site-packages/realsense2_camera_msgs/srv
[6.539s] -- Installing: /workspaces/isaac_ros-dev/install/realsense2_camera_msgs/lib/python3.12/site-packages/realsense2_camera_msgs/srv/_device_info_s.c
[6.539s] -- Installing: /workspaces/isaac_ros-dev/install/realsense2_camera_msgs/lib/python3.12/site-packages/realsense2_camera_msgs/srv/__init__.py
[6.539s] -- Installing: /workspaces/isaac_ros-dev/install/realsense2_camera_msgs/lib/python3.12/site-packages/realsense2_camera_msgs/srv/_device_info.py
[6.539s] -- Installing: /workspaces/isaac_ros-dev/install/realsense2_camera_msgs/lib/python3.12/site-packages/realsense2_camera_msgs/__init__.py
[6.539s] -- Installing: /workspaces/isaac_ros-dev/install/realsense2_camera_msgs/lib/python3.12/site-packages/realsense2_camera_msgs/_realsense2_camera_msgs_s.ep.rosidl_typesupport_introspection_c.c
[6.539s] -- Installing: /workspaces/isaac_ros-dev/install/realsense2_camera_msgs/lib/python3.12/site-packages/realsense2_camera_msgs/msg
[6.540s] -- Installing: /workspaces/isaac_ros-dev/install/realsense2_camera_msgs/lib/python3.12/site-packages/realsense2_camera_msgs/msg/_imu_info_s.c
[6.540s] -- Installing: /workspaces/isaac_ros-dev/install/realsense2_camera_msgs/lib/python3.12/site-packages/realsense2_camera_msgs/msg/_extrinsics_s.c
[6.540s] -- Installing: /workspaces/isaac_ros-dev/install/realsense2_camera_msgs/lib/python3.12/site-packages/realsense2_camera_msgs/msg/_rgbd_s.c
[6.540s] -- Installing: /workspaces/isaac_ros-dev/install/realsense2_camera_msgs/lib/python3.12/site-packages/realsense2_camera_msgs/msg/_imu_info.py
[6.540s] -- Installing: /workspaces/isaac_ros-dev/install/realsense2_camera_msgs/lib/python3.12/site-packages/realsense2_camera_msgs/msg/_metadata_s.c
[6.540s] -- Installing: /workspaces/isaac_ros-dev/install/realsense2_camera_msgs/lib/python3.12/site-packages/realsense2_camera_msgs/msg/__init__.py
[6.540s] -- Installing: /workspaces/isaac_ros-dev/install/realsense2_camera_msgs/lib/python3.12/site-packages/realsense2_camera_msgs/msg/_metadata.py
[6.541s] -- Installing: /workspaces/isaac_ros-dev/install/realsense2_camera_msgs/lib/python3.12/site-packages/realsense2_camera_msgs/msg/_rgbd.py
[6.541s] -- Installing: /workspaces/isaac_ros-dev/install/realsense2_camera_msgs/lib/python3.12/site-packages/realsense2_camera_msgs/msg/_extrinsics.py
[6.541s] -- Installing: /workspaces/isaac_ros-dev/install/realsense2_camera_msgs/lib/python3.12/site-packages/realsense2_camera_msgs/_realsense2_camera_msgs_s.ep.rosidl_typesupport_fastrtps_c.c
[6.541s] -- Installing: /workspaces/isaac_ros-dev/install/realsense2_camera_msgs/lib/python3.12/site-packages/realsense2_camera_msgs/realsense2_camera_msgs_s__rosidl_typesupport_introspection_c.so
[6.583s] Listing '/workspaces/isaac_ros-dev/install/realsense2_camera_msgs/lib/python3.12/site-packages/realsense2_camera_msgs'...
[6.583s] Compiling '/workspaces/isaac_ros-dev/install/realsense2_camera_msgs/lib/python3.12/site-packages/realsense2_camera_msgs/__init__.py'...
[6.583s] Listing '/workspaces/isaac_ros-dev/install/realsense2_camera_msgs/lib/python3.12/site-packages/realsense2_camera_msgs/msg'...
[6.583s] Compiling '/workspaces/isaac_ros-dev/install/realsense2_camera_msgs/lib/python3.12/site-packages/realsense2_camera_msgs/msg/__init__.py'...
[6.583s] Compiling '/workspaces/isaac_ros-dev/install/realsense2_camera_msgs/lib/python3.12/site-packages/realsense2_camera_msgs/msg/_extrinsics.py'...
[6.583s] Compiling '/workspaces/isaac_ros-dev/install/realsense2_camera_msgs/lib/python3.12/site-packages/realsense2_camera_msgs/msg/_imu_info.py'...
[6.583s] Compiling '/workspaces/isaac_ros-dev/install/realsense2_camera_msgs/lib/python3.12/site-packages/realsense2_camera_msgs/msg/_metadata.py'...
[6.583s] Compiling '/workspaces/isaac_ros-dev/install/realsense2_camera_msgs/lib/python3.12/site-packages/realsense2_camera_msgs/msg/_rgbd.py'...
[6.583s] Listing '/workspaces/isaac_ros-dev/install/realsense2_camera_msgs/lib/python3.12/site-packages/realsense2_camera_msgs/srv'...
[6.583s] Compiling '/workspaces/isaac_ros-dev/install/realsense2_camera_msgs/lib/python3.12/site-packages/realsense2_camera_msgs/srv/__init__.py'...
[6.583s] Compiling '/workspaces/isaac_ros-dev/install/realsense2_camera_msgs/lib/python3.12/site-packages/realsense2_camera_msgs/srv/_device_info.py'...
[6.587s] -- Installing: /workspaces/isaac_ros-dev/install/realsense2_camera_msgs/lib/python3.12/site-packages/realsense2_camera_msgs/realsense2_camera_msgs_s__rosidl_typesupport_fastrtps_c.so
[6.588s] -- Set non-toolchain portion of runtime path of "/workspaces/isaac_ros-dev/install/realsense2_camera_msgs/lib/python3.12/site-packages/realsense2_camera_msgs/realsense2_camera_msgs_s__rosidl_typesupport_fastrtps_c.so" to ""
[6.588s] -- Installing: /workspaces/isaac_ros-dev/install/realsense2_camera_msgs/lib/python3.12/site-packages/realsense2_camera_msgs/realsense2_camera_msgs_s__rosidl_typesupport_introspection_c.so
[6.589s] -- Set non-toolchain portion of runtime path of "/workspaces/isaac_ros-dev/install/realsense2_camera_msgs/lib/python3.12/site-packages/realsense2_camera_msgs/realsense2_camera_msgs_s__rosidl_typesupport_introspection_c.so" to ""
[6.589s] -- Installing: /workspaces/isaac_ros-dev/install/realsense2_camera_msgs/lib/python3.12/site-packages/realsense2_camera_msgs/realsense2_camera_msgs_s__rosidl_typesupport_c.so
[6.589s] -- Set non-toolchain portion of runtime path of "/workspaces/isaac_ros-dev/install/realsense2_camera_msgs/lib/python3.12/site-packages/realsense2_camera_msgs/realsense2_camera_msgs_s__rosidl_typesupport_c.so" to ""
[6.589s] -- Installing: /workspaces/isaac_ros-dev/install/realsense2_camera_msgs/lib/librealsense2_camera_msgs__rosidl_generator_py.so
[6.590s] -- Set non-toolchain portion of runtime path of "/workspaces/isaac_ros-dev/install/realsense2_camera_msgs/lib/librealsense2_camera_msgs__rosidl_generator_py.so" to ""
[6.590s] -- Installing: /workspaces/isaac_ros-dev/install/realsense2_camera_msgs/share/ament_index/resource_index/rust_packages/realsense2_camera_msgs
[6.590s] -- Installing: /workspaces/isaac_ros-dev/install/realsense2_camera_msgs/share/realsense2_camera_msgs/rust
[6.590s] -- Installing: /workspaces/isaac_ros-dev/install/realsense2_camera_msgs/share/realsense2_camera_msgs/rust/Cargo.toml
[6.590s] -- Installing: /workspaces/isaac_ros-dev/install/realsense2_camera_msgs/share/realsense2_camera_msgs/rust/src
[6.590s] -- Installing: /workspaces/isaac_ros-dev/install/realsense2_camera_msgs/share/realsense2_camera_msgs/rust/src/lib.rs
[6.590s] -- Installing: /workspaces/isaac_ros-dev/install/realsense2_camera_msgs/share/realsense2_camera_msgs/rust/src/srv.rs
[6.590s] -- Installing: /workspaces/isaac_ros-dev/install/realsense2_camera_msgs/share/realsense2_camera_msgs/rust/src/srv
[6.590s] -- Installing: /workspaces/isaac_ros-dev/install/realsense2_camera_msgs/share/realsense2_camera_msgs/rust/src/srv/rmw.rs
[6.591s] -- Installing: /workspaces/isaac_ros-dev/install/realsense2_camera_msgs/share/realsense2_camera_msgs/rust/src/msg
[6.591s] -- Installing: /workspaces/isaac_ros-dev/install/realsense2_camera_msgs/share/realsense2_camera_msgs/rust/src/msg/rmw.rs
[6.591s] -- Installing: /workspaces/isaac_ros-dev/install/realsense2_camera_msgs/share/realsense2_camera_msgs/rust/src/msg.rs
[6.591s] -- Installing: /workspaces/isaac_ros-dev/install/realsense2_camera_msgs/share/realsense2_camera_msgs/rust/build.rs
[6.591s] -- Installing: /workspaces/isaac_ros-dev/install/realsense2_camera_msgs/share/realsense2_camera_msgs/msg/IMUInfo.idl
[6.591s] -- Installing: /workspaces/isaac_ros-dev/install/realsense2_camera_msgs/share/realsense2_camera_msgs/msg/Extrinsics.idl
[6.591s] -- Installing: /workspaces/isaac_ros-dev/install/realsense2_camera_msgs/share/realsense2_camera_msgs/msg/Metadata.idl
[6.592s] -- Installing: /workspaces/isaac_ros-dev/install/realsense2_camera_msgs/share/realsense2_camera_msgs/msg/RGBD.idl
[6.592s] -- Installing: /workspaces/isaac_ros-dev/install/realsense2_camera_msgs/share/realsense2_camera_msgs/srv/DeviceInfo.idl
[6.592s] -- Installing: /workspaces/isaac_ros-dev/install/realsense2_camera_msgs/share/realsense2_camera_msgs/msg/IMUInfo.msg
[6.592s] -- Installing: /workspaces/isaac_ros-dev/install/realsense2_camera_msgs/share/realsense2_camera_msgs/msg/Extrinsics.msg
[6.592s] -- Installing: /workspaces/isaac_ros-dev/install/realsense2_camera_msgs/share/realsense2_camera_msgs/msg/Metadata.msg
[6.593s] -- Installing: /workspaces/isaac_ros-dev/install/realsense2_camera_msgs/share/realsense2_camera_msgs/msg/RGBD.msg
[6.593s] -- Installing: /workspaces/isaac_ros-dev/install/realsense2_camera_msgs/share/realsense2_camera_msgs/srv/DeviceInfo.srv
[6.593s] -- Installing: /workspaces/isaac_ros-dev/install/realsense2_camera_msgs/share/ament_index/resource_index/package_run_dependencies/realsense2_camera_msgs
[6.593s] -- Installing: /workspaces/isaac_ros-dev/install/realsense2_camera_msgs/share/ament_index/resource_index/parent_prefix_path/realsense2_camera_msgs
[6.593s] -- Installing: /workspaces/isaac_ros-dev/install/realsense2_camera_msgs/share/realsense2_camera_msgs/environment/ament_prefix_path.sh
[6.594s] -- Installing: /workspaces/isaac_ros-dev/install/realsense2_camera_msgs/share/realsense2_camera_msgs/environment/ament_prefix_path.dsv
[6.594s] -- Installing: /workspaces/isaac_ros-dev/install/realsense2_camera_msgs/share/realsense2_camera_msgs/environment/path.sh
[6.594s] -- Installing: /workspaces/isaac_ros-dev/install/realsense2_camera_msgs/share/realsense2_camera_msgs/environment/path.dsv
[6.594s] -- Installing: /workspaces/isaac_ros-dev/install/realsense2_camera_msgs/share/realsense2_camera_msgs/local_setup.bash
[6.594s] -- Installing: /workspaces/isaac_ros-dev/install/realsense2_camera_msgs/share/realsense2_camera_msgs/local_setup.sh
[6.594s] -- Installing: /workspaces/isaac_ros-dev/install/realsense2_camera_msgs/share/realsense2_camera_msgs/local_setup.zsh
[6.594s] -- Installing: /workspaces/isaac_ros-dev/install/realsense2_camera_msgs/share/realsense2_camera_msgs/local_setup.dsv
[6.595s] -- Installing: /workspaces/isaac_ros-dev/install/realsense2_camera_msgs/share/realsense2_camera_msgs/package.dsv
[6.595s] -- Installing: /workspaces/isaac_ros-dev/install/realsense2_camera_msgs/share/ament_index/resource_index/packages/realsense2_camera_msgs
[6.595s] -- Installing: /workspaces/isaac_ros-dev/install/realsense2_camera_msgs/share/realsense2_camera_msgs/cmake/export_realsense2_camera_msgs__rosidl_generator_cExport.cmake
[6.595s] -- Installing: /workspaces/isaac_ros-dev/install/realsense2_camera_msgs/share/realsense2_camera_msgs/cmake/export_realsense2_camera_msgs__rosidl_generator_cExport-noconfig.cmake
[6.595s] -- Installing: /workspaces/isaac_ros-dev/install/realsense2_camera_msgs/share/realsense2_camera_msgs/cmake/export_realsense2_camera_msgs__rosidl_typesupport_fastrtps_cExport.cmake
[6.595s] -- Installing: /workspaces/isaac_ros-dev/install/realsense2_camera_msgs/share/realsense2_camera_msgs/cmake/export_realsense2_camera_msgs__rosidl_typesupport_fastrtps_cExport-noconfig.cmake
[6.596s] -- Installing: /workspaces/isaac_ros-dev/install/realsense2_camera_msgs/share/realsense2_camera_msgs/cmake/realsense2_camera_msgs__rosidl_typesupport_introspection_cExport.cmake
[6.596s] -- Installing: /workspaces/isaac_ros-dev/install/realsense2_camera_msgs/share/realsense2_camera_msgs/cmake/realsense2_camera_msgs__rosidl_typesupport_introspection_cExport-noconfig.cmake
[6.596s] -- Installing: /workspaces/isaac_ros-dev/install/realsense2_camera_msgs/share/realsense2_camera_msgs/cmake/realsense2_camera_msgs__rosidl_typesupport_cExport.cmake
[6.596s] -- Installing: /workspaces/isaac_ros-dev/install/realsense2_camera_msgs/share/realsense2_camera_msgs/cmake/realsense2_camera_msgs__rosidl_typesupport_cExport-noconfig.cmake
[6.596s] -- Installing: /workspaces/isaac_ros-dev/install/realsense2_camera_msgs/share/realsense2_camera_msgs/cmake/export_realsense2_camera_msgs__rosidl_generator_cppExport.cmake
[6.596s] -- Installing: /workspaces/isaac_ros-dev/install/realsense2_camera_msgs/share/realsense2_camera_msgs/cmake/export_realsense2_camera_msgs__rosidl_typesupport_fastrtps_cppExport.cmake
[6.597s] -- Installing: /workspaces/isaac_ros-dev/install/realsense2_camera_msgs/share/realsense2_camera_msgs/cmake/export_realsense2_camera_msgs__rosidl_typesupport_fastrtps_cppExport-noconfig.cmake
[6.597s] -- Installing: /workspaces/isaac_ros-dev/install/realsense2_camera_msgs/share/realsense2_camera_msgs/cmake/realsense2_camera_msgs__rosidl_typesupport_introspection_cppExport.cmake
[6.597s] -- Installing: /workspaces/isaac_ros-dev/install/realsense2_camera_msgs/share/realsense2_camera_msgs/cmake/realsense2_camera_msgs__rosidl_typesupport_introspection_cppExport-noconfig.cmake
[6.597s] -- Installing: /workspaces/isaac_ros-dev/install/realsense2_camera_msgs/share/realsense2_camera_msgs/cmake/realsense2_camera_msgs__rosidl_typesupport_cppExport.cmake
[6.597s] -- Installing: /workspaces/isaac_ros-dev/install/realsense2_camera_msgs/share/realsense2_camera_msgs/cmake/realsense2_camera_msgs__rosidl_typesupport_cppExport-noconfig.cmake
[6.597s] -- Installing: /workspaces/isaac_ros-dev/install/realsense2_camera_msgs/share/realsense2_camera_msgs/cmake/export_realsense2_camera_msgs__rosidl_generator_pyExport.cmake
[6.598s] -- Installing: /workspaces/isaac_ros-dev/install/realsense2_camera_msgs/share/realsense2_camera_msgs/cmake/export_realsense2_camera_msgs__rosidl_generator_pyExport-noconfig.cmake
[6.598s] -- Installing: /workspaces/isaac_ros-dev/install/realsense2_camera_msgs/share/realsense2_camera_msgs/cmake/rosidl_cmake-extras.cmake
[6.598s] -- Installing: /workspaces/isaac_ros-dev/install/realsense2_camera_msgs/share/realsense2_camera_msgs/cmake/ament_cmake_export_dependencies-extras.cmake
[6.598s] -- Installing: /workspaces/isaac_ros-dev/install/realsense2_camera_msgs/share/realsense2_camera_msgs/cmake/ament_cmake_export_include_directories-extras.cmake
[6.598s] -- Installing: /workspaces/isaac_ros-dev/install/realsense2_camera_msgs/share/realsense2_camera_msgs/cmake/ament_cmake_export_libraries-extras.cmake
[6.598s] -- Installing: /workspaces/isaac_ros-dev/install/realsense2_camera_msgs/share/realsense2_camera_msgs/cmake/ament_cmake_export_targets-extras.cmake
[6.598s] -- Installing: /workspaces/isaac_ros-dev/install/realsense2_camera_msgs/share/realsense2_camera_msgs/cmake/rosidl_cmake_export_typesupport_targets-extras.cmake
[6.599s] -- Installing: /workspaces/isaac_ros-dev/install/realsense2_camera_msgs/share/realsense2_camera_msgs/cmake/rosidl_cmake_export_typesupport_libraries-extras.cmake
[6.599s] -- Installing: /workspaces/isaac_ros-dev/install/realsense2_camera_msgs/share/realsense2_camera_msgs/cmake/realsense2_camera_msgsConfig.cmake
[6.599s] -- Installing: /workspaces/isaac_ros-dev/install/realsense2_camera_msgs/share/realsense2_camera_msgs/cmake/realsense2_camera_msgsConfig-version.cmake
[6.599s] -- Installing: /workspaces/isaac_ros-dev/install/realsense2_camera_msgs/share/realsense2_camera_msgs/package.xml
[6.601s] Invoked command in '/workspaces/isaac_ros-dev/build/realsense2_camera_msgs' returned '0': CMAKE_PREFIX_PATH=/opt/ros/jazzy /usr/bin/cmake --install /workspaces/isaac_ros-dev/build/realsense2_camera_msgs
