[0.006s] Invoking command in '/workspaces/isaac_ros-dev/build/realsense2_description': AMENT_PREFIX_PATH=/workspaces/isaac_ros-dev/install/realsense2_camera_msgs:${AMENT_PREFIX_PATH} CMAKE_PREFIX_PATH=/workspaces/isaac_ros-dev/install/realsense2_camera_msgs:/opt/ros/jazzy LD_LIBRARY_PATH=/workspaces/isaac_ros-dev/install/realsense2_camera_msgs/lib:${LD_LIBRARY_PATH} PYTHONPATH=/workspaces/isaac_ros-dev/install/realsense2_camera_msgs/lib/python3.12/site-packages:${PYTHONPATH} /usr/bin/cmake /workspaces/isaac_ros-dev/src/realsense2_description -DUSE_LIFECYCLE_NODE=OFF -DCMAKE_INSTALL_PREFIX=/workspaces/isaac_ros-dev/install/realsense2_description
[0.054s] -- The C compiler identification is GNU 13.3.0
[0.106s] -- The CXX compiler identification is GNU 13.3.0
[0.119s] -- Detecting C compiler ABI info
[0.195s] -- Detecting C compiler ABI info - done
[0.204s] -- Check for working C compiler: /usr/bin/cc - skipped
[0.204s] -- Detecting C compile features
[0.205s] -- Detecting C compile features - done
[0.212s] -- Detecting CXX compiler ABI info
[0.294s] -- Detecting CXX compiler ABI info - done
[0.303s] -- Check for working CXX compiler: /usr/bin/c++ - skipped
[0.304s] -- Detecting CXX compile features
[0.304s] -- Detecting CXX compile features - done
[0.307s] -- Found ament_cmake: 2.5.6 (/opt/ros/jazzy/share/ament_cmake/cmake)
[0.411s] -- Found Python3: /usr/bin/python3 (found version "3.12.3") found components: Interpreter 
[0.582s] -- Configuring done (0.6s)
[0.585s] -- Generating done (0.0s)
[0.586s] [33mCMake Warning:
[0.586s]   Manually-specified variables were not used by the project:
[0.586s] 
[0.586s]     USE_LIFECYCLE_NODE
[0.587s] 
[0.587s] [0m
[0.587s] -- Build files have been written to: /workspaces/isaac_ros-dev/build/realsense2_description
[0.592s] Invoked command in '/workspaces/isaac_ros-dev/build/realsense2_description' returned '0': AMENT_PREFIX_PATH=/workspaces/isaac_ros-dev/install/realsense2_camera_msgs:${AMENT_PREFIX_PATH} CMAKE_PREFIX_PATH=/workspaces/isaac_ros-dev/install/realsense2_camera_msgs:/opt/ros/jazzy LD_LIBRARY_PATH=/workspaces/isaac_ros-dev/install/realsense2_camera_msgs/lib:${LD_LIBRARY_PATH} PYTHONPATH=/workspaces/isaac_ros-dev/install/realsense2_camera_msgs/lib/python3.12/site-packages:${PYTHONPATH} /usr/bin/cmake /workspaces/isaac_ros-dev/src/realsense2_description -DUSE_LIFECYCLE_NODE=OFF -DCMAKE_INSTALL_PREFIX=/workspaces/isaac_ros-dev/install/realsense2_description
[0.593s] Invoking command in '/workspaces/isaac_ros-dev/build/realsense2_description': AMENT_PREFIX_PATH=/workspaces/isaac_ros-dev/install/realsense2_camera_msgs:${AMENT_PREFIX_PATH} CMAKE_PREFIX_PATH=/workspaces/isaac_ros-dev/install/realsense2_camera_msgs:/opt/ros/jazzy LD_LIBRARY_PATH=/workspaces/isaac_ros-dev/install/realsense2_camera_msgs/lib:${LD_LIBRARY_PATH} PYTHONPATH=/workspaces/isaac_ros-dev/install/realsense2_camera_msgs/lib/python3.12/site-packages:${PYTHONPATH} /usr/bin/cmake --build /workspaces/isaac_ros-dev/build/realsense2_description -- -j16 -l16
[0.632s] Invoked command in '/workspaces/isaac_ros-dev/build/realsense2_description' returned '0': AMENT_PREFIX_PATH=/workspaces/isaac_ros-dev/install/realsense2_camera_msgs:${AMENT_PREFIX_PATH} CMAKE_PREFIX_PATH=/workspaces/isaac_ros-dev/install/realsense2_camera_msgs:/opt/ros/jazzy LD_LIBRARY_PATH=/workspaces/isaac_ros-dev/install/realsense2_camera_msgs/lib:${LD_LIBRARY_PATH} PYTHONPATH=/workspaces/isaac_ros-dev/install/realsense2_camera_msgs/lib/python3.12/site-packages:${PYTHONPATH} /usr/bin/cmake --build /workspaces/isaac_ros-dev/build/realsense2_description -- -j16 -l16
[0.633s] Invoking command in '/workspaces/isaac_ros-dev/build/realsense2_description': AMENT_PREFIX_PATH=/workspaces/isaac_ros-dev/install/realsense2_camera_msgs:${AMENT_PREFIX_PATH} CMAKE_PREFIX_PATH=/workspaces/isaac_ros-dev/install/realsense2_camera_msgs:/opt/ros/jazzy LD_LIBRARY_PATH=/workspaces/isaac_ros-dev/install/realsense2_camera_msgs/lib:${LD_LIBRARY_PATH} PYTHONPATH=/workspaces/isaac_ros-dev/install/realsense2_camera_msgs/lib/python3.12/site-packages:${PYTHONPATH} /usr/bin/cmake --install /workspaces/isaac_ros-dev/build/realsense2_description
[0.643s] -- Install configuration: ""
[0.643s] -- Installing: /workspaces/isaac_ros-dev/install/realsense2_description/share/realsense2_description/launch
[0.643s] -- Installing: /workspaces/isaac_ros-dev/install/realsense2_description/share/realsense2_description/launch/launch_utils.py
[0.643s] -- Installing: /workspaces/isaac_ros-dev/install/realsense2_description/share/realsense2_description/launch/view_model.launch.py
[0.643s] -- Installing: /workspaces/isaac_ros-dev/install/realsense2_description/share/realsense2_description/meshes
[0.643s] -- Installing: /workspaces/isaac_ros-dev/install/realsense2_description/share/realsense2_description/meshes/d435.dae
[0.657s] -- Installing: /workspaces/isaac_ros-dev/install/realsense2_description/share/realsense2_description/meshes/plug.stl
[0.657s] -- Installing: /workspaces/isaac_ros-dev/install/realsense2_description/share/realsense2_description/meshes/d455.stl
[0.659s] -- Installing: /workspaces/isaac_ros-dev/install/realsense2_description/share/realsense2_description/meshes/d405.stl
[0.660s] -- Installing: /workspaces/isaac_ros-dev/install/realsense2_description/share/realsense2_description/meshes/l515.dae
[0.685s] -- Installing: /workspaces/isaac_ros-dev/install/realsense2_description/share/realsense2_description/meshes/plug_collision.stl
[0.685s] -- Installing: /workspaces/isaac_ros-dev/install/realsense2_description/share/realsense2_description/meshes/d415.stl
[0.701s] -- Installing: /workspaces/isaac_ros-dev/install/realsense2_description/share/realsense2_description/rviz
[0.701s] -- Installing: /workspaces/isaac_ros-dev/install/realsense2_description/share/realsense2_description/rviz/urdf.rviz
[0.701s] -- Installing: /workspaces/isaac_ros-dev/install/realsense2_description/share/realsense2_description/urdf
[0.701s] -- Installing: /workspaces/isaac_ros-dev/install/realsense2_description/share/realsense2_description/urdf/_d435i_imu_modules.urdf.xacro
[0.702s] -- Installing: /workspaces/isaac_ros-dev/install/realsense2_description/share/realsense2_description/urdf/test_d435_multiple_cameras.urdf.xacro
[0.702s] -- Installing: /workspaces/isaac_ros-dev/install/realsense2_description/share/realsense2_description/urdf/_d405.urdf.xacro
[0.702s] -- Installing: /workspaces/isaac_ros-dev/install/realsense2_description/share/realsense2_description/urdf/_materials.urdf.xacro
[0.702s] -- Installing: /workspaces/isaac_ros-dev/install/realsense2_description/share/realsense2_description/urdf/_d415.urdf.xacro
[0.702s] -- Installing: /workspaces/isaac_ros-dev/install/realsense2_description/share/realsense2_description/urdf/test_r430_camera.urdf.xacro
[0.702s] -- Installing: /workspaces/isaac_ros-dev/install/realsense2_description/share/realsense2_description/urdf/test_r410_camera.urdf.xacro
[0.702s] -- Installing: /workspaces/isaac_ros-dev/install/realsense2_description/share/realsense2_description/urdf/test_d435_camera.urdf.xacro
[0.702s] -- Installing: /workspaces/isaac_ros-dev/install/realsense2_description/share/realsense2_description/urdf/_d435i.urdf.xacro
[0.702s] -- Installing: /workspaces/isaac_ros-dev/install/realsense2_description/share/realsense2_description/urdf/test_d435i_camera.urdf.xacro
[0.703s] -- Installing: /workspaces/isaac_ros-dev/install/realsense2_description/share/realsense2_description/urdf/_d455.urdf.xacro
[0.703s] -- Installing: /workspaces/isaac_ros-dev/install/realsense2_description/share/realsense2_description/urdf/_d435.urdf.xacro
[0.703s] -- Installing: /workspaces/isaac_ros-dev/install/realsense2_description/share/realsense2_description/urdf/test_d455_camera.urdf.xacro
[0.703s] -- Installing: /workspaces/isaac_ros-dev/install/realsense2_description/share/realsense2_description/urdf/_r430.urdf.xacro
[0.703s] -- Installing: /workspaces/isaac_ros-dev/install/realsense2_description/share/realsense2_description/urdf/_r410.urdf.xacro
[0.703s] -- Installing: /workspaces/isaac_ros-dev/install/realsense2_description/share/realsense2_description/urdf/test_d415_camera.urdf.xacro
[0.703s] -- Installing: /workspaces/isaac_ros-dev/install/realsense2_description/share/realsense2_description/urdf/test_d405_camera.urdf.xacro
[0.703s] -- Installing: /workspaces/isaac_ros-dev/install/realsense2_description/share/realsense2_description/urdf/_usb_plug.urdf.xacro
[0.704s] -- Installing: /workspaces/isaac_ros-dev/install/realsense2_description/share/ament_index/resource_index/package_run_dependencies/realsense2_description
[0.704s] -- Installing: /workspaces/isaac_ros-dev/install/realsense2_description/share/ament_index/resource_index/parent_prefix_path/realsense2_description
[0.704s] -- Installing: /workspaces/isaac_ros-dev/install/realsense2_description/share/realsense2_description/environment/ament_prefix_path.sh
[0.704s] -- Installing: /workspaces/isaac_ros-dev/install/realsense2_description/share/realsense2_description/environment/ament_prefix_path.dsv
[0.704s] -- Installing: /workspaces/isaac_ros-dev/install/realsense2_description/share/realsense2_description/environment/path.sh
[0.705s] -- Installing: /workspaces/isaac_ros-dev/install/realsense2_description/share/realsense2_description/environment/path.dsv
[0.705s] -- Installing: /workspaces/isaac_ros-dev/install/realsense2_description/share/realsense2_description/local_setup.bash
[0.705s] -- Installing: /workspaces/isaac_ros-dev/install/realsense2_description/share/realsense2_description/local_setup.sh
[0.705s] -- Installing: /workspaces/isaac_ros-dev/install/realsense2_description/share/realsense2_description/local_setup.zsh
[0.705s] -- Installing: /workspaces/isaac_ros-dev/install/realsense2_description/share/realsense2_description/local_setup.dsv
[0.705s] -- Installing: /workspaces/isaac_ros-dev/install/realsense2_description/share/realsense2_description/package.dsv
[0.706s] -- Installing: /workspaces/isaac_ros-dev/install/realsense2_description/share/ament_index/resource_index/packages/realsense2_description
[0.706s] -- Installing: /workspaces/isaac_ros-dev/install/realsense2_description/share/realsense2_description/cmake/realsense2_descriptionConfig.cmake
[0.706s] -- Installing: /workspaces/isaac_ros-dev/install/realsense2_description/share/realsense2_description/cmake/realsense2_descriptionConfig-version.cmake
[0.706s] -- Installing: /workspaces/isaac_ros-dev/install/realsense2_description/share/realsense2_description/package.xml
[0.708s] Invoked command in '/workspaces/isaac_ros-dev/build/realsense2_description' returned '0': AMENT_PREFIX_PATH=/workspaces/isaac_ros-dev/install/realsense2_camera_msgs:${AMENT_PREFIX_PATH} CMAKE_PREFIX_PATH=/workspaces/isaac_ros-dev/install/realsense2_camera_msgs:/opt/ros/jazzy LD_LIBRARY_PATH=/workspaces/isaac_ros-dev/install/realsense2_camera_msgs/lib:${LD_LIBRARY_PATH} PYTHONPATH=/workspaces/isaac_ros-dev/install/realsense2_camera_msgs/lib/python3.12/site-packages:${PYTHONPATH} /usr/bin/cmake --install /workspaces/isaac_ros-dev/build/realsense2_description
