[0.009s] Invoking command in '/workspaces/isaac_ros-dev/build/realsense2_camera_msgs': CMAKE_PREFIX_PATH=/opt/ros/jazzy /usr/bin/cmake --build /workspaces/isaac_ros-dev/build/realsense2_camera_msgs -- -j16 -l16
[0.054s] [  1%] Built target realsense2_camera_msgs__rosidl_generator_type_description
[0.055s] [  2%] Built target realsense2_camera_msgs__rs
[0.063s] [  2%] Built target ament_cmake_python_copy_realsense2_camera_msgs
[0.072s] [  4%] Built target realsense2_camera_msgs__cpp
[0.081s] [ 26%] Built target realsense2_camera_msgs__rosidl_generator_c
[0.108s] [ 36%] Built target realsense2_camera_msgs__rosidl_typesupport_c
[0.109s] [ 45%] Built target realsense2_camera_msgs__rosidl_typesupport_introspection_c
[0.111s] [ 64%] Built target realsense2_camera_msgs__rosidl_typesupport_fastrtps_c
[0.112s] [ 64%] Built target realsense2_camera_msgs__rosidl_typesupport_fastrtps_cpp
[0.113s] [ 73%] Built target realsense2_camera_msgs__rosidl_typesupport_cpp
[0.117s] [ 82%] Built target realsense2_camera_msgs__rosidl_typesupport_introspection_cpp
[0.134s] [ 82%] Built target realsense2_camera_msgs
[0.151s] [ 84%] Built target realsense2_camera_msgs__py
[0.180s] [ 92%] Built target realsense2_camera_msgs__rosidl_generator_py
[0.201s] [100%] Built target realsense2_camera_msgs_s__rosidl_typesupport_c
[0.201s] [100%] Built target realsense2_camera_msgs_s__rosidl_typesupport_fastrtps_c
[0.201s] [100%] Built target realsense2_camera_msgs_s__rosidl_typesupport_introspection_c
[0.247s] running egg_info
[0.262s] writing realsense2_camera_msgs.egg-info/PKG-INFO
[0.262s] writing dependency_links to realsense2_camera_msgs.egg-info/dependency_links.txt
[0.262s] writing top-level names to realsense2_camera_msgs.egg-info/top_level.txt
[0.303s] reading manifest file 'realsense2_camera_msgs.egg-info/SOURCES.txt'
[0.304s] writing manifest file 'realsense2_camera_msgs.egg-info/SOURCES.txt'
[0.327s] [100%] Built target ament_cmake_python_build_realsense2_camera_msgs_egg
[0.338s] Invoked command in '/workspaces/isaac_ros-dev/build/realsense2_camera_msgs' returned '0': CMAKE_PREFIX_PATH=/opt/ros/jazzy /usr/bin/cmake --build /workspaces/isaac_ros-dev/build/realsense2_camera_msgs -- -j16 -l16
[0.346s] Invoking command in '/workspaces/isaac_ros-dev/build/realsense2_camera_msgs': CMAKE_PREFIX_PATH=/opt/ros/jazzy /usr/bin/cmake --install /workspaces/isaac_ros-dev/build/realsense2_camera_msgs
[0.352s] -- Install configuration: ""
[0.353s] -- Up-to-date: /workspaces/isaac_ros-dev/install/realsense2_camera_msgs/share/ament_index/resource_index/rosidl_interfaces/realsense2_camera_msgs
[0.353s] -- Up-to-date: /workspaces/isaac_ros-dev/install/realsense2_camera_msgs/share/realsense2_camera_msgs/msg/IMUInfo.json
[0.353s] -- Up-to-date: /workspaces/isaac_ros-dev/install/realsense2_camera_msgs/share/realsense2_camera_msgs/msg/Extrinsics.json
[0.353s] -- Up-to-date: /workspaces/isaac_ros-dev/install/realsense2_camera_msgs/share/realsense2_camera_msgs/msg/Metadata.json
[0.353s] -- Up-to-date: /workspaces/isaac_ros-dev/install/realsense2_camera_msgs/share/realsense2_camera_msgs/msg/RGBD.json
[0.353s] -- Up-to-date: /workspaces/isaac_ros-dev/install/realsense2_camera_msgs/share/realsense2_camera_msgs/srv/DeviceInfo.json
[0.354s] -- Up-to-date: /workspaces/isaac_ros-dev/install/realsense2_camera_msgs/include/realsense2_camera_msgs/realsense2_camera_msgs
[0.354s] -- Up-to-date: /workspaces/isaac_ros-dev/install/realsense2_camera_msgs/include/realsense2_camera_msgs/realsense2_camera_msgs/srv
[0.354s] -- Up-to-date: /workspaces/isaac_ros-dev/install/realsense2_camera_msgs/include/realsense2_camera_msgs/realsense2_camera_msgs/srv/device_info.h
[0.354s] -- Up-to-date: /workspaces/isaac_ros-dev/install/realsense2_camera_msgs/include/realsense2_camera_msgs/realsense2_camera_msgs/srv/detail
[0.354s] -- Up-to-date: /workspaces/isaac_ros-dev/install/realsense2_camera_msgs/include/realsense2_camera_msgs/realsense2_camera_msgs/srv/detail/device_info__type_support.h
[0.354s] -- Up-to-date: /workspaces/isaac_ros-dev/install/realsense2_camera_msgs/include/realsense2_camera_msgs/realsense2_camera_msgs/srv/detail/device_info__functions.h
[0.354s] -- Up-to-date: /workspaces/isaac_ros-dev/install/realsense2_camera_msgs/include/realsense2_camera_msgs/realsense2_camera_msgs/srv/detail/device_info__functions.c
[0.354s] -- Up-to-date: /workspaces/isaac_ros-dev/install/realsense2_camera_msgs/include/realsense2_camera_msgs/realsense2_camera_msgs/srv/detail/device_info__struct.h
[0.354s] -- Up-to-date: /workspaces/isaac_ros-dev/install/realsense2_camera_msgs/include/realsense2_camera_msgs/realsense2_camera_msgs/srv/detail/device_info__type_support.c
[0.354s] -- Up-to-date: /workspaces/isaac_ros-dev/install/realsense2_camera_msgs/include/realsense2_camera_msgs/realsense2_camera_msgs/srv/detail/device_info__description.c
[0.355s] -- Up-to-date: /workspaces/isaac_ros-dev/install/realsense2_camera_msgs/include/realsense2_camera_msgs/realsense2_camera_msgs/msg
[0.355s] -- Up-to-date: /workspaces/isaac_ros-dev/install/realsense2_camera_msgs/include/realsense2_camera_msgs/realsense2_camera_msgs/msg/metadata.h
[0.355s] -- Up-to-date: /workspaces/isaac_ros-dev/install/realsense2_camera_msgs/include/realsense2_camera_msgs/realsense2_camera_msgs/msg/rgbd.h
[0.355s] -- Up-to-date: /workspaces/isaac_ros-dev/install/realsense2_camera_msgs/include/realsense2_camera_msgs/realsense2_camera_msgs/msg/imu_info.h
[0.355s] -- Up-to-date: /workspaces/isaac_ros-dev/install/realsense2_camera_msgs/include/realsense2_camera_msgs/realsense2_camera_msgs/msg/extrinsics.h
[0.355s] -- Up-to-date: /workspaces/isaac_ros-dev/install/realsense2_camera_msgs/include/realsense2_camera_msgs/realsense2_camera_msgs/msg/detail
[0.355s] -- Up-to-date: /workspaces/isaac_ros-dev/install/realsense2_camera_msgs/include/realsense2_camera_msgs/realsense2_camera_msgs/msg/detail/metadata__description.c
[0.355s] -- Up-to-date: /workspaces/isaac_ros-dev/install/realsense2_camera_msgs/include/realsense2_camera_msgs/realsense2_camera_msgs/msg/detail/metadata__struct.h
[0.355s] -- Up-to-date: /workspaces/isaac_ros-dev/install/realsense2_camera_msgs/include/realsense2_camera_msgs/realsense2_camera_msgs/msg/detail/rgbd__type_support.c
[0.355s] -- Up-to-date: /workspaces/isaac_ros-dev/install/realsense2_camera_msgs/include/realsense2_camera_msgs/realsense2_camera_msgs/msg/detail/rgbd__type_support.h
[0.356s] -- Up-to-date: /workspaces/isaac_ros-dev/install/realsense2_camera_msgs/include/realsense2_camera_msgs/realsense2_camera_msgs/msg/detail/rgbd__functions.h
[0.356s] -- Up-to-date: /workspaces/isaac_ros-dev/install/realsense2_camera_msgs/include/realsense2_camera_msgs/realsense2_camera_msgs/msg/detail/imu_info__struct.h
[0.356s] -- Up-to-date: /workspaces/isaac_ros-dev/install/realsense2_camera_msgs/include/realsense2_camera_msgs/realsense2_camera_msgs/msg/detail/extrinsics__type_support.c
[0.356s] -- Up-to-date: /workspaces/isaac_ros-dev/install/realsense2_camera_msgs/include/realsense2_camera_msgs/realsense2_camera_msgs/msg/detail/extrinsics__type_support.h
[0.356s] -- Up-to-date: /workspaces/isaac_ros-dev/install/realsense2_camera_msgs/include/realsense2_camera_msgs/realsense2_camera_msgs/msg/detail/metadata__functions.c
[0.356s] -- Up-to-date: /workspaces/isaac_ros-dev/install/realsense2_camera_msgs/include/realsense2_camera_msgs/realsense2_camera_msgs/msg/detail/extrinsics__functions.h
[0.356s] -- Up-to-date: /workspaces/isaac_ros-dev/install/realsense2_camera_msgs/include/realsense2_camera_msgs/realsense2_camera_msgs/msg/detail/rgbd__struct.h
[0.356s] -- Up-to-date: /workspaces/isaac_ros-dev/install/realsense2_camera_msgs/include/realsense2_camera_msgs/realsense2_camera_msgs/msg/detail/extrinsics__functions.c
[0.356s] -- Up-to-date: /workspaces/isaac_ros-dev/install/realsense2_camera_msgs/include/realsense2_camera_msgs/realsense2_camera_msgs/msg/detail/rgbd__description.c
[0.356s] -- Up-to-date: /workspaces/isaac_ros-dev/install/realsense2_camera_msgs/include/realsense2_camera_msgs/realsense2_camera_msgs/msg/detail/metadata__functions.h
[0.356s] -- Up-to-date: /workspaces/isaac_ros-dev/install/realsense2_camera_msgs/include/realsense2_camera_msgs/realsense2_camera_msgs/msg/detail/imu_info__functions.h
[0.357s] -- Up-to-date: /workspaces/isaac_ros-dev/install/realsense2_camera_msgs/include/realsense2_camera_msgs/realsense2_camera_msgs/msg/detail/imu_info__type_support.h
[0.357s] -- Up-to-date: /workspaces/isaac_ros-dev/install/realsense2_camera_msgs/include/realsense2_camera_msgs/realsense2_camera_msgs/msg/detail/metadata__type_support.c
[0.357s] -- Up-to-date: /workspaces/isaac_ros-dev/install/realsense2_camera_msgs/include/realsense2_camera_msgs/realsense2_camera_msgs/msg/detail/imu_info__functions.c
[0.357s] -- Up-to-date: /workspaces/isaac_ros-dev/install/realsense2_camera_msgs/include/realsense2_camera_msgs/realsense2_camera_msgs/msg/detail/extrinsics__description.c
[0.357s] -- Up-to-date: /workspaces/isaac_ros-dev/install/realsense2_camera_msgs/include/realsense2_camera_msgs/realsense2_camera_msgs/msg/detail/rgbd__functions.c
[0.357s] -- Up-to-date: /workspaces/isaac_ros-dev/install/realsense2_camera_msgs/include/realsense2_camera_msgs/realsense2_camera_msgs/msg/detail/metadata__type_support.h
[0.357s] -- Up-to-date: /workspaces/isaac_ros-dev/install/realsense2_camera_msgs/include/realsense2_camera_msgs/realsense2_camera_msgs/msg/detail/extrinsics__struct.h
[0.357s] -- Up-to-date: /workspaces/isaac_ros-dev/install/realsense2_camera_msgs/include/realsense2_camera_msgs/realsense2_camera_msgs/msg/detail/imu_info__description.c
[0.357s] -- Up-to-date: /workspaces/isaac_ros-dev/install/realsense2_camera_msgs/include/realsense2_camera_msgs/realsense2_camera_msgs/msg/detail/imu_info__type_support.c
[0.358s] -- Up-to-date: /workspaces/isaac_ros-dev/install/realsense2_camera_msgs/include/realsense2_camera_msgs/realsense2_camera_msgs/msg/rosidl_generator_c__visibility_control.h
[0.358s] -- Up-to-date: /workspaces/isaac_ros-dev/install/realsense2_camera_msgs/share/realsense2_camera_msgs/environment/library_path.sh
[0.358s] -- Up-to-date: /workspaces/isaac_ros-dev/install/realsense2_camera_msgs/share/realsense2_camera_msgs/environment/library_path.dsv
[0.358s] -- Up-to-date: /workspaces/isaac_ros-dev/install/realsense2_camera_msgs/lib/librealsense2_camera_msgs__rosidl_generator_c.so
[0.358s] -- Up-to-date: /workspaces/isaac_ros-dev/install/realsense2_camera_msgs/include/realsense2_camera_msgs/realsense2_camera_msgs
[0.358s] -- Up-to-date: /workspaces/isaac_ros-dev/install/realsense2_camera_msgs/include/realsense2_camera_msgs/realsense2_camera_msgs/srv
[0.358s] -- Up-to-date: /workspaces/isaac_ros-dev/install/realsense2_camera_msgs/include/realsense2_camera_msgs/realsense2_camera_msgs/srv/detail
[0.358s] -- Up-to-date: /workspaces/isaac_ros-dev/install/realsense2_camera_msgs/include/realsense2_camera_msgs/realsense2_camera_msgs/srv/detail/device_info__rosidl_typesupport_fastrtps_c.h
[0.358s] -- Up-to-date: /workspaces/isaac_ros-dev/install/realsense2_camera_msgs/include/realsense2_camera_msgs/realsense2_camera_msgs/msg
[0.358s] -- Up-to-date: /workspaces/isaac_ros-dev/install/realsense2_camera_msgs/include/realsense2_camera_msgs/realsense2_camera_msgs/msg/detail
[0.359s] -- Up-to-date: /workspaces/isaac_ros-dev/install/realsense2_camera_msgs/include/realsense2_camera_msgs/realsense2_camera_msgs/msg/detail/rgbd__rosidl_typesupport_fastrtps_c.h
[0.359s] -- Up-to-date: /workspaces/isaac_ros-dev/install/realsense2_camera_msgs/include/realsense2_camera_msgs/realsense2_camera_msgs/msg/detail/metadata__rosidl_typesupport_fastrtps_c.h
[0.359s] -- Up-to-date: /workspaces/isaac_ros-dev/install/realsense2_camera_msgs/include/realsense2_camera_msgs/realsense2_camera_msgs/msg/detail/imu_info__rosidl_typesupport_fastrtps_c.h
[0.359s] -- Up-to-date: /workspaces/isaac_ros-dev/install/realsense2_camera_msgs/include/realsense2_camera_msgs/realsense2_camera_msgs/msg/detail/extrinsics__rosidl_typesupport_fastrtps_c.h
[0.359s] -- Up-to-date: /workspaces/isaac_ros-dev/install/realsense2_camera_msgs/include/realsense2_camera_msgs/realsense2_camera_msgs/msg/rosidl_typesupport_fastrtps_c__visibility_control.h
[0.359s] -- Up-to-date: /workspaces/isaac_ros-dev/install/realsense2_camera_msgs/lib/librealsense2_camera_msgs__rosidl_typesupport_fastrtps_c.so
[0.359s] -- Up-to-date: /workspaces/isaac_ros-dev/install/realsense2_camera_msgs/include/realsense2_camera_msgs/realsense2_camera_msgs
[0.359s] -- Up-to-date: /workspaces/isaac_ros-dev/install/realsense2_camera_msgs/include/realsense2_camera_msgs/realsense2_camera_msgs/srv
[0.359s] -- Up-to-date: /workspaces/isaac_ros-dev/install/realsense2_camera_msgs/include/realsense2_camera_msgs/realsense2_camera_msgs/srv/detail
[0.359s] -- Up-to-date: /workspaces/isaac_ros-dev/install/realsense2_camera_msgs/include/realsense2_camera_msgs/realsense2_camera_msgs/srv/detail/device_info__type_support.c
[0.359s] -- Up-to-date: /workspaces/isaac_ros-dev/install/realsense2_camera_msgs/include/realsense2_camera_msgs/realsense2_camera_msgs/srv/detail/device_info__rosidl_typesupport_introspection_c.h
[0.359s] -- Up-to-date: /workspaces/isaac_ros-dev/install/realsense2_camera_msgs/include/realsense2_camera_msgs/realsense2_camera_msgs/msg
[0.360s] -- Up-to-date: /workspaces/isaac_ros-dev/install/realsense2_camera_msgs/include/realsense2_camera_msgs/realsense2_camera_msgs/msg/rosidl_typesupport_introspection_c__visibility_control.h
[0.360s] -- Up-to-date: /workspaces/isaac_ros-dev/install/realsense2_camera_msgs/include/realsense2_camera_msgs/realsense2_camera_msgs/msg/detail
[0.360s] -- Up-to-date: /workspaces/isaac_ros-dev/install/realsense2_camera_msgs/include/realsense2_camera_msgs/realsense2_camera_msgs/msg/detail/rgbd__type_support.c
[0.360s] -- Up-to-date: /workspaces/isaac_ros-dev/install/realsense2_camera_msgs/include/realsense2_camera_msgs/realsense2_camera_msgs/msg/detail/extrinsics__rosidl_typesupport_introspection_c.h
[0.360s] -- Up-to-date: /workspaces/isaac_ros-dev/install/realsense2_camera_msgs/include/realsense2_camera_msgs/realsense2_camera_msgs/msg/detail/extrinsics__type_support.c
[0.360s] -- Up-to-date: /workspaces/isaac_ros-dev/install/realsense2_camera_msgs/include/realsense2_camera_msgs/realsense2_camera_msgs/msg/detail/imu_info__rosidl_typesupport_introspection_c.h
[0.360s] -- Up-to-date: /workspaces/isaac_ros-dev/install/realsense2_camera_msgs/include/realsense2_camera_msgs/realsense2_camera_msgs/msg/detail/rgbd__rosidl_typesupport_introspection_c.h
[0.360s] -- Up-to-date: /workspaces/isaac_ros-dev/install/realsense2_camera_msgs/include/realsense2_camera_msgs/realsense2_camera_msgs/msg/detail/metadata__rosidl_typesupport_introspection_c.h
[0.360s] -- Up-to-date: /workspaces/isaac_ros-dev/install/realsense2_camera_msgs/include/realsense2_camera_msgs/realsense2_camera_msgs/msg/detail/metadata__type_support.c
[0.360s] -- Up-to-date: /workspaces/isaac_ros-dev/install/realsense2_camera_msgs/include/realsense2_camera_msgs/realsense2_camera_msgs/msg/detail/imu_info__type_support.c
[0.361s] -- Up-to-date: /workspaces/isaac_ros-dev/install/realsense2_camera_msgs/lib/librealsense2_camera_msgs__rosidl_typesupport_introspection_c.so
[0.361s] -- Up-to-date: /workspaces/isaac_ros-dev/install/realsense2_camera_msgs/lib/librealsense2_camera_msgs__rosidl_typesupport_c.so
[0.361s] -- Up-to-date: /workspaces/isaac_ros-dev/install/realsense2_camera_msgs/include/realsense2_camera_msgs/realsense2_camera_msgs
[0.361s] -- Up-to-date: /workspaces/isaac_ros-dev/install/realsense2_camera_msgs/include/realsense2_camera_msgs/realsense2_camera_msgs/srv
[0.361s] -- Up-to-date: /workspaces/isaac_ros-dev/install/realsense2_camera_msgs/include/realsense2_camera_msgs/realsense2_camera_msgs/srv/detail
[0.361s] -- Up-to-date: /workspaces/isaac_ros-dev/install/realsense2_camera_msgs/include/realsense2_camera_msgs/realsense2_camera_msgs/srv/detail/device_info__type_support.hpp
[0.361s] -- Up-to-date: /workspaces/isaac_ros-dev/install/realsense2_camera_msgs/include/realsense2_camera_msgs/realsense2_camera_msgs/srv/detail/device_info__builder.hpp
[0.361s] -- Up-to-date: /workspaces/isaac_ros-dev/install/realsense2_camera_msgs/include/realsense2_camera_msgs/realsense2_camera_msgs/srv/detail/device_info__struct.hpp
[0.361s] -- Up-to-date: /workspaces/isaac_ros-dev/install/realsense2_camera_msgs/include/realsense2_camera_msgs/realsense2_camera_msgs/srv/detail/device_info__traits.hpp
[0.361s] -- Up-to-date: /workspaces/isaac_ros-dev/install/realsense2_camera_msgs/include/realsense2_camera_msgs/realsense2_camera_msgs/srv/device_info.hpp
[0.361s] -- Up-to-date: /workspaces/isaac_ros-dev/install/realsense2_camera_msgs/include/realsense2_camera_msgs/realsense2_camera_msgs/msg
[0.361s] -- Up-to-date: /workspaces/isaac_ros-dev/install/realsense2_camera_msgs/include/realsense2_camera_msgs/realsense2_camera_msgs/msg/imu_info.hpp
[0.362s] -- Up-to-date: /workspaces/isaac_ros-dev/install/realsense2_camera_msgs/include/realsense2_camera_msgs/realsense2_camera_msgs/msg/rgbd.hpp
[0.362s] -- Up-to-date: /workspaces/isaac_ros-dev/install/realsense2_camera_msgs/include/realsense2_camera_msgs/realsense2_camera_msgs/msg/rosidl_generator_cpp__visibility_control.hpp
[0.362s] -- Up-to-date: /workspaces/isaac_ros-dev/install/realsense2_camera_msgs/include/realsense2_camera_msgs/realsense2_camera_msgs/msg/metadata.hpp
[0.362s] -- Up-to-date: /workspaces/isaac_ros-dev/install/realsense2_camera_msgs/include/realsense2_camera_msgs/realsense2_camera_msgs/msg/extrinsics.hpp
[0.362s] -- Up-to-date: /workspaces/isaac_ros-dev/install/realsense2_camera_msgs/include/realsense2_camera_msgs/realsense2_camera_msgs/msg/detail
[0.362s] -- Up-to-date: /workspaces/isaac_ros-dev/install/realsense2_camera_msgs/include/realsense2_camera_msgs/realsense2_camera_msgs/msg/detail/imu_info__traits.hpp
[0.362s] -- Up-to-date: /workspaces/isaac_ros-dev/install/realsense2_camera_msgs/include/realsense2_camera_msgs/realsense2_camera_msgs/msg/detail/rgbd__struct.hpp
[0.362s] -- Up-to-date: /workspaces/isaac_ros-dev/install/realsense2_camera_msgs/include/realsense2_camera_msgs/realsense2_camera_msgs/msg/detail/rgbd__traits.hpp
[0.362s] -- Up-to-date: /workspaces/isaac_ros-dev/install/realsense2_camera_msgs/include/realsense2_camera_msgs/realsense2_camera_msgs/msg/detail/metadata__struct.hpp
[0.362s] -- Up-to-date: /workspaces/isaac_ros-dev/install/realsense2_camera_msgs/include/realsense2_camera_msgs/realsense2_camera_msgs/msg/detail/imu_info__builder.hpp
[0.362s] -- Up-to-date: /workspaces/isaac_ros-dev/install/realsense2_camera_msgs/include/realsense2_camera_msgs/realsense2_camera_msgs/msg/detail/rgbd__type_support.hpp
[0.362s] -- Up-to-date: /workspaces/isaac_ros-dev/install/realsense2_camera_msgs/include/realsense2_camera_msgs/realsense2_camera_msgs/msg/detail/metadata__traits.hpp
[0.363s] -- Up-to-date: /workspaces/isaac_ros-dev/install/realsense2_camera_msgs/include/realsense2_camera_msgs/realsense2_camera_msgs/msg/detail/extrinsics__struct.hpp
[0.363s] -- Up-to-date: /workspaces/isaac_ros-dev/install/realsense2_camera_msgs/include/realsense2_camera_msgs/realsense2_camera_msgs/msg/detail/extrinsics__type_support.hpp
[0.363s] -- Up-to-date: /workspaces/isaac_ros-dev/install/realsense2_camera_msgs/include/realsense2_camera_msgs/realsense2_camera_msgs/msg/detail/extrinsics__traits.hpp
[0.363s] -- Up-to-date: /workspaces/isaac_ros-dev/install/realsense2_camera_msgs/include/realsense2_camera_msgs/realsense2_camera_msgs/msg/detail/rgbd__builder.hpp
[0.363s] -- Up-to-date: /workspaces/isaac_ros-dev/install/realsense2_camera_msgs/include/realsense2_camera_msgs/realsense2_camera_msgs/msg/detail/metadata__type_support.hpp
[0.363s] -- Up-to-date: /workspaces/isaac_ros-dev/install/realsense2_camera_msgs/include/realsense2_camera_msgs/realsense2_camera_msgs/msg/detail/imu_info__struct.hpp
[0.363s] -- Up-to-date: /workspaces/isaac_ros-dev/install/realsense2_camera_msgs/include/realsense2_camera_msgs/realsense2_camera_msgs/msg/detail/extrinsics__builder.hpp
[0.363s] -- Up-to-date: /workspaces/isaac_ros-dev/install/realsense2_camera_msgs/include/realsense2_camera_msgs/realsense2_camera_msgs/msg/detail/metadata__builder.hpp
[0.363s] -- Up-to-date: /workspaces/isaac_ros-dev/install/realsense2_camera_msgs/include/realsense2_camera_msgs/realsense2_camera_msgs/msg/detail/imu_info__type_support.hpp
[0.363s] -- Up-to-date: /workspaces/isaac_ros-dev/install/realsense2_camera_msgs/include/realsense2_camera_msgs/realsense2_camera_msgs
[0.363s] -- Up-to-date: /workspaces/isaac_ros-dev/install/realsense2_camera_msgs/include/realsense2_camera_msgs/realsense2_camera_msgs/srv
[0.363s] -- Up-to-date: /workspaces/isaac_ros-dev/install/realsense2_camera_msgs/include/realsense2_camera_msgs/realsense2_camera_msgs/srv/detail
[0.363s] -- Up-to-date: /workspaces/isaac_ros-dev/install/realsense2_camera_msgs/include/realsense2_camera_msgs/realsense2_camera_msgs/srv/detail/dds_fastrtps
[0.364s] -- Up-to-date: /workspaces/isaac_ros-dev/install/realsense2_camera_msgs/include/realsense2_camera_msgs/realsense2_camera_msgs/srv/detail/device_info__rosidl_typesupport_fastrtps_cpp.hpp
[0.364s] -- Up-to-date: /workspaces/isaac_ros-dev/install/realsense2_camera_msgs/include/realsense2_camera_msgs/realsense2_camera_msgs/msg
[0.364s] -- Up-to-date: /workspaces/isaac_ros-dev/install/realsense2_camera_msgs/include/realsense2_camera_msgs/realsense2_camera_msgs/msg/rosidl_typesupport_fastrtps_cpp__visibility_control.h
[0.364s] -- Up-to-date: /workspaces/isaac_ros-dev/install/realsense2_camera_msgs/include/realsense2_camera_msgs/realsense2_camera_msgs/msg/detail
[0.364s] -- Up-to-date: /workspaces/isaac_ros-dev/install/realsense2_camera_msgs/include/realsense2_camera_msgs/realsense2_camera_msgs/msg/detail/extrinsics__rosidl_typesupport_fastrtps_cpp.hpp
[0.364s] -- Up-to-date: /workspaces/isaac_ros-dev/install/realsense2_camera_msgs/include/realsense2_camera_msgs/realsense2_camera_msgs/msg/detail/rgbd__rosidl_typesupport_fastrtps_cpp.hpp
[0.364s] -- Up-to-date: /workspaces/isaac_ros-dev/install/realsense2_camera_msgs/include/realsense2_camera_msgs/realsense2_camera_msgs/msg/detail/dds_fastrtps
[0.364s] -- Up-to-date: /workspaces/isaac_ros-dev/install/realsense2_camera_msgs/include/realsense2_camera_msgs/realsense2_camera_msgs/msg/detail/metadata__rosidl_typesupport_fastrtps_cpp.hpp
[0.364s] -- Up-to-date: /workspaces/isaac_ros-dev/install/realsense2_camera_msgs/include/realsense2_camera_msgs/realsense2_camera_msgs/msg/detail/imu_info__rosidl_typesupport_fastrtps_cpp.hpp
[0.364s] -- Up-to-date: /workspaces/isaac_ros-dev/install/realsense2_camera_msgs/lib/librealsense2_camera_msgs__rosidl_typesupport_fastrtps_cpp.so
[0.364s] -- Up-to-date: /workspaces/isaac_ros-dev/install/realsense2_camera_msgs/include/realsense2_camera_msgs/realsense2_camera_msgs
[0.364s] -- Up-to-date: /workspaces/isaac_ros-dev/install/realsense2_camera_msgs/include/realsense2_camera_msgs/realsense2_camera_msgs/srv
[0.365s] -- Up-to-date: /workspaces/isaac_ros-dev/install/realsense2_camera_msgs/include/realsense2_camera_msgs/realsense2_camera_msgs/srv/detail
[0.365s] -- Up-to-date: /workspaces/isaac_ros-dev/install/realsense2_camera_msgs/include/realsense2_camera_msgs/realsense2_camera_msgs/srv/detail/device_info__rosidl_typesupport_introspection_cpp.hpp
[0.365s] -- Up-to-date: /workspaces/isaac_ros-dev/install/realsense2_camera_msgs/include/realsense2_camera_msgs/realsense2_camera_msgs/srv/detail/device_info__type_support.cpp
[0.365s] -- Up-to-date: /workspaces/isaac_ros-dev/install/realsense2_camera_msgs/include/realsense2_camera_msgs/realsense2_camera_msgs/msg
[0.365s] -- Up-to-date: /workspaces/isaac_ros-dev/install/realsense2_camera_msgs/include/realsense2_camera_msgs/realsense2_camera_msgs/msg/detail
[0.365s] -- Up-to-date: /workspaces/isaac_ros-dev/install/realsense2_camera_msgs/include/realsense2_camera_msgs/realsense2_camera_msgs/msg/detail/metadata__rosidl_typesupport_introspection_cpp.hpp
[0.365s] -- Up-to-date: /workspaces/isaac_ros-dev/install/realsense2_camera_msgs/include/realsense2_camera_msgs/realsense2_camera_msgs/msg/detail/extrinsics__rosidl_typesupport_introspection_cpp.hpp
[0.365s] -- Up-to-date: /workspaces/isaac_ros-dev/install/realsense2_camera_msgs/include/realsense2_camera_msgs/realsense2_camera_msgs/msg/detail/imu_info__rosidl_typesupport_introspection_cpp.hpp
[0.365s] -- Up-to-date: /workspaces/isaac_ros-dev/install/realsense2_camera_msgs/include/realsense2_camera_msgs/realsense2_camera_msgs/msg/detail/rgbd__type_support.cpp
[0.365s] -- Up-to-date: /workspaces/isaac_ros-dev/install/realsense2_camera_msgs/include/realsense2_camera_msgs/realsense2_camera_msgs/msg/detail/rgbd__rosidl_typesupport_introspection_cpp.hpp
[0.365s] -- Up-to-date: /workspaces/isaac_ros-dev/install/realsense2_camera_msgs/include/realsense2_camera_msgs/realsense2_camera_msgs/msg/detail/imu_info__type_support.cpp
[0.365s] -- Up-to-date: /workspaces/isaac_ros-dev/install/realsense2_camera_msgs/include/realsense2_camera_msgs/realsense2_camera_msgs/msg/detail/metadata__type_support.cpp
[0.365s] -- Up-to-date: /workspaces/isaac_ros-dev/install/realsense2_camera_msgs/include/realsense2_camera_msgs/realsense2_camera_msgs/msg/detail/extrinsics__type_support.cpp
[0.366s] -- Up-to-date: /workspaces/isaac_ros-dev/install/realsense2_camera_msgs/lib/librealsense2_camera_msgs__rosidl_typesupport_introspection_cpp.so
[0.366s] -- Up-to-date: /workspaces/isaac_ros-dev/install/realsense2_camera_msgs/lib/librealsense2_camera_msgs__rosidl_typesupport_cpp.so
[0.366s] -- Up-to-date: /workspaces/isaac_ros-dev/install/realsense2_camera_msgs/share/realsense2_camera_msgs/environment/pythonpath.sh
[0.366s] -- Up-to-date: /workspaces/isaac_ros-dev/install/realsense2_camera_msgs/share/realsense2_camera_msgs/environment/pythonpath.dsv
[0.366s] -- Up-to-date: /workspaces/isaac_ros-dev/install/realsense2_camera_msgs/lib/python3.12/site-packages/realsense2_camera_msgs-4.55.1-py3.12.egg-info
[0.366s] -- Installing: /workspaces/isaac_ros-dev/install/realsense2_camera_msgs/lib/python3.12/site-packages/realsense2_camera_msgs-4.55.1-py3.12.egg-info/SOURCES.txt
[0.366s] -- Installing: /workspaces/isaac_ros-dev/install/realsense2_camera_msgs/lib/python3.12/site-packages/realsense2_camera_msgs-4.55.1-py3.12.egg-info/top_level.txt
[0.366s] -- Installing: /workspaces/isaac_ros-dev/install/realsense2_camera_msgs/lib/python3.12/site-packages/realsense2_camera_msgs-4.55.1-py3.12.egg-info/dependency_links.txt
[0.366s] -- Installing: /workspaces/isaac_ros-dev/install/realsense2_camera_msgs/lib/python3.12/site-packages/realsense2_camera_msgs-4.55.1-py3.12.egg-info/PKG-INFO
[0.366s] -- Up-to-date: /workspaces/isaac_ros-dev/install/realsense2_camera_msgs/lib/python3.12/site-packages/realsense2_camera_msgs
[0.366s] -- Up-to-date: /workspaces/isaac_ros-dev/install/realsense2_camera_msgs/lib/python3.12/site-packages/realsense2_camera_msgs/_realsense2_camera_msgs_s.ep.rosidl_typesupport_c.c
[0.366s] -- Up-to-date: /workspaces/isaac_ros-dev/install/realsense2_camera_msgs/lib/python3.12/site-packages/realsense2_camera_msgs/realsense2_camera_msgs_s__rosidl_typesupport_c.so
[0.366s] -- Up-to-date: /workspaces/isaac_ros-dev/install/realsense2_camera_msgs/lib/python3.12/site-packages/realsense2_camera_msgs/realsense2_camera_msgs_s__rosidl_typesupport_fastrtps_c.so
[0.367s] -- Up-to-date: /workspaces/isaac_ros-dev/install/realsense2_camera_msgs/lib/python3.12/site-packages/realsense2_camera_msgs/srv
[0.367s] -- Up-to-date: /workspaces/isaac_ros-dev/install/realsense2_camera_msgs/lib/python3.12/site-packages/realsense2_camera_msgs/srv/_device_info_s.c
[0.367s] -- Up-to-date: /workspaces/isaac_ros-dev/install/realsense2_camera_msgs/lib/python3.12/site-packages/realsense2_camera_msgs/srv/__init__.py
[0.367s] -- Up-to-date: /workspaces/isaac_ros-dev/install/realsense2_camera_msgs/lib/python3.12/site-packages/realsense2_camera_msgs/srv/_device_info.py
[0.367s] -- Up-to-date: /workspaces/isaac_ros-dev/install/realsense2_camera_msgs/lib/python3.12/site-packages/realsense2_camera_msgs/__init__.py
[0.367s] -- Up-to-date: /workspaces/isaac_ros-dev/install/realsense2_camera_msgs/lib/python3.12/site-packages/realsense2_camera_msgs/_realsense2_camera_msgs_s.ep.rosidl_typesupport_introspection_c.c
[0.367s] -- Up-to-date: /workspaces/isaac_ros-dev/install/realsense2_camera_msgs/lib/python3.12/site-packages/realsense2_camera_msgs/msg
[0.367s] -- Up-to-date: /workspaces/isaac_ros-dev/install/realsense2_camera_msgs/lib/python3.12/site-packages/realsense2_camera_msgs/msg/_imu_info_s.c
[0.367s] -- Up-to-date: /workspaces/isaac_ros-dev/install/realsense2_camera_msgs/lib/python3.12/site-packages/realsense2_camera_msgs/msg/_extrinsics_s.c
[0.367s] -- Up-to-date: /workspaces/isaac_ros-dev/install/realsense2_camera_msgs/lib/python3.12/site-packages/realsense2_camera_msgs/msg/_rgbd_s.c
[0.367s] -- Up-to-date: /workspaces/isaac_ros-dev/install/realsense2_camera_msgs/lib/python3.12/site-packages/realsense2_camera_msgs/msg/_imu_info.py
[0.367s] -- Up-to-date: /workspaces/isaac_ros-dev/install/realsense2_camera_msgs/lib/python3.12/site-packages/realsense2_camera_msgs/msg/_metadata_s.c
[0.367s] -- Up-to-date: /workspaces/isaac_ros-dev/install/realsense2_camera_msgs/lib/python3.12/site-packages/realsense2_camera_msgs/msg/__init__.py
[0.368s] -- Up-to-date: /workspaces/isaac_ros-dev/install/realsense2_camera_msgs/lib/python3.12/site-packages/realsense2_camera_msgs/msg/_metadata.py
[0.368s] -- Up-to-date: /workspaces/isaac_ros-dev/install/realsense2_camera_msgs/lib/python3.12/site-packages/realsense2_camera_msgs/msg/_rgbd.py
[0.368s] -- Up-to-date: /workspaces/isaac_ros-dev/install/realsense2_camera_msgs/lib/python3.12/site-packages/realsense2_camera_msgs/msg/_extrinsics.py
[0.368s] -- Up-to-date: /workspaces/isaac_ros-dev/install/realsense2_camera_msgs/lib/python3.12/site-packages/realsense2_camera_msgs/_realsense2_camera_msgs_s.ep.rosidl_typesupport_fastrtps_c.c
[0.368s] -- Up-to-date: /workspaces/isaac_ros-dev/install/realsense2_camera_msgs/lib/python3.12/site-packages/realsense2_camera_msgs/realsense2_camera_msgs_s__rosidl_typesupport_introspection_c.so
[0.391s] Listing '/workspaces/isaac_ros-dev/install/realsense2_camera_msgs/lib/python3.12/site-packages/realsense2_camera_msgs'...
[0.391s] Listing '/workspaces/isaac_ros-dev/install/realsense2_camera_msgs/lib/python3.12/site-packages/realsense2_camera_msgs/msg'...
[0.391s] Listing '/workspaces/isaac_ros-dev/install/realsense2_camera_msgs/lib/python3.12/site-packages/realsense2_camera_msgs/srv'...
[0.396s] -- Up-to-date: /workspaces/isaac_ros-dev/install/realsense2_camera_msgs/lib/python3.12/site-packages/realsense2_camera_msgs/realsense2_camera_msgs_s__rosidl_typesupport_fastrtps_c.so
[0.396s] -- Up-to-date: /workspaces/isaac_ros-dev/install/realsense2_camera_msgs/lib/python3.12/site-packages/realsense2_camera_msgs/realsense2_camera_msgs_s__rosidl_typesupport_introspection_c.so
[0.396s] -- Up-to-date: /workspaces/isaac_ros-dev/install/realsense2_camera_msgs/lib/python3.12/site-packages/realsense2_camera_msgs/realsense2_camera_msgs_s__rosidl_typesupport_c.so
[0.397s] -- Up-to-date: /workspaces/isaac_ros-dev/install/realsense2_camera_msgs/lib/librealsense2_camera_msgs__rosidl_generator_py.so
[0.397s] -- Up-to-date: /workspaces/isaac_ros-dev/install/realsense2_camera_msgs/share/ament_index/resource_index/rust_packages/realsense2_camera_msgs
[0.397s] -- Up-to-date: /workspaces/isaac_ros-dev/install/realsense2_camera_msgs/share/realsense2_camera_msgs/rust
[0.397s] -- Up-to-date: /workspaces/isaac_ros-dev/install/realsense2_camera_msgs/share/realsense2_camera_msgs/rust/Cargo.toml
[0.397s] -- Up-to-date: /workspaces/isaac_ros-dev/install/realsense2_camera_msgs/share/realsense2_camera_msgs/rust/src
[0.398s] -- Up-to-date: /workspaces/isaac_ros-dev/install/realsense2_camera_msgs/share/realsense2_camera_msgs/rust/src/lib.rs
[0.398s] -- Up-to-date: /workspaces/isaac_ros-dev/install/realsense2_camera_msgs/share/realsense2_camera_msgs/rust/src/srv.rs
[0.398s] -- Up-to-date: /workspaces/isaac_ros-dev/install/realsense2_camera_msgs/share/realsense2_camera_msgs/rust/src/srv
[0.398s] -- Up-to-date: /workspaces/isaac_ros-dev/install/realsense2_camera_msgs/share/realsense2_camera_msgs/rust/src/srv/rmw.rs
[0.398s] -- Up-to-date: /workspaces/isaac_ros-dev/install/realsense2_camera_msgs/share/realsense2_camera_msgs/rust/src/msg
[0.398s] -- Up-to-date: /workspaces/isaac_ros-dev/install/realsense2_camera_msgs/share/realsense2_camera_msgs/rust/src/msg/rmw.rs
[0.398s] -- Up-to-date: /workspaces/isaac_ros-dev/install/realsense2_camera_msgs/share/realsense2_camera_msgs/rust/src/msg.rs
[0.399s] -- Up-to-date: /workspaces/isaac_ros-dev/install/realsense2_camera_msgs/share/realsense2_camera_msgs/rust/build.rs
[0.399s] -- Up-to-date: /workspaces/isaac_ros-dev/install/realsense2_camera_msgs/share/realsense2_camera_msgs/msg/IMUInfo.idl
[0.399s] -- Up-to-date: /workspaces/isaac_ros-dev/install/realsense2_camera_msgs/share/realsense2_camera_msgs/msg/Extrinsics.idl
[0.399s] -- Up-to-date: /workspaces/isaac_ros-dev/install/realsense2_camera_msgs/share/realsense2_camera_msgs/msg/Metadata.idl
[0.399s] -- Up-to-date: /workspaces/isaac_ros-dev/install/realsense2_camera_msgs/share/realsense2_camera_msgs/msg/RGBD.idl
[0.399s] -- Up-to-date: /workspaces/isaac_ros-dev/install/realsense2_camera_msgs/share/realsense2_camera_msgs/srv/DeviceInfo.idl
[0.399s] -- Up-to-date: /workspaces/isaac_ros-dev/install/realsense2_camera_msgs/share/realsense2_camera_msgs/msg/IMUInfo.msg
[0.399s] -- Up-to-date: /workspaces/isaac_ros-dev/install/realsense2_camera_msgs/share/realsense2_camera_msgs/msg/Extrinsics.msg
[0.399s] -- Up-to-date: /workspaces/isaac_ros-dev/install/realsense2_camera_msgs/share/realsense2_camera_msgs/msg/Metadata.msg
[0.399s] -- Up-to-date: /workspaces/isaac_ros-dev/install/realsense2_camera_msgs/share/realsense2_camera_msgs/msg/RGBD.msg
[0.400s] -- Up-to-date: /workspaces/isaac_ros-dev/install/realsense2_camera_msgs/share/realsense2_camera_msgs/srv/DeviceInfo.srv
[0.400s] -- Up-to-date: /workspaces/isaac_ros-dev/install/realsense2_camera_msgs/share/ament_index/resource_index/package_run_dependencies/realsense2_camera_msgs
[0.400s] -- Up-to-date: /workspaces/isaac_ros-dev/install/realsense2_camera_msgs/share/ament_index/resource_index/parent_prefix_path/realsense2_camera_msgs
[0.400s] -- Up-to-date: /workspaces/isaac_ros-dev/install/realsense2_camera_msgs/share/realsense2_camera_msgs/environment/ament_prefix_path.sh
[0.400s] -- Up-to-date: /workspaces/isaac_ros-dev/install/realsense2_camera_msgs/share/realsense2_camera_msgs/environment/ament_prefix_path.dsv
[0.400s] -- Up-to-date: /workspaces/isaac_ros-dev/install/realsense2_camera_msgs/share/realsense2_camera_msgs/environment/path.sh
[0.400s] -- Up-to-date: /workspaces/isaac_ros-dev/install/realsense2_camera_msgs/share/realsense2_camera_msgs/environment/path.dsv
[0.400s] -- Up-to-date: /workspaces/isaac_ros-dev/install/realsense2_camera_msgs/share/realsense2_camera_msgs/local_setup.bash
[0.400s] -- Up-to-date: /workspaces/isaac_ros-dev/install/realsense2_camera_msgs/share/realsense2_camera_msgs/local_setup.sh
[0.401s] -- Up-to-date: /workspaces/isaac_ros-dev/install/realsense2_camera_msgs/share/realsense2_camera_msgs/local_setup.zsh
[0.401s] -- Up-to-date: /workspaces/isaac_ros-dev/install/realsense2_camera_msgs/share/realsense2_camera_msgs/local_setup.dsv
[0.401s] -- Installing: /workspaces/isaac_ros-dev/install/realsense2_camera_msgs/share/realsense2_camera_msgs/package.dsv
[0.401s] -- Up-to-date: /workspaces/isaac_ros-dev/install/realsense2_camera_msgs/share/ament_index/resource_index/packages/realsense2_camera_msgs
[0.401s] -- Up-to-date: /workspaces/isaac_ros-dev/install/realsense2_camera_msgs/share/realsense2_camera_msgs/cmake/export_realsense2_camera_msgs__rosidl_generator_cExport.cmake
[0.401s] -- Up-to-date: /workspaces/isaac_ros-dev/install/realsense2_camera_msgs/share/realsense2_camera_msgs/cmake/export_realsense2_camera_msgs__rosidl_generator_cExport-noconfig.cmake
[0.401s] -- Up-to-date: /workspaces/isaac_ros-dev/install/realsense2_camera_msgs/share/realsense2_camera_msgs/cmake/export_realsense2_camera_msgs__rosidl_typesupport_fastrtps_cExport.cmake
[0.401s] -- Up-to-date: /workspaces/isaac_ros-dev/install/realsense2_camera_msgs/share/realsense2_camera_msgs/cmake/export_realsense2_camera_msgs__rosidl_typesupport_fastrtps_cExport-noconfig.cmake
[0.401s] -- Up-to-date: /workspaces/isaac_ros-dev/install/realsense2_camera_msgs/share/realsense2_camera_msgs/cmake/realsense2_camera_msgs__rosidl_typesupport_introspection_cExport.cmake
[0.401s] -- Up-to-date: /workspaces/isaac_ros-dev/install/realsense2_camera_msgs/share/realsense2_camera_msgs/cmake/realsense2_camera_msgs__rosidl_typesupport_introspection_cExport-noconfig.cmake
[0.401s] -- Up-to-date: /workspaces/isaac_ros-dev/install/realsense2_camera_msgs/share/realsense2_camera_msgs/cmake/realsense2_camera_msgs__rosidl_typesupport_cExport.cmake
[0.402s] -- Up-to-date: /workspaces/isaac_ros-dev/install/realsense2_camera_msgs/share/realsense2_camera_msgs/cmake/realsense2_camera_msgs__rosidl_typesupport_cExport-noconfig.cmake
[0.402s] -- Up-to-date: /workspaces/isaac_ros-dev/install/realsense2_camera_msgs/share/realsense2_camera_msgs/cmake/export_realsense2_camera_msgs__rosidl_generator_cppExport.cmake
[0.402s] -- Up-to-date: /workspaces/isaac_ros-dev/install/realsense2_camera_msgs/share/realsense2_camera_msgs/cmake/export_realsense2_camera_msgs__rosidl_typesupport_fastrtps_cppExport.cmake
[0.402s] -- Up-to-date: /workspaces/isaac_ros-dev/install/realsense2_camera_msgs/share/realsense2_camera_msgs/cmake/export_realsense2_camera_msgs__rosidl_typesupport_fastrtps_cppExport-noconfig.cmake
[0.402s] -- Up-to-date: /workspaces/isaac_ros-dev/install/realsense2_camera_msgs/share/realsense2_camera_msgs/cmake/realsense2_camera_msgs__rosidl_typesupport_introspection_cppExport.cmake
[0.402s] -- Up-to-date: /workspaces/isaac_ros-dev/install/realsense2_camera_msgs/share/realsense2_camera_msgs/cmake/realsense2_camera_msgs__rosidl_typesupport_introspection_cppExport-noconfig.cmake
[0.402s] -- Up-to-date: /workspaces/isaac_ros-dev/install/realsense2_camera_msgs/share/realsense2_camera_msgs/cmake/realsense2_camera_msgs__rosidl_typesupport_cppExport.cmake
[0.402s] -- Up-to-date: /workspaces/isaac_ros-dev/install/realsense2_camera_msgs/share/realsense2_camera_msgs/cmake/realsense2_camera_msgs__rosidl_typesupport_cppExport-noconfig.cmake
[0.402s] -- Up-to-date: /workspaces/isaac_ros-dev/install/realsense2_camera_msgs/share/realsense2_camera_msgs/cmake/export_realsense2_camera_msgs__rosidl_generator_pyExport.cmake
[0.402s] -- Up-to-date: /workspaces/isaac_ros-dev/install/realsense2_camera_msgs/share/realsense2_camera_msgs/cmake/export_realsense2_camera_msgs__rosidl_generator_pyExport-noconfig.cmake
[0.402s] -- Up-to-date: /workspaces/isaac_ros-dev/install/realsense2_camera_msgs/share/realsense2_camera_msgs/cmake/rosidl_cmake-extras.cmake
[0.402s] -- Up-to-date: /workspaces/isaac_ros-dev/install/realsense2_camera_msgs/share/realsense2_camera_msgs/cmake/ament_cmake_export_dependencies-extras.cmake
[0.403s] -- Up-to-date: /workspaces/isaac_ros-dev/install/realsense2_camera_msgs/share/realsense2_camera_msgs/cmake/ament_cmake_export_include_directories-extras.cmake
[0.403s] -- Up-to-date: /workspaces/isaac_ros-dev/install/realsense2_camera_msgs/share/realsense2_camera_msgs/cmake/ament_cmake_export_libraries-extras.cmake
[0.403s] -- Up-to-date: /workspaces/isaac_ros-dev/install/realsense2_camera_msgs/share/realsense2_camera_msgs/cmake/ament_cmake_export_targets-extras.cmake
[0.403s] -- Up-to-date: /workspaces/isaac_ros-dev/install/realsense2_camera_msgs/share/realsense2_camera_msgs/cmake/rosidl_cmake_export_typesupport_targets-extras.cmake
[0.403s] -- Up-to-date: /workspaces/isaac_ros-dev/install/realsense2_camera_msgs/share/realsense2_camera_msgs/cmake/rosidl_cmake_export_typesupport_libraries-extras.cmake
[0.403s] -- Up-to-date: /workspaces/isaac_ros-dev/install/realsense2_camera_msgs/share/realsense2_camera_msgs/cmake/realsense2_camera_msgsConfig.cmake
[0.403s] -- Up-to-date: /workspaces/isaac_ros-dev/install/realsense2_camera_msgs/share/realsense2_camera_msgs/cmake/realsense2_camera_msgsConfig-version.cmake
[0.404s] -- Up-to-date: /workspaces/isaac_ros-dev/install/realsense2_camera_msgs/share/realsense2_camera_msgs/package.xml
[0.404s] Invoked command in '/workspaces/isaac_ros-dev/build/realsense2_camera_msgs' returned '0': CMAKE_PREFIX_PATH=/opt/ros/jazzy /usr/bin/cmake --install /workspaces/isaac_ros-dev/build/realsense2_camera_msgs
